scan.ini: [scan]
scan.ini: tool = csmock
scan.ini: tool-version = csmock-3.1.0.20211126.090206.ga7412e7-1.fc34
scan.ini: tool-args = '/usr/bin/csmock' '-o' '/home/kdudka/git/aufover-benchmark/workdir-for-sync/rpm-pkgs/gzip-1.10-5.fc35/symbiotic/output' '-f' '/home/kdudka/git/aufover-benchmark/workdir-for-sync/rpm-pkgs/gzip-1.10-5.fc35/gzip-1.10-5.fc35.src.rpm' '-r' 'fedora-35-x86_64' '-t' 'symbiotic' '--symbiotic-timeout=8' '--keep-going'
scan.ini: host = f34
scan.ini: store-results-to = /home/kdudka/git/aufover-benchmark/workdir-for-sync/rpm-pkgs/gzip-1.10-5.fc35/symbiotic/output
scan.ini: time-created = 2021-11-29 15:06:26
scan.ini: enabled-plugins = symbiotic, gcc
scan.ini: mock-config = fedora-35-x86_64
scan.ini: project-name = gzip-1.10-5.fc35
scan.ini: known-false-positives = /usr/share/csmock/known-false-positives.js
>>> 2021-11-29 15:06:26	"rpm -qa | sort -V > '/home/kdudka/git/aufover-benchmark/workdir-for-sync/rpm-pkgs/gzip-1.10-5.fc35/symbiotic/output/debug/rpm-list-host.txt'"

>>> 2021-11-29 15:06:26	"/usr/bin/mock-unbuffered" "-r" "fedora-35-x86_64" "--plugin-option=tmpfs:keep_mounted=True" "--config-opts=print_main_output=True" "--init"
INFO: mock.py version 2.13 starting (python version = 3.9.7, NVR = mock-2.13-1.kdudka.1.fc34)...
Start(bootstrap): init plugins
INFO: selinux enabled
Finish(bootstrap): init plugins
Start: init plugins
INFO: selinux enabled
Finish: init plugins
INFO: Signal handler active
Start: run
Start: clean chroot
Finish: clean chroot
Start(bootstrap): chroot init
INFO: calling preinit hooks
INFO: enabled root cache
INFO: enabled package manager cache
Start(bootstrap): cleaning package manager metadata
Finish(bootstrap): cleaning package manager metadata
INFO: enabled HW Info plugin
Mock Version: 2.13
INFO: Mock Version: 2.13
Finish(bootstrap): chroot init
Start: chroot init
INFO: calling preinit hooks
INFO: enabled root cache
Start: unpacking root cache
Finish: unpacking root cache
INFO: enabled package manager cache
Start: cleaning package manager metadata
Finish: cleaning package manager metadata
INFO: enabled HW Info plugin
Mock Version: 2.13
INFO: Mock Version: 2.13
Finish: chroot init
Finish: run

>>> 2021-11-29 15:06:29	"/usr/bin/mock-unbuffered" "-r" "fedora-35-x86_64" "--plugin-option=tmpfs:keep_mounted=True" "--config-opts=print_main_output=True" "--quiet" "--installdeps" "/tmp/csmockhyt_32go/gzip-1.10-5.fc35.src.rpm"
No matches found for the following disable plugin patterns: local, spacewalk, versionlock
Dependencies resolved.
================================================================================
 Package                       Arch     Version                 Repo       Size
================================================================================
Installing:
 [1mautoconf                     [m noarch   2.69-37.fc35            fedora    666 k
 [1mautomake                     [m noarch   1.16.2-5.fc35           fedora    662 k
 [1mgcc                          [m x86_64   11.2.1-1.fc35           fedora     31 M
 [1mless                         [m x86_64   590-2.fc35              updates   161 k
 [1mmake                         [m x86_64   1:4.3-6.fc35            fedora    533 k
 [1mtexinfo                      [m x86_64   6.8-2.fc35              fedora    1.0 M
Installing dependencies:
 [1mannobin-docs                 [m noarch   9.87-3.fc35             updates    78 k
 [1mannobin-plugin-gcc           [m x86_64   9.87-3.fc35             updates    42 k
 [1mcpp                          [m x86_64   11.2.1-1.fc35           fedora     10 M
 [1memacs-filesystem             [m noarch   1:27.2-9.fc35           fedora    9.0 k
 [1mgc                           [m x86_64   8.0.4-6.fc35            fedora    103 k
 [1mglibc-devel                  [m x86_64   2.34-8.fc35             updates   146 k
 [1mglibc-headers-x86            [m noarch   2.34-8.fc35             updates   544 k
 [1mgroff-base                   [m x86_64   1.22.4-8.fc35           fedora    1.0 M
 [1mguile22                      [m x86_64   2.2.7-3.fc35            fedora    6.4 M
 [1mkernel-headers               [m x86_64   5.15.4-200.fc35         updates   1.3 M
 [1mlibmpc                       [m x86_64   1.2.1-3.fc35            fedora     62 k
 [1mlibtool-ltdl                 [m x86_64   2.4.6-42.fc35           fedora     36 k
 [1mlibxcrypt-devel              [m x86_64   4.4.26-4.fc35           fedora     29 k
 [1mm4                           [m x86_64   1.4.19-2.fc35           fedora    294 k
 [1mncurses                      [m x86_64   6.2-8.20210508.fc35     fedora    400 k
 [1mperl-B                       [m x86_64   1.82-482.fc35           updates   188 k
 [1mperl-Carp                    [m noarch   1.52-478.fc35           fedora     29 k
 [1mperl-Class-Struct            [m noarch   0.66-482.fc35           updates    30 k
 [1mperl-Data-Dumper             [m x86_64   2.183-2.fc35            fedora     56 k
 [1mperl-DynaLoader              [m x86_64   1.50-482.fc35           updates    34 k
 [1mperl-Encode                  [m x86_64   4:3.15-482.fc35         updates   1.7 M
 [1mperl-Errno                   [m x86_64   1.33-482.fc35           updates    23 k
 [1mperl-Exporter                [m noarch   5.76-479.fc35           fedora     31 k
 [1mperl-Fcntl                   [m x86_64   1.14-482.fc35           updates    28 k
 [1mperl-File-Basename           [m noarch   2.85-482.fc35           updates    25 k
 [1mperl-File-Compare            [m noarch   1.100.600-482.fc35      updates    21 k
 [1mperl-File-Copy               [m noarch   2.35-482.fc35           updates    28 k
 [1mperl-File-Find               [m noarch   1.39-482.fc35           updates    33 k
 [1mperl-File-Path               [m noarch   2.18-478.fc35           fedora     35 k
 [1mperl-File-Temp               [m noarch   1:0.231.100-478.fc35    fedora     59 k
 [1mperl-File-stat               [m noarch   1.09-482.fc35           updates    25 k
 [1mperl-Getopt-Long             [m noarch   1:2.52-478.fc35         fedora     60 k
 [1mperl-Getopt-Std              [m noarch   1.13-482.fc35           updates    23 k
 [1mperl-HTTP-Tiny               [m noarch   0.080-1.fc35            updates    55 k
 [1mperl-IO                      [m x86_64   1.46-482.fc35           updates    95 k
 [1mperl-IPC-Open3               [m noarch   1.21-482.fc35           updates    31 k
 [1mperl-MIME-Base64             [m x86_64   3.16-478.fc35           fedora     30 k
 [1mperl-POSIX                   [m x86_64   1.97-482.fc35           updates   105 k
 [1mperl-PathTools               [m x86_64   3.80-478.fc35           fedora     85 k
 [1mperl-Pod-Escapes             [m noarch   1:1.07-478.fc35         fedora     20 k
 [1mperl-Pod-Perldoc             [m noarch   3.28.01-479.fc35        fedora     84 k
 [1mperl-Pod-Simple              [m noarch   1:3.43-2.fc35           fedora    215 k
 [1mperl-Pod-Usage               [m noarch   4:2.01-478.fc35         fedora     40 k
 [1mperl-Scalar-List-Utils       [m x86_64   5:1.60-462.fc35         updates    72 k
 [1mperl-SelectSaver             [m noarch   1.02-482.fc35           updates    19 k
 [1mperl-Socket                  [m x86_64   4:2.032-2.fc35          fedora     55 k
 [1mperl-Storable                [m x86_64   1:3.25-1.fc35           fedora     95 k
 [1mperl-Symbol                  [m noarch   1.09-482.fc35           updates    22 k
 [1mperl-Term-ANSIColor          [m noarch   5.01-479.fc35           fedora     48 k
 [1mperl-Term-Cap                [m noarch   1.17-478.fc35           fedora     22 k
 [1mperl-Text-ParseWords         [m noarch   3.30-478.fc35           fedora     16 k
 [1mperl-Text-Tabs+Wrap          [m noarch   2021.0814-1.fc35        fedora     22 k
 [1mperl-Text-Unidecode          [m noarch   1.30-16.fc35            fedora    138 k
 [1mperl-Thread-Queue            [m noarch   3.14-478.fc35           fedora     21 k
 [1mperl-Time-Local              [m noarch   2:1.300-478.fc35        fedora     33 k
 [1mperl-Unicode-EastAsianWidth  [m noarch   12.0-7.fc35             fedora     19 k
 [1mperl-Unicode-Normalize       [m x86_64   1.28-478.fc35           fedora     89 k
 [1mperl-base                    [m noarch   2.27-482.fc35           updates    24 k
 [1mperl-constant                [m noarch   1.33-479.fc35           fedora     23 k
 [1mperl-if                      [m noarch   0.60.900-482.fc35       updates    22 k
 [1mperl-interpreter             [m x86_64   4:5.34.0-482.fc35       updates    79 k
 [1mperl-libintl-perl            [m x86_64   1.32-4.fc35             fedora    796 k
 [1mperl-libs                    [m x86_64   4:5.34.0-482.fc35       updates   2.1 M
 [1mperl-locale                  [m noarch   1.10-482.fc35           updates    21 k
 [1mperl-mro                     [m x86_64   1.25-482.fc35           updates    36 k
 [1mperl-overload                [m noarch   1.33-482.fc35           updates    53 k
 [1mperl-overloading             [m noarch   0.02-482.fc35           updates    21 k
 [1mperl-parent                  [m noarch   1:0.238-478.fc35        fedora     14 k
 [1mperl-podlators               [m noarch   1:4.14-478.fc35         fedora    111 k
 [1mperl-subs                    [m noarch   1.04-482.fc35           updates    19 k
 [1mperl-threads                 [m x86_64   1:2.26-448.fc35         fedora     57 k
 [1mperl-threads-shared          [m x86_64   1.62-478.fc35           fedora     43 k
 [1mperl-vars                    [m noarch   1.05-482.fc35           updates    21 k

Transaction Summary
================================================================================
Install  79 Packages

Total size: 62 M
Installed size: 203 M
Downloading Packages:
Running transaction check
Transaction check succeeded.
Running transaction test
Transaction test succeeded.
Running transaction

Installed:
  annobin-docs-9.87-3.fc35.noarch                                               
  annobin-plugin-gcc-9.87-3.fc35.x86_64                                         
  autoconf-2.69-37.fc35.noarch                                                  
  automake-1.16.2-5.fc35.noarch                                                 
  cpp-11.2.1-1.fc35.x86_64                                                      
  emacs-filesystem-1:27.2-9.fc35.noarch                                         
  gc-8.0.4-6.fc35.x86_64                                                        
  gcc-11.2.1-1.fc35.x86_64                                                      
  glibc-devel-2.34-8.fc35.x86_64                                                
  glibc-headers-x86-2.34-8.fc35.noarch                                          
  groff-base-1.22.4-8.fc35.x86_64                                               
  guile22-2.2.7-3.fc35.x86_64                                                   
  kernel-headers-5.15.4-200.fc35.x86_64                                         
  less-590-2.fc35.x86_64                                                        
  libmpc-1.2.1-3.fc35.x86_64                                                    
  libtool-ltdl-2.4.6-42.fc35.x86_64                                             
  libxcrypt-devel-4.4.26-4.fc35.x86_64                                          
  m4-1.4.19-2.fc35.x86_64                                                       
  make-1:4.3-6.fc35.x86_64                                                      
  ncurses-6.2-8.20210508.fc35.x86_64                                            
  perl-B-1.82-482.fc35.x86_64                                                   
  perl-Carp-1.52-478.fc35.noarch                                                
  perl-Class-Struct-0.66-482.fc35.noarch                                        
  perl-Data-Dumper-2.183-2.fc35.x86_64                                          
  perl-DynaLoader-1.50-482.fc35.x86_64                                          
  perl-Encode-4:3.15-482.fc35.x86_64                                            
  perl-Errno-1.33-482.fc35.x86_64                                               
  perl-Exporter-5.76-479.fc35.noarch                                            
  perl-Fcntl-1.14-482.fc35.x86_64                                               
  perl-File-Basename-2.85-482.fc35.noarch                                       
  perl-File-Compare-1.100.600-482.fc35.noarch                                   
  perl-File-Copy-2.35-482.fc35.noarch                                           
  perl-File-Find-1.39-482.fc35.noarch                                           
  perl-File-Path-2.18-478.fc35.noarch                                           
  perl-File-Temp-1:0.231.100-478.fc35.noarch                                    
  perl-File-stat-1.09-482.fc35.noarch                                           
  perl-Getopt-Long-1:2.52-478.fc35.noarch                                       
  perl-Getopt-Std-1.13-482.fc35.noarch                                          
  perl-HTTP-Tiny-0.080-1.fc35.noarch                                            
  perl-IO-1.46-482.fc35.x86_64                                                  
  perl-IPC-Open3-1.21-482.fc35.noarch                                           
  perl-MIME-Base64-3.16-478.fc35.x86_64                                         
  perl-POSIX-1.97-482.fc35.x86_64                                               
  perl-PathTools-3.80-478.fc35.x86_64                                           
  perl-Pod-Escapes-1:1.07-478.fc35.noarch                                       
  perl-Pod-Perldoc-3.28.01-479.fc35.noarch                                      
  perl-Pod-Simple-1:3.43-2.fc35.noarch                                          
  perl-Pod-Usage-4:2.01-478.fc35.noarch                                         
  perl-Scalar-List-Utils-5:1.60-462.fc35.x86_64                                 
  perl-SelectSaver-1.02-482.fc35.noarch                                         
  perl-Socket-4:2.032-2.fc35.x86_64                                             
  perl-Storable-1:3.25-1.fc35.x86_64                                            
  perl-Symbol-1.09-482.fc35.noarch                                              
  perl-Term-ANSIColor-5.01-479.fc35.noarch                                      
  perl-Term-Cap-1.17-478.fc35.noarch                                            
  perl-Text-ParseWords-3.30-478.fc35.noarch                                     
  perl-Text-Tabs+Wrap-2021.0814-1.fc35.noarch                                   
  perl-Text-Unidecode-1.30-16.fc35.noarch                                       
  perl-Thread-Queue-3.14-478.fc35.noarch                                        
  perl-Time-Local-2:1.300-478.fc35.noarch                                       
  perl-Unicode-EastAsianWidth-12.0-7.fc35.noarch                                
  perl-Unicode-Normalize-1.28-478.fc35.x86_64                                   
  perl-base-2.27-482.fc35.noarch                                                
  perl-constant-1.33-479.fc35.noarch                                            
  perl-if-0.60.900-482.fc35.noarch                                              
  perl-interpreter-4:5.34.0-482.fc35.x86_64                                     
  perl-libintl-perl-1.32-4.fc35.x86_64                                          
  perl-libs-4:5.34.0-482.fc35.x86_64                                            
  perl-locale-1.10-482.fc35.noarch                                              
  perl-mro-1.25-482.fc35.x86_64                                                 
  perl-overload-1.33-482.fc35.noarch                                            
  perl-overloading-0.02-482.fc35.noarch                                         
  perl-parent-1:0.238-478.fc35.noarch                                           
  perl-podlators-1:4.14-478.fc35.noarch                                         
  perl-subs-1.04-482.fc35.noarch                                                
  perl-threads-1:2.26-448.fc35.x86_64                                           
  perl-threads-shared-1.62-478.fc35.x86_64                                      
  perl-vars-1.05-482.fc35.noarch                                                
  texinfo-6.8-2.fc35.x86_64                                                     

Complete!

>>> 2021-11-29 15:07:47	"/usr/bin/mock-unbuffered" "-r" "fedora-35-x86_64" "--plugin-option=tmpfs:keep_mounted=True" "--config-opts=print_main_output=True" "--quiet" "--addrepo" "https://download.copr.fedorainfracloud.org/results/@aufover/symbiotic/fedora-\$releasever-\$basearch/" "--addrepo" "https://download.copr.fedorainfracloud.org/results/@aufover/gllvm/fedora-\$releasever-\$basearch/" "--install" "symbiotic" "gllvm"
No matches found for the following disable plugin patterns: local, spacewalk, versionlock
Dependencies resolved.
============================================================================================================================================================
 Package                     Arch    Version                      Repository                                                                            Size
============================================================================================================================================================
Installing:
 [1mgllvm                      [m x86_64  1.3.0-1.fc35                 downloadcoprfedorainfracloudorg_results_aufover_gllvm_fedorareleaseverbasearch_      1.6 M
 [1msymbiotic                  [m x86_64  8.0.0.20211119.190944-1.fc35 downloadcoprfedorainfracloudorg_results_aufover_symbiotic_fedorareleaseverbasearch_  2.0 M
Installing dependencies:
 [1mclang                      [m x86_64  13.0.0-3.fc35                updates                                                                               84 k
 [1mclang-libs                 [m x86_64  13.0.0-3.fc35                updates                                                                               22 M
 [1mclang-resource-filesystem  [m x86_64  13.0.0-3.fc35                updates                                                                               14 k
 [1mexpat                      [m x86_64  2.4.1-2.fc35                 fedora                                                                               110 k
 [1mgcc-c++                    [m x86_64  11.2.1-1.fc35                fedora                                                                                12 M
 [1mjsoncpp                    [m x86_64  1.9.4-5.fc35                 updates                                                                               93 k
 [1mlibedit                    [m x86_64  3.1-40.20210910cvs.fc35      fedora                                                                               105 k
 [1mlibstdc++-devel            [m x86_64  11.2.1-1.fc35                fedora                                                                               2.2 M
 [1mllvm                       [m x86_64  13.0.0-4.fc35                updates                                                                               15 M
 [1mllvm-libs                  [m x86_64  13.0.0-4.fc35                updates                                                                               25 M
 [1mmpdecimal                  [m x86_64  2.5.1-2.fc35                 fedora                                                                                99 k
 [1mpython-pip-wheel           [m noarch  21.2.3-4.fc35                updates                                                                              1.1 M
 [1mpython-setuptools-wheel    [m noarch  57.4.0-1.fc35                fedora                                                                               505 k
 [1mpython3                    [m x86_64  3.10.0-1.fc35                fedora                                                                                25 k
 [1mpython3-libs               [m x86_64  3.10.0-1.fc35                fedora                                                                               7.5 M
 [1mz3-libs                    [m x86_64  4.8.13-1.fc35                updates                                                                              5.8 M

Transaction Summary
============================================================================================================================================================
Install  18 Packages

Total size: 95 M
Total download size: 66 M
Installed size: 369 M
Downloading Packages:
--------------------------------------------------------------------------------
Total                                            11 MB/s |  66 MB     00:05     
Running transaction check
Transaction check succeeded.
Running transaction test
Transaction test succeeded.
Running transaction

Installed:
  clang-13.0.0-3.fc35.x86_64                                                    
  clang-libs-13.0.0-3.fc35.x86_64                                               
  clang-resource-filesystem-13.0.0-3.fc35.x86_64                                
  expat-2.4.1-2.fc35.x86_64                                                     
  gcc-c++-11.2.1-1.fc35.x86_64                                                  
  gllvm-1.3.0-1.fc35.x86_64                                                     
  jsoncpp-1.9.4-5.fc35.x86_64                                                   
  libedit-3.1-40.20210910cvs.fc35.x86_64                                        
  libstdc++-devel-11.2.1-1.fc35.x86_64                                          
  llvm-13.0.0-4.fc35.x86_64                                                     
  llvm-libs-13.0.0-4.fc35.x86_64                                                
  mpdecimal-2.5.1-2.fc35.x86_64                                                 
  python-pip-wheel-21.2.3-4.fc35.noarch                                         
  python-setuptools-wheel-57.4.0-1.fc35.noarch                                  
  python3-3.10.0-1.fc35.x86_64                                                  
  python3-libs-3.10.0-1.fc35.x86_64                                             
  symbiotic-8.0.0.20211119.190944-1.fc35.x86_64                                 
  z3-libs-4.8.13-1.fc35.x86_64                                                  

Complete!

>>> 2021-11-29 15:08:35	"'/usr/bin/mock-unbuffered' '-r' 'fedora-35-x86_64' '--plugin-option=tmpfs:keep_mounted=True' '--config-opts=print_main_output=True' '--quiet' '--shell' 'rpm -qa' | sort -V > /home/kdudka/git/aufover-benchmark/workdir-for-sync/rpm-pkgs/gzip-1.10-5.fc35/symbiotic/output/debug/rpm-list-mock.txt"

>>> 2021-11-29 15:08:37	"'/usr/bin/mock-unbuffered' '-r' 'fedora-35-x86_64' '--plugin-option=tmpfs:keep_mounted=True' '--config-opts=print_main_output=True' '--quiet' '--shell' 'rpm -qa --provides' | sort -V > /tmp/csmockhyt_32go/rpm-list-mock-provides.txt"

>>> 2021-11-29 15:08:38	"/usr/bin/mock-unbuffered" "-r" "fedora-35-x86_64" "--plugin-option=tmpfs:keep_mounted=True" "--config-opts=print_main_output=True" "--quiet" "--copyin" "/tmp/csmockhyt_32go/gzip-1.10-5.fc35.src.rpm" "/builddir/gzip-1.10-5.fc35.src.rpm"

>>> 2021-11-29 15:08:39	"/usr/bin/mock-unbuffered" "-r" "fedora-35-x86_64" "--plugin-option=tmpfs:keep_mounted=True" "--config-opts=print_main_output=True" "--quiet" "--chroot" "chown mockbuild -R /builddir"

>>> 2021-11-29 15:08:41	"/usr/bin/mock-unbuffered" "-r" "fedora-35-x86_64" "--plugin-option=tmpfs:keep_mounted=True" "--config-opts=print_main_output=True" "--quiet" "--chroot" "/bin/su mockbuild -l -c \"rpm -Uvh --nodeps '/builddir/gzip-1.10-5.fc35.src.rpm'\""
Updating / installing...
gzip-1.10-5.fc35                      ########################################

>>> 2021-11-29 15:08:42	"/usr/bin/mock-unbuffered" "-r" "fedora-35-x86_64" "--plugin-option=tmpfs:keep_mounted=True" "--config-opts=print_main_output=True" "--quiet" "--chroot" "/bin/su mockbuild -l -c \"sed -e 's|^ExclusiveArch:.*\\\$||' -i /builddir/build/SPECS/gzip.spec\""

>>> 2021-11-29 15:08:43	"/usr/bin/mock-unbuffered" "-r" "fedora-35-x86_64" "--plugin-option=tmpfs:keep_mounted=True" "--config-opts=print_main_output=True" "--quiet" "--chroot" "/bin/su mockbuild -l -c \"rpmbuild -bs --nodeps /builddir/build/SPECS/gzip.spec '--define' 'apidocs 0' '--define' 'with_publican 0' '--without' 'docs' '--without' 'langpacks' '--define' '__cc gclang' '--define' '__cxx gclang++' '--define' '__cpp gclang -E' '--define' 'toolchain clang' '--define' 'optflags -O0' '--define' 'build_ldflags -O0' && sh -c 'cd /builddir/build/SRPMS && eval mv -v *.src.rpm /builddir/gzip-1.10-5.fc35.src.rpm || :'\""
setting SOURCE_DATE_EPOCH=1626912000
Wrote: /builddir/build/SRPMS/gzip-1.10-5.fc35.src.rpm
renamed 'gzip-1.10-5.fc35.src.rpm' -> '/builddir/gzip-1.10-5.fc35.src.rpm'

>>> 2021-11-29 15:08:45	"/usr/bin/mock-unbuffered" "-r" "fedora-35-x86_64" "--plugin-option=tmpfs:keep_mounted=True" "--config-opts=print_main_output=True" "--quiet" "--disable-plugin=selinux" "--copyout" "/builddir/gzip-1.10-5.fc35.src.rpm" "/tmp/csmockhyt_32go/gzip-1.10-5.fc35.src.rpm"

>>> 2021-11-29 15:08:46	"/usr/bin/mock-unbuffered" "-r" "fedora-35-x86_64" "--plugin-option=tmpfs:keep_mounted=True" "--config-opts=print_main_output=True" "--quiet" "--installdeps" "/tmp/csmockhyt_32go/gzip-1.10-5.fc35.src.rpm"
No matches found for the following disable plugin patterns: local, spacewalk, versionlock
Package autoconf-2.69-37.fc35.noarch is already installed.
Package automake-1.16.2-5.fc35.noarch is already installed.
Package gcc-11.2.1-1.fc35.x86_64 is already installed.
Package less-590-2.fc35.x86_64 is already installed.
Package make-1:4.3-6.fc35.x86_64 is already installed.
Package texinfo-6.8-2.fc35.x86_64 is already installed.
Dependencies resolved.
Nothing to do.
Complete!

>>> 2021-11-29 15:08:56	"/usr/bin/mock-unbuffered" "-r" "fedora-35-x86_64" "--plugin-option=tmpfs:keep_mounted=True" "--config-opts=print_main_output=True" "--quiet" "--addrepo" "https://download.copr.fedorainfracloud.org/results/@aufover/symbiotic/fedora-\$releasever-\$basearch/" "--addrepo" "https://download.copr.fedorainfracloud.org/results/@aufover/gllvm/fedora-\$releasever-\$basearch/" "--install" "symbiotic" "gllvm"
No matches found for the following disable plugin patterns: local, spacewalk, versionlock
Package symbiotic-8.0.0.20211119.190944-1.fc35.x86_64 is already installed.
Package gllvm-1.3.0-1.fc35.x86_64 is already installed.
Dependencies resolved.
Nothing to do.
Complete!

>>> 2021-11-29 15:09:02	"'/usr/bin/mock-unbuffered' '-r' 'fedora-35-x86_64' '--plugin-option=tmpfs:keep_mounted=True' '--config-opts=print_main_output=True' '--quiet' '--shell' 'rpm -qa' | sort -V > /home/kdudka/git/aufover-benchmark/workdir-for-sync/rpm-pkgs/gzip-1.10-5.fc35/symbiotic/output/debug/rpm-list-mock.txt"

>>> 2021-11-29 15:09:03	"'/usr/bin/mock-unbuffered' '-r' 'fedora-35-x86_64' '--plugin-option=tmpfs:keep_mounted=True' '--config-opts=print_main_output=True' '--quiet' '--shell' 'rpm -qa --provides' | sort -V > /tmp/csmockhyt_32go/rpm-list-mock-provides.txt"

>>> 2021-11-29 15:09:04	"/usr/bin/mock-unbuffered" "-r" "fedora-35-x86_64" "--plugin-option=tmpfs:keep_mounted=True" "--config-opts=print_main_output=True" "--quiet" "--addrepo" "https://download.copr.fedorainfracloud.org/results/@aufover/symbiotic/fedora-\$releasever-\$basearch/" "--addrepo" "https://download.copr.fedorainfracloud.org/results/@aufover/gllvm/fedora-\$releasever-\$basearch/" "--install" "csdiff"
No matches found for the following disable plugin patterns: local, spacewalk, versionlock
Dependencies resolved.
================================================================================
 Package                    Arch        Version               Repository   Size
================================================================================
Installing:
 [1mcsdiff                    [m x86_64      2.2.0-1.fc35          fedora      895 k
Installing dependencies:
 [1mboost-filesystem          [m x86_64      1.76.0-4.fc35         fedora       60 k
 [1mboost-program-options     [m x86_64      1.76.0-4.fc35         fedora      108 k
 [1mboost-system              [m x86_64      1.76.0-4.fc35         fedora       15 k

Transaction Summary
================================================================================
Install  4 Packages

Total size: 1.1 M
Installed size: 4.8 M
Downloading Packages:
Running transaction check
Transaction check succeeded.
Running transaction test
Transaction test succeeded.
Running transaction

Installed:
  boost-filesystem-1.76.0-4.fc35.x86_64                                         
  boost-program-options-1.76.0-4.fc35.x86_64                                    
  boost-system-1.76.0-4.fc35.x86_64                                             
  csdiff-2.2.0-1.fc35.x86_64                                                    

Complete!

>>> 2021-11-29 15:09:14	"'/usr/bin/mock-unbuffered' '-r' 'fedora-35-x86_64' '--plugin-option=tmpfs:keep_mounted=True' '--config-opts=print_main_output=True' '--quiet' '--shell' 'rpm -qa' | sort -V > /home/kdudka/git/aufover-benchmark/workdir-for-sync/rpm-pkgs/gzip-1.10-5.fc35/symbiotic/output/debug/rpm-list-mock.txt"

>>> 2021-11-29 15:09:15	"'/usr/bin/mock-unbuffered' '-r' 'fedora-35-x86_64' '--plugin-option=tmpfs:keep_mounted=True' '--config-opts=print_main_output=True' '--quiet' '--shell' 'rpm -qa --provides' | sort -V > /tmp/csmockhyt_32go/rpm-list-mock-provides.txt"

>>> 2021-11-29 15:09:17	"tar -cP '/usr/share/csmock/scripts' '/usr/bin/cswrap' '/usr/lib64/cswrap' '/usr/bin/csexec' '/usr/bin/csexec-loader' '/usr/lib64/libcsexec-preload.so' '/tmp/csmockhyt_32go/gzip-1.10-5.fc35.src.rpm' | '/usr/bin/mock-unbuffered' '-r' 'fedora-35-x86_64' '--plugin-option=tmpfs:keep_mounted=True' '--config-opts=print_main_output=True' '--quiet' '--shell' 'tar -xC/'"
tar: Removing leading `/' from member names

>>> 2021-11-29 15:09:18	"/usr/bin/mock-unbuffered" "-r" "fedora-35-x86_64" "--plugin-option=tmpfs:keep_mounted=True" "--config-opts=print_main_output=True" "--quiet" "--chroot" "/bin/su mockbuild -l -c \"gsanity-check\""

Version info: gsanity-check version 1.3.0
Released: February 18 2021

Logging output to standard error.
Logging level not set, using default of WARNING.

Logging configuration uses the environment variables:

	WLLVM_OUTPUT_LEVEL and WLLVM_OUTPUT_FILE.

Happily sitting atop "linux" operating system.

The C compiler clang is:

	clang version 13.0.0 (Fedora 13.0.0-3.fc35)

The CXX compiler clang++ is:

	clang version 13.0.0 (Fedora 13.0.0-3.fc35)

The bitcode linker llvm-link is:

	LLVM version 13.0.0

The bitcode archiver llvm-ar is:

	LLVM version 13.0.0

Not using a bitcode store.


scan.ini: analyzer-version-symbiotic = 8.0.0.20211119.190944
>>> 2021-11-29 15:09:20	"/usr/bin/mock-unbuffered" "-r" "fedora-35-x86_64" "--plugin-option=tmpfs:keep_mounted=True" "--config-opts=print_main_output=True" "--quiet" "--chroot" "/bin/su mockbuild -l -c \"mkdir -pv '/builddir/symbiotic-capture'\""
mkdir: created directory '/builddir/symbiotic-capture'

scan.ini: analyzer-version-gcc = 11.2.1
>>> 2021-11-29 15:09:21	"/usr/bin/mock-unbuffered" "-r" "fedora-35-x86_64" "--plugin-option=tmpfs:keep_mounted=True" "--config-opts=print_main_output=True" "--quiet" "--chroot" "rpm -Uvh --nodeps '/tmp/csmockhyt_32go/gzip-1.10-5.fc35.src.rpm'"
Updating / installing...
gzip-1.10-5.fc35                      ########################################

>>> 2021-11-29 15:09:22	"/usr/bin/mock-unbuffered" "-r" "fedora-35-x86_64" "--plugin-option=tmpfs:keep_mounted=True" "--config-opts=print_main_output=True" "--quiet" "--chroot" "chmod -R +r /builddir"

>>> 2021-11-29 15:09:24	"/usr/bin/mock-unbuffered" "-r" "fedora-35-x86_64" "--plugin-option=tmpfs:keep_mounted=True" "--config-opts=print_main_output=True" "--quiet" "--chroot" "ln -fv '/usr/share/csmock/scripts/enable-keep-going.sh' '/usr/share/csmock/scripts/chroot-fixups'"
'/usr/share/csmock/scripts/chroot-fixups/enable-keep-going.sh' => '/usr/share/csmock/scripts/enable-keep-going.sh'

>>> 2021-11-29 15:09:25	"/usr/bin/mock-unbuffered" "-r" "fedora-35-x86_64" "--plugin-option=tmpfs:keep_mounted=True" "--config-opts=print_main_output=True" "--quiet" "--shell" "for i in /usr/share/csmock/scripts/chroot-fixups/*; do test -x \$i && echo RUN: \$i >&2 && \$i; done"
RUN: /usr/share/csmock/scripts/chroot-fixups/enable-keep-going.sh
renamed '/usr/bin/make' -> '/usr/bin/make.orig'
+ ls -l /usr/bin/make
-rwxr-xr-x. 1 root root 42 Nov 29 15:09 /usr/bin/make
+ cat /usr/bin/make
#!/bin/sh
exec /usr/bin/make.orig -k "$@"
RUN: /usr/share/csmock/scripts/chroot-fixups/gdk-pixbuf2-triggers.sh
RUN: /usr/share/csmock/scripts/chroot-fixups/glib2-triggers.sh
RUN: /usr/share/csmock/scripts/chroot-fixups/kpathsea-texhash.sh
RUN: /usr/share/csmock/scripts/chroot-fixups/openssl-public-header-files.sh
RUN: /usr/share/csmock/scripts/chroot-fixups/qt5-core-abi.sh
RUN: /usr/share/csmock/scripts/chroot-fixups/rpm-build-scripts.sh
+ sed -e s/fail=1/fail=0/ -i /usr/lib/rpm/redhat/brp-mangle-shebangs
'/usr/lib/rpm/brp-strip-static-archive' -> '/bin/true'
RUN: /usr/share/csmock/scripts/chroot-fixups/rpm-macros.sh
RUN: /usr/share/csmock/scripts/chroot-fixups/rpm-python-extras.sh
RUN: /usr/share/csmock/scripts/chroot-fixups/shared-mime-info-triggers.sh
RUN: /usr/share/csmock/scripts/chroot-fixups/simplify-cpp-includes.sh
RUN: /usr/share/csmock/scripts/chroot-fixups/simplify-glib-includes.sh
RUN: /usr/share/csmock/scripts/chroot-fixups/simplify-systemd-includes.sh

>>> 2021-11-29 15:09:26	"/usr/bin/mock-unbuffered" "-r" "fedora-35-x86_64" "--plugin-option=tmpfs:keep_mounted=True" "--config-opts=print_main_output=True" "--chroot" "/bin/su mockbuild -l -c \"rpmbuild -bp --nodeps /builddir/build/SPECS/gzip.spec '--define' 'apidocs 0' '--define' 'with_publican 0' '--without' 'docs' '--without' 'langpacks' '--define' '__cc gclang' '--define' '__cxx gclang++' '--define' '__cpp gclang -E' '--define' 'toolchain clang' '--define' 'optflags -O0' '--define' 'build_ldflags -O0'\""
INFO: mock.py version 2.13 starting (python version = 3.9.7, NVR = mock-2.13-1.kdudka.1.fc34)...
Start(bootstrap): init plugins
INFO: selinux enabled
Finish(bootstrap): init plugins
Start: init plugins
INFO: selinux enabled
Finish: init plugins
INFO: Signal handler active
Start: run
Start(bootstrap): chroot init
INFO: calling preinit hooks
INFO: enabled root cache
INFO: enabled package manager cache
Start(bootstrap): cleaning package manager metadata
Finish(bootstrap): cleaning package manager metadata
INFO: enabled HW Info plugin
Mock Version: 2.13
INFO: Mock Version: 2.13
Finish(bootstrap): chroot init
Start: chroot init
INFO: calling preinit hooks
INFO: enabled root cache
INFO: enabled package manager cache
Start: cleaning package manager metadata
Finish: cleaning package manager metadata
INFO: enabled HW Info plugin
Mock Version: 2.13
INFO: Mock Version: 2.13
Finish: chroot init
INFO: Running in chroot: ['/bin/su mockbuild -l -c "rpmbuild -bp --nodeps /builddir/build/SPECS/gzip.spec \'--define\' \'apidocs 0\' \'--define\' \'with_publican 0\' \'--without\' \'docs\' \'--without\' \'langpacks\' \'--define\' \'__cc gclang\' \'--define\' \'__cxx gclang++\' \'--define\' \'__cpp gclang -E\' \'--define\' \'toolchain clang\' \'--define\' \'optflags -O0\' \'--define\' \'build_ldflags -O0\'"']
Start: chroot ['/bin/su mockbuild -l -c "rpmbuild -bp --nodeps /builddir/build/SPECS/gzip.spec \'--define\' \'apidocs 0\' \'--define\' \'with_publican 0\' \'--without\' \'docs\' \'--without\' \'langpacks\' \'--define\' \'__cc gclang\' \'--define\' \'__cxx gclang++\' \'--define\' \'__cpp gclang -E\' \'--define\' \'toolchain clang\' \'--define\' \'optflags -O0\' \'--define\' \'build_ldflags -O0\'"']
setting SOURCE_DATE_EPOCH=1626912000
Executing(%prep): /bin/sh -e /var/tmp/rpm-tmp.1oDSv2
+ umask 022
+ cd /builddir/build/BUILD
+ cd /builddir/build/BUILD
+ rm -rf gzip-1.10
+ /usr/bin/xz -dc /builddir/build/SOURCES/gzip-1.10.tar.xz
+ /usr/bin/tar -xof -
+ STATUS=0
+ '[' 0 -ne 0 ']'
+ cd gzip-1.10
+ /usr/bin/chmod -Rf a+rX,u+w,g-w,o-w .
Patch #2 (gzexe.patch):
+ echo 'Patch #2 (gzexe.patch):'
+ /usr/bin/patch --no-backup-if-mismatch -f -p1 -b --suffix .gzexe --fuzz=0
patching file gzexe.in
patching file tests/Makefile.am
patching file tests/gzexe
+ cp /builddir/build/SOURCES/fdl-1.3.txt .
+ autoreconf
+ RPM_EC=0
++ jobs -p
+ exit 0
Finish: chroot ['/bin/su mockbuild -l -c "rpmbuild -bp --nodeps /builddir/build/SPECS/gzip.spec \'--define\' \'apidocs 0\' \'--define\' \'with_publican 0\' \'--without\' \'docs\' \'--without\' \'langpacks\' \'--define\' \'__cc gclang\' \'--define\' \'__cxx gclang++\' \'--define\' \'__cpp gclang -E\' \'--define\' \'toolchain clang\' \'--define\' \'optflags -O0\' \'--define\' \'build_ldflags -O0\'"']

>>> 2021-11-29 15:09:32	"/usr/bin/mock-unbuffered" "-r" "fedora-35-x86_64" "--plugin-option=tmpfs:keep_mounted=True" "--config-opts=print_main_output=True" "--quiet" "--chroot" "chmod -R +r /builddir/build"

>>> 2021-11-29 15:09:34	"/usr/bin/mock-unbuffered" "-r" "fedora-35-x86_64" "--plugin-option=tmpfs:keep_mounted=True" "--config-opts=print_main_output=True" "--chroot" "/bin/su mockbuild -l -c \"PATH=/usr/lib64/cswrap:\\\$PATH CSWRAP_CAP_FILE=\\\$'/builddir/cswrap-capture.err' CSWRAP_TIMEOUT=\\\$'30' CSWRAP_TIMEOUT_FOR=\\\$':' CC=\\\$'gclang' CXX=\\\$'gclang++' CSEXEC_WRAP_CMD=\\\$'--skip-ld-linux\\\\acsexec-symbiotic\\\\a-l\\\\a/builddir/symbiotic-capture\\\\a-s\\\\a--prp=memsafety --timeout=8 ' CSWRAP_ADD_CFLAGS=\\\$'-Wno-unknown-pragmas:-Wno-unused-command-line-argument:-Wno-unused-parameter:-Wno-unknown-attributes:-Wno-unused-label:-Wno-unknown-pragmas:-Wno-unused-command-line-argument:-fsanitize-address-use-after-scope:-O0:-Xclang:-disable-llvm-passes:-D__inline=:-g:-Wl,--dynamic-linker,/usr/bin/csexec-loader:-Wno-unknown-pragmas:-Wl,--dynamic-linker,/usr/bin/csexec-loader' CSWRAP_DEL_CFLAGS=\\\$'-Werror*:-fdiagnostics-color*:-no-canonical-prefixes:-Wno-error=deprecated-register:-O1:-O2:-O3:-Os:-Ofast:-Og:-Werror*:-fdiagnostics-color*:-no-canonical-prefixes:-Wno-error=deprecated-register' CSWRAP_ADD_CXXFLAGS=\\\$'-Wno-unused-command-line-argument:-Wno-unused-parameter:-Wno-unknown-attributes:-Wno-unused-label:-Wno-unknown-pragmas:-Wno-unused-command-line-argument:-fsanitize-address-use-after-scope:-O0:-Xclang:-disable-llvm-passes:-D__inline=:-g:-Wl,--dynamic-linker,/usr/bin/csexec-loader:-Wl,--dynamic-linker,/usr/bin/csexec-loader' CSWRAP_DEL_CXXFLAGS=\\\$'-Werror*:-fdiagnostics-color*:-no-canonical-prefixes:-Wno-error=deprecated-register:-O1:-O2:-O3:-Os:-Ofast:-Og:-Werror*:-fdiagnostics-color*:-no-canonical-prefixes:-Wno-error=deprecated-register' sh -c \\\"rpmbuild -bc --nodeps --short-circuit /builddir/build/SPECS/gzip.spec '--define' 'apidocs 0' '--define' 'with_publican 0' '--without' 'docs' '--without' 'langpacks' '--define' '__cc gclang' '--define' '__cxx gclang++' '--define' '__cpp gclang -E' '--define' 'toolchain clang' '--define' 'optflags -O0' '--define' 'build_ldflags -O0'\\\"\""
INFO: mock.py version 2.13 starting (python version = 3.9.7, NVR = mock-2.13-1.kdudka.1.fc34)...
Start(bootstrap): init plugins
INFO: selinux enabled
Finish(bootstrap): init plugins
Start: init plugins
INFO: selinux enabled
Finish: init plugins
INFO: Signal handler active
Start: run
Start(bootstrap): chroot init
INFO: calling preinit hooks
INFO: enabled root cache
INFO: enabled package manager cache
Start(bootstrap): cleaning package manager metadata
Finish(bootstrap): cleaning package manager metadata
INFO: enabled HW Info plugin
Mock Version: 2.13
INFO: Mock Version: 2.13
Finish(bootstrap): chroot init
Start: chroot init
INFO: calling preinit hooks
INFO: enabled root cache
INFO: enabled package manager cache
Start: cleaning package manager metadata
Finish: cleaning package manager metadata
INFO: enabled HW Info plugin
Mock Version: 2.13
INFO: Mock Version: 2.13
Finish: chroot init
INFO: Running in chroot: ['/bin/su mockbuild -l -c "PATH=/usr/lib64/cswrap:\\$PATH CSWRAP_CAP_FILE=\\$\'/builddir/cswrap-capture.err\' CSWRAP_TIMEOUT=\\$\'30\' CSWRAP_TIMEOUT_FOR=\\$\':\' CC=\\$\'gclang\' CXX=\\$\'gclang++\' CSEXEC_WRAP_CMD=\\$\'--skip-ld-linux\\\\acsexec-symbiotic\\\\a-l\\\\a/builddir/symbiotic-capture\\\\a-s\\\\a--prp=memsafety --timeout=8 \' CSWRAP_ADD_CFLAGS=\\$\'-Wno-unknown-pragmas:-Wno-unused-command-line-argument:-Wno-unused-parameter:-Wno-unknown-attributes:-Wno-unused-label:-Wno-unknown-pragmas:-Wno-unused-command-line-argument:-fsanitize-address-use-after-scope:-O0:-Xclang:-disable-llvm-passes:-D__inline=:-g:-Wl,--dynamic-linker,/usr/bin/csexec-loader:-Wno-unknown-pragmas:-Wl,--dynamic-linker,/usr/bin/csexec-loader\' CSWRAP_DEL_CFLAGS=\\$\'-Werror*:-fdiagnostics-color*:-no-canonical-prefixes:-Wno-error=deprecated-register:-O1:-O2:-O3:-Os:-Ofast:-Og:-Werror*:-fdiagnostics-color*:-no-canonical-prefixes:-Wno-error=deprecated-register\' CSWRAP_ADD_CXXFLAGS=\\$\'-Wno-unused-command-line-argument:-Wno-unused-parameter:-Wno-unknown-attributes:-Wno-unused-label:-Wno-unknown-pragmas:-Wno-unused-command-line-argument:-fsanitize-address-use-after-scope:-O0:-Xclang:-disable-llvm-passes:-D__inline=:-g:-Wl,--dynamic-linker,/usr/bin/csexec-loader:-Wl,--dynamic-linker,/usr/bin/csexec-loader\' CSWRAP_DEL_CXXFLAGS=\\$\'-Werror*:-fdiagnostics-color*:-no-canonical-prefixes:-Wno-error=deprecated-register:-O1:-O2:-O3:-Os:-Ofast:-Og:-Werror*:-fdiagnostics-color*:-no-canonical-prefixes:-Wno-error=deprecated-register\' sh -c \\"rpmbuild -bc --nodeps --short-circuit /builddir/build/SPECS/gzip.spec \'--define\' \'apidocs 0\' \'--define\' \'with_publican 0\' \'--without\' \'docs\' \'--without\' \'langpacks\' \'--define\' \'__cc gclang\' \'--define\' \'__cxx gclang++\' \'--define\' \'__cpp gclang -E\' \'--define\' \'toolchain clang\' \'--define\' \'optflags -O0\' \'--define\' \'build_ldflags -O0\'\\""']
Start: chroot ['/bin/su mockbuild -l -c "PATH=/usr/lib64/cswrap:\\$PATH CSWRAP_CAP_FILE=\\$\'/builddir/cswrap-capture.err\' CSWRAP_TIMEOUT=\\$\'30\' CSWRAP_TIMEOUT_FOR=\\$\':\' CC=\\$\'gclang\' CXX=\\$\'gclang++\' CSEXEC_WRAP_CMD=\\$\'--skip-ld-linux\\\\acsexec-symbiotic\\\\a-l\\\\a/builddir/symbiotic-capture\\\\a-s\\\\a--prp=memsafety --timeout=8 \' CSWRAP_ADD_CFLAGS=\\$\'-Wno-unknown-pragmas:-Wno-unused-command-line-argument:-Wno-unused-parameter:-Wno-unknown-attributes:-Wno-unused-label:-Wno-unknown-pragmas:-Wno-unused-command-line-argument:-fsanitize-address-use-after-scope:-O0:-Xclang:-disable-llvm-passes:-D__inline=:-g:-Wl,--dynamic-linker,/usr/bin/csexec-loader:-Wno-unknown-pragmas:-Wl,--dynamic-linker,/usr/bin/csexec-loader\' CSWRAP_DEL_CFLAGS=\\$\'-Werror*:-fdiagnostics-color*:-no-canonical-prefixes:-Wno-error=deprecated-register:-O1:-O2:-O3:-Os:-Ofast:-Og:-Werror*:-fdiagnostics-color*:-no-canonical-prefixes:-Wno-error=deprecated-register\' CSWRAP_ADD_CXXFLAGS=\\$\'-Wno-unused-command-line-argument:-Wno-unused-parameter:-Wno-unknown-attributes:-Wno-unused-label:-Wno-unknown-pragmas:-Wno-unused-command-line-argument:-fsanitize-address-use-after-scope:-O0:-Xclang:-disable-llvm-passes:-D__inline=:-g:-Wl,--dynamic-linker,/usr/bin/csexec-loader:-Wl,--dynamic-linker,/usr/bin/csexec-loader\' CSWRAP_DEL_CXXFLAGS=\\$\'-Werror*:-fdiagnostics-color*:-no-canonical-prefixes:-Wno-error=deprecated-register:-O1:-O2:-O3:-Os:-Ofast:-Og:-Werror*:-fdiagnostics-color*:-no-canonical-prefixes:-Wno-error=deprecated-register\' sh -c \\"rpmbuild -bc --nodeps --short-circuit /builddir/build/SPECS/gzip.spec \'--define\' \'apidocs 0\' \'--define\' \'with_publican 0\' \'--without\' \'docs\' \'--without\' \'langpacks\' \'--define\' \'__cc gclang\' \'--define\' \'__cxx gclang++\' \'--define\' \'__cpp gclang -E\' \'--define\' \'toolchain clang\' \'--define\' \'optflags -O0\' \'--define\' \'build_ldflags -O0\'\\""']
setting SOURCE_DATE_EPOCH=1626912000
Executing(%build): /bin/sh -e /var/tmp/rpm-tmp.v85Vmz
+ umask 022
+ cd /builddir/build/BUILD
+ cd gzip-1.10
+ export DEFS=NO_ASM
+ DEFS=NO_ASM
+ export CPPFLAGS=-DHAVE_LSTAT
+ CPPFLAGS=-DHAVE_LSTAT
+ export CC=gclang
+ CC=gclang
+ export 'CPP=gclang -E'
+ CPP='gclang -E'
+ export CXX=gclang++
+ CXX=gclang++
+ CFLAGS=-O0
+ export CFLAGS
+ CXXFLAGS=-O0
+ export CXXFLAGS
+ FFLAGS='-O0 -I/usr/lib64/gfortran/modules'
+ export FFLAGS
+ FCFLAGS='-O0 -I/usr/lib64/gfortran/modules'
+ export FCFLAGS
+ LDFLAGS=-O0
+ export LDFLAGS
+ LT_SYS_LIBRARY_PATH=/usr/lib64:
+ export LT_SYS_LIBRARY_PATH
+ CC=gclang
+ export CC
+ CXX=gclang++
+ export CXX
+ '[' -fltox '!=' x ']'
++ find . -type f -name configure -print
+ for file in $(find . -type f -name configure -print)
+ /usr/bin/sed -r --in-place=.backup 's/^char \(\*f\) \(\) = /__attribute__ ((used)) char (*f) () = /g' ./configure
+ diff -u ./configure.backup ./configure
+ mv ./configure.backup ./configure
+ /usr/bin/sed -r --in-place=.backup 's/^char \(\*f\) \(\);/__attribute__ ((used)) char (*f) ();/g' ./configure
+ diff -u ./configure.backup ./configure
+ mv ./configure.backup ./configure
+ /usr/bin/sed -r --in-place=.backup 's/^char \$2 \(\);/__attribute__ ((used)) char \$2 ();/g' ./configure
+ diff -u ./configure.backup ./configure
--- ./configure.backup	2021-11-29 15:09:31.582932132 +0100
+++ ./configure	2021-11-29 15:09:35.534039759 +0100
@@ -2891,7 +2891,7 @@
 #ifdef __cplusplus
 extern "C"
 #endif
-char $2 ();
+__attribute__ ((used)) char $2 ();
 /* The GNU C library defines this for functions which it implements
     to always fail with ENOSYS.  Some functions are actually named
     something starting with __ and the normal name is an alias.  */
+ /usr/bin/sed --in-place=.backup '1{$!N;$!N};$!N;s/int x = 1;\nint y = 0;\nint z;\nint nan;/volatile int x = 1; volatile int y = 0; volatile int z, nan;/;P;D' ./configure
+ diff -u ./configure.backup ./configure
+ mv ./configure.backup ./configure
+ /usr/bin/sed --in-place=.backup 's#^lt_cv_sys_global_symbol_to_cdecl=.*#lt_cv_sys_global_symbol_to_cdecl="sed -n -e '\''s/^T .* \\(.*\\)$/extern int \\1();/p'\'' -e '\''s/^$symcode* .* \\(.*\\)$/extern char \\1;/p'\''"#' ./configure
+ diff -u ./configure.backup ./configure
+ mv ./configure.backup ./configure
+ '[' 1 = 1 ']'
+++ dirname ./configure
++ find . -name config.guess -o -name config.sub
+ for i in $(find $(dirname ./configure) -name config.guess -o -name config.sub)
++ basename ./build-aux/config.guess
+ '[' -f /usr/lib/rpm/redhat/config.guess ']'
+ /usr/bin/rm -f ./build-aux/config.guess
++ basename ./build-aux/config.guess
+ /usr/bin/cp -fv /usr/lib/rpm/redhat/config.guess ./build-aux/config.guess
'/usr/lib/rpm/redhat/config.guess' -> './build-aux/config.guess'
+ for i in $(find $(dirname ./configure) -name config.guess -o -name config.sub)
++ basename ./build-aux/config.sub
+ '[' -f /usr/lib/rpm/redhat/config.sub ']'
+ /usr/bin/rm -f ./build-aux/config.sub
++ basename ./build-aux/config.sub
+ /usr/bin/cp -fv /usr/lib/rpm/redhat/config.sub ./build-aux/config.sub
'/usr/lib/rpm/redhat/config.sub' -> './build-aux/config.sub'
+ '[' 1 = 1 ']'
+ '[' x '!=' 'x-Wl,-z,now ' ']'
++ find . -name ltmain.sh
+ ./configure --build=x86_64-redhat-linux-gnu --host=x86_64-redhat-linux-gnu --program-prefix= --disable-dependency-tracking --prefix=/usr --exec-prefix=/usr --bindir=/usr/bin --sbindir=/usr/sbin --sysconfdir=/etc --datadir=/usr/share --includedir=/usr/include --libdir=/usr/lib64 --libexecdir=/usr/libexec --localstatedir=/var --sharedstatedir=/var/lib --mandir=/usr/share/man --infodir=/usr/share/info
checking for a BSD-compatible install... /usr/bin/install -c
checking whether build environment is sane... yes
checking for a thread-safe mkdir -p... /usr/bin/mkdir -p
checking for gawk... gawk
checking whether make sets $(MAKE)... yes
checking whether make supports nested variables... yes
checking whether make supports nested variables... (cached) yes
checking whether make supports the include directive... yes (GNU style)
checking for x86_64-redhat-linux-gnu-gcc... gclang
checking whether the C compiler works... yes
checking for C compiler default output file name... a.out
checking for suffix of executables... 
checking whether we are cross compiling... no
checking for suffix of object files... o
checking whether we are using the GNU C compiler... yes
checking whether gclang accepts -g... yes
checking for gclang option to accept ISO C89... none needed
checking whether gclang understands -c and -o together... yes
checking dependency style of gclang... none
checking for gclang option to accept ISO C99... none needed
checking for gclang option to accept ISO Standard C... (cached) none needed
checking how to run the C preprocessor... gclang -E
checking for grep that handles long lines and -e... /usr/bin/grep
checking for x86_64-redhat-linux-gnu-nm... no
checking for nm... nm
checking whether ln -s works... yes
checking for x86_64-redhat-linux-gnu-ranlib... no
checking for ranlib... ranlib
checking for a POSIX-compliant shell... /bin/sh
checking for egrep... /usr/bin/grep -E
checking for ANSI C header files... yes
checking for sys/types.h... yes
checking for sys/stat.h... yes
checking for stdlib.h... yes
checking for string.h... yes
checking for memory.h... yes
checking for strings.h... yes
checking for inttypes.h... yes
checking for stdint.h... yes
checking for unistd.h... yes
checking minix/config.h usability... no
checking minix/config.h presence... no
checking for minix/config.h... no
checking whether it is safe to define __EXTENSIONS__... yes
checking whether _XOPEN_SOURCE should be defined... no
checking for Minix Amsterdam compiler... no
checking for x86_64-redhat-linux-gnu-ar... no
checking for ar... ar
checking for _LARGEFILE_SOURCE value needed for large files... no
checking build system type... x86_64-redhat-linux-gnu
checking host system type... x86_64-redhat-linux-gnu
checking for special C compiler options needed for large files... no
checking for _FILE_OFFSET_BITS value needed for large files... no
checking for size_t... yes
checking for working alloca.h... yes
checking for alloca... yes
checking whether malloc, realloc, calloc are POSIX compliant... yes
checking for unistd.h... (cached) yes
checking for sys/param.h... yes
checking for sys/socket.h... yes
checking for dirent.h... yes
checking for features.h... yes
checking for sys/stat.h... (cached) yes
checking for getopt.h... yes
checking for sys/cdefs.h... yes
checking for sys/time.h... yes
checking for limits.h... yes
checking for math.h... yes
checking for sys/mman.h... yes
checking for wchar.h... yes
checking for stdint.h... (cached) yes
checking for utime.h... yes
checking for crtdefs.h... no
checking for fcntl.h... yes
checking for memory.h... (cached) yes
checking for time.h... yes
checking for _set_invalid_parameter_handler... no
checking for fchdir... yes
checking for fdopendir... yes
checking for fcntl... yes
checking for symlink... yes
checking for mempcpy... yes
checking for vasnprintf... no
checking for snprintf... yes
checking for fpurge... no
checking for __fpurge... yes
checking for __freading... yes
checking for __fseterr... no
checking for fstatat... yes
checking for fsync... yes
checking for getdtablesize... yes
checking for getprogname... no
checking for getexecname... no
checking for gettimeofday... yes
checking for lstat... yes
checking for mprotect... yes
checking for openat... yes
checking for strerror_r... yes
checking for __xpg_strerror_r... yes
checking for sigaction... yes
checking for sigaltstack... yes
checking for siginterrupt... yes
checking for strdup... yes
checking for catgets... yes
checking for pipe... yes
checking for unlinkat... yes
checking for utime... yes
checking for futimes... yes
checking for futimesat... yes
checking for futimens... yes
checking for utimensat... yes
checking for lutimes... yes
checking for chown... yes
checking for fchmod... yes
checking for fchown... yes
checking whether the preprocessor supports include_next... yes
checking whether system header files limit the line length... no
checking whether // is distinct from /... no
checking for complete errno.h... yes
checking whether strerror_r is declared... yes
checking for strerror_r... (cached) yes
checking whether strerror_r returns char *... yes
checking whether fchdir is declared... yes
checking for working fcntl.h... yes
checking for pid_t... yes
checking for mode_t... yes
checking for promoted mode_t type... mode_t
checking whether fdatasync is declared... yes
checking for stdint.h... yes
checking for inttypes.h... yes
checking whether printf supports size specifiers as in C99... yes
checking whether printf supports 'long double' arguments... yes
checking whether printf supports infinite 'double' arguments... yes
checking whether byte ordering is bigendian... no
checking whether long double and double are the same... no
checking whether printf supports infinite 'long double' arguments... yes
checking whether printf supports the 'a' and 'A' directives... yes
checking whether printf supports the 'F' directive... yes
checking whether printf supports the 'n' directive... yes
checking whether printf supports the 'ls' directive... yes
checking whether printf supports POSIX/XSI format strings with positions... yes
checking whether printf supports the grouping flag... yes
checking whether printf supports the left-adjust flag correctly... yes
checking whether printf supports the zero flag correctly... yes
checking whether printf supports large precisions... yes
checking whether printf survives out-of-memory conditions... yes
checking for unsigned long long int... yes
checking for long long int... yes
checking for wchar_t... yes
checking for wint_t... yes
checking whether wint_t is too small... no
checking for intmax_t... yes
checking where to find the exponent in a 'double'... word 1 bit 20
checking whether snprintf returns a byte count as in C99... yes
checking for snprintf... (cached) yes
checking for strnlen... yes
checking for wcslen... yes
checking for wcsnlen... yes
checking for mbrtowc... yes
checking for wcrtomb... yes
checking whether _snprintf is declared... no
checking whether frexp() can be used without linking with libm... yes
checking whether alarm is declared... yes
checking whether stdin defaults to large file offsets... yes
checking whether fseeko is declared... yes
checking for fseeko... yes
checking whether fflush works on input streams... no
checking whether stat file-mode macros are broken... no
checking for nlink_t... yes
checking whether lstat correctly handles trailing slash... yes
checking whether ftello is declared... yes
checking for ftello... yes
checking whether ftello works... yes
checking whether getcwd (NULL, 0) allocates memory for result... yes
checking for getcwd with POSIX signature... yes
checking whether getdtablesize is declared... yes
checking for getopt.h... (cached) yes
checking for getopt_long_only... yes
checking whether getopt is POSIX compatible... yes
checking for working GNU getopt function... yes
checking for working GNU getopt_long function... yes
checking for C/C++ restrict keyword... __restrict
checking for struct timeval... yes
checking for wide-enough struct timeval.tv_sec member... yes
checking where to find the exponent in a 'float'... word 0 bit 23
checking whether limits.h has LLONG_MAX, WORD_BIT, ULLONG_WIDTH etc.... yes
checking for ld used by gclang... /usr/bin/ld
checking if the linker (/usr/bin/ld) is GNU ld... yes
checking for shared library run path origin... done
checking 32-bit host C ABI... no
checking for the common suffixes of directories in the library search path... lib64,lib64
checking whether imported symbols can be declared weak... yes
checking whether the linker supports --as-needed... yes
checking whether the linker supports --push-state... yes
checking pthread.h usability... yes
checking pthread.h presence... yes
checking for pthread.h... yes
checking for pthread_kill in -lpthread... yes
checking for multithread API to use... posix
checking for a sed that does not truncate output... /usr/bin/sed
checking for stdlib.h... (cached) yes
checking for GNU libc compatible malloc... yes
checking for mmap... yes
checking for MAP_ANONYMOUS... yes
checking whether memchr works... yes
checking whether memrchr is declared... yes
checking for O_CLOEXEC... yes
checking whether strerror(0) succeeds... yes
checking for strerror_r with POSIX signature... no
checking whether __xpg_strerror_r works... yes
checking whether strerror_r is declared... (cached) yes
checking whether C symbols are prefixed with underscore at the linker level... no
checking for sigset_t... yes
checking for uid_t in sys/types.h... yes
checking for stdbool.h that conforms to C99... yes
checking for _Bool... yes
checking whether stdint.h conforms to C99... yes
checking whether stdint.h predates C++11... no
checking whether stdint.h has UINTMAX_WIDTH etc.... yes
checking whether strdup is declared... yes
checking for struct timespec in <time.h>... yes
checking whether the utimes function works... yes
checking whether <wchar.h> uses 'inline' correctly... yes
checking for 64-bit time_t... yes
checking for alloca as a compiler built-in... yes
checking for GNU libc compatible calloc... yes
checking whether this system has an arbitrary file name length limit... yes
checking for library containing clock_gettime... none required
checking for clock_gettime... yes
checking for clock_settime... yes
checking for closedir... yes
checking for dirfd... yes
checking whether dirfd is declared... yes
checking whether dirfd is a macro... no
checking whether // is distinct from /... (cached) no
checking whether dup works... yes
checking whether dup2 works... yes
checking for error_at_line... yes
checking whether fflush works on input streams... (cached) no
checking whether fcntl handles F_DUPFD correctly... yes
checking whether fcntl understands F_DUPFD_CLOEXEC... needs runtime check
checking for library containing fdatasync... none required
checking whether fdopendir is declared... yes
checking whether fdopendir works... yes
checking whether fflush works on input streams... (cached) no
checking whether conversion from 'int' to 'long double' works... yes
checking whether fpurge is declared... no
checking whether frexp works... yes
checking whether frexpl is declared... yes
checking whether frexpl() can be used without linking with libm... yes
checking whether frexpl works... yes
checking for fseeko... (cached) yes
checking whether fflush works on input streams... (cached) no
checking for _fseeki64... no
checking whether fstatat (..., 0) works... yes
checking for ftello... (cached) yes
checking whether ftello works... (cached) yes
checking whether getdtablesize works... yes
checking whether program_invocation_name is declared... yes
checking whether program_invocation_short_name is declared... yes
checking whether __argv is declared... no
checking whether gettimeofday clobbers localtime buffer... no
checking for gettimeofday with POSIX signature... yes
checking whether isnan(double) can be used without linking with libm... yes
checking whether isnan(float) can be used without linking with libm... no
checking where to find the exponent in a 'float'... (cached) word 0 bit 23
checking whether isnan(long double) can be used without linking with libm... no
checking where to find the exponent in a 'long double'... word 2 bit 0
checking for C compiler flag to ignore unused libraries... -Wl,--as-needed
checking for pthread_rwlock_t... yes
checking whether pthread_rwlock_rdlock prefers a writer to a reader... no
checking whether lseek detects pipes... yes
checking for stdlib.h... (cached) yes
checking for GNU libc compatible malloc... (cached) yes
checking whether NAN macro works... yes
checking whether HUGE_VAL works... yes
checking for mempcpy... (cached) yes
checking for memrchr... yes
checking whether open recognizes a trailing slash... yes
checking for opendir... yes
checking whether perror matches strerror... yes
checking whether frexp works... (cached) yes
checking whether ldexp can be used without linking with libm... yes
checking whether frexpl() can be used without linking with libm... (cached) yes
checking whether frexpl works... (cached) yes
checking whether frexpl is declared... (cached) yes
checking whether ldexpl() can be used without linking with libm... yes
checking whether ldexpl works... yes
checking whether ldexpl is declared... yes
checking for raise... yes
checking for sigprocmask... yes
checking for readdir... yes
checking for stdlib.h... (cached) yes
checking for GNU libc compatible realloc... yes
checking whether rmdir works... yes
checking for struct sigaction.sa_sigaction... yes
checking for volatile sig_atomic_t... yes
checking for sighandler_t... yes
checking for signbit macro... yes
checking for signbit compiler built-ins... yes
checking for sigprocmask... (cached) yes
checking for stdint.h... (cached) yes
checking for SIZE_MAX... yes
checking for ssize_t... yes
checking whether stat handles trailing slashes on files... yes
checking for struct stat.st_atim.tv_nsec... yes
checking whether struct stat.st_atim is of type struct timespec... yes
checking for struct stat.st_birthtimespec.tv_nsec... no
checking for struct stat.st_birthtimensec... no
checking for struct stat.st_birthtim.tv_nsec... no
checking for good max_align_t... yes
checking whether NULL can be used in arbitrary expressions... yes
checking which flavor of printf attribute matches inttypes macros... system
checking for working stdnoreturn.h... yes
checking for stpcpy... yes
checking for working strerror function... yes
checking for nlink_t... (cached) yes
checking whether unlink honors trailing slashes... yes
checking whether unlink of a parent directory fails as it should... guessing yes
checking for ptrdiff_t... yes
checking for stdint.h... (cached) yes
checking for underline in external names... no
checking for an assembler syntax supported by this package... no
checking for library containing strerror... none required
checking for an ANSI C-conforming const... yes
checking for ANSI C header files... (cached) yes
checking for dirent.h that defines DIR... yes
checking for library containing opendir... none required
checking return type of signal handlers... void
checking for size_t... (cached) yes
checking for off_t... yes
checking that generated files are newer than configure... done
configure: creating ./config.status
config.status: creating Makefile
config.status: creating doc/Makefile
config.status: creating lib/Makefile
config.status: creating tests/Makefile
config.status: creating lib/config.h
config.status: executing depfiles commands
+ make
  GEN      version.c
  GEN      version.h
/usr/bin/make.orig  all-recursive
make.orig[1]: Entering directory '/builddir/build/BUILD/gzip-1.10'
Making all in lib
make.orig[2]: Entering directory '/builddir/build/BUILD/gzip-1.10/lib'
  GEN      alloca.h
  GEN      dirent.h
  GEN      fcntl.h
  GEN      limits.h
  GEN      math.h
  GEN      signal.h
  GEN      stdio.h
  GEN      stdlib.h
  GEN      string.h
  GEN      sys/stat.h
  GEN      sys/time.h
  GEN      sys/types.h
  GEN      time.h
  GEN      unistd.h
  GEN      wchar.h
/usr/bin/make.orig  all-am
make.orig[3]: Entering directory '/builddir/build/BUILD/gzip-1.10/lib'
  CC       cloexec.o
  CC       opendir-safer.o
  CC       dirname-lgpl.o
  CC       basename-lgpl.o
  CC       stripslash.o
  CC       exitfail.o
  CC       creat-safer.o
  CC       open-safer.o
  CC       fd-hook.o
  CC       fd-safer-flag.o
  CC       dup-safer-flag.o
  CC       filenamecat-lgpl.o
  CC       freading.o
  CC       getprogname.o
  CC       gettime.o
  CC       glthread/lock.o
  CC       malloca.o
  CC       math.o
  CC       openat-die.o
  CC       openat-safer.o
  CC       printf-frexp.o
  CC       printf-frexpl.o
  CC       save-cwd.o
  CC       savedir.o
  CC       sig-handler.o
  CC       stat-time.o
  CC       statat.o
  CC       glthread/threadlib.o
  CC       timespec.o
  CC       unistd.o
  CC       dup-safer.o
  CC       fd-safer.o
  CC       pipe-safer.o
  CC       utimens.o
  CC       xmalloc.o
  CC       xalloc-die.o
  CC       xsize.o
  CC       yesno.o
  CC       asnprintf.o
  CC       chdir-long.o
  CC       fclose.o
  CC       fcntl.o
  CC       fflush.o
  CC       fpurge.o
  CC       fseek.o
  CC       fseeko.o
  CC       fseterr.o
  CC       isnanf.o
  CC       isnanl.o
  CC       localtime-buffer.o
  CC       openat-proc.o
  CC       printf-args.o
  CC       printf-parse.o
  CC       strerror_r.o
  CC       vasnprintf.o
  AR       libgzip.a
make.orig[3]: Leaving directory '/builddir/build/BUILD/gzip-1.10/lib'
make.orig[2]: Leaving directory '/builddir/build/BUILD/gzip-1.10/lib'
Making all in doc
make.orig[2]: Entering directory '/builddir/build/BUILD/gzip-1.10/doc'
make.orig[2]: Leaving directory '/builddir/build/BUILD/gzip-1.10/doc'
Making all in .
make.orig[2]: Entering directory '/builddir/build/BUILD/gzip-1.10'
  CC       bits.o
  CC       deflate.o
  CC       gzip.o
  CC       inflate.o
  CC       lzw.o
  CC       trees.o
  CC       unlzh.o
  CC       unlzw.o
  CC       unpack.o
  CC       unzip.o
  CC       util.o
  CC       zip.o
  CC       version.o
  AR       libver.a
  CCLD     gzip
  GEN      gunzip
  GEN      gzexe
  GEN      zcat
  GEN      zcmp
  GEN      zdiff
  GEN      zegrep
  GEN      zfgrep
  GEN      zforce
  GEN      zgrep
  GEN      zless
  GEN      zmore
  GEN      znew
make.orig[2]: Leaving directory '/builddir/build/BUILD/gzip-1.10'
Making all in tests
make.orig[2]: Entering directory '/builddir/build/BUILD/gzip-1.10/tests'
make.orig[2]: Nothing to be done for 'all'.
make.orig[2]: Leaving directory '/builddir/build/BUILD/gzip-1.10/tests'
make.orig[1]: Leaving directory '/builddir/build/BUILD/gzip-1.10'
+ make check
  GEN      public-submodule-commit
/usr/bin/make.orig  check-recursive
make.orig[1]: Entering directory '/builddir/build/BUILD/gzip-1.10'
Making check in lib
make.orig[2]: Entering directory '/builddir/build/BUILD/gzip-1.10/lib'
/usr/bin/make.orig  check-am
make.orig[3]: Entering directory '/builddir/build/BUILD/gzip-1.10/lib'
make.orig[3]: Leaving directory '/builddir/build/BUILD/gzip-1.10/lib'
make.orig[2]: Leaving directory '/builddir/build/BUILD/gzip-1.10/lib'
Making check in doc
make.orig[2]: Entering directory '/builddir/build/BUILD/gzip-1.10/doc'
make.orig[2]: Nothing to be done for 'check'.
make.orig[2]: Leaving directory '/builddir/build/BUILD/gzip-1.10/doc'
Making check in .
make.orig[2]: Entering directory '/builddir/build/BUILD/gzip-1.10'
/usr/bin/make.orig  check-local
make.orig[3]: Entering directory '/builddir/build/BUILD/gzip-1.10'
  GEN      gzip.doc.gz
  GEN      check-local
make.orig[3]: Leaving directory '/builddir/build/BUILD/gzip-1.10'
make.orig[2]: Leaving directory '/builddir/build/BUILD/gzip-1.10'
Making check in tests
make.orig[2]: Entering directory '/builddir/build/BUILD/gzip-1.10/tests'
/usr/bin/make.orig  check-TESTS
make.orig[3]: Entering directory '/builddir/build/BUILD/gzip-1.10/tests'
make.orig[4]: Entering directory '/builddir/build/BUILD/gzip-1.10/tests'
PASS: gzexe
PASS: gzip-env
PASS: helin-segv
PASS: help-version
PASS: hufts
PASS: keep
PASS: list
PASS: memcpy-abuse
PASS: mixed
PASS: null-suffix-clobber
PASS: reproducible
PASS: stdin
PASS: timestamp
PASS: trailing-nul
PASS: unpack-invalid
PASS: unpack-valid
PASS: upper-suffix
PASS: z-suffix
PASS: zdiff
PASS: zgrep-f
PASS: zgrep-context
PASS: zgrep-signal
PASS: znew-k
============================================================================
Testsuite summary for gzip 1.10
============================================================================
# TOTAL: 23
# PASS:  23
# SKIP:  0
# XFAIL: 0
# FAIL:  0
# XPASS: 0
# ERROR: 0
============================================================================
make.orig[4]: Leaving directory '/builddir/build/BUILD/gzip-1.10/tests'
make.orig[3]: Leaving directory '/builddir/build/BUILD/gzip-1.10/tests'
make.orig[2]: Leaving directory '/builddir/build/BUILD/gzip-1.10/tests'
make.orig[1]: Leaving directory '/builddir/build/BUILD/gzip-1.10'
+ RPM_EC=0
++ jobs -p
+ exit 0
Finish: chroot ['/bin/su mockbuild -l -c "PATH=/usr/lib64/cswrap:\\$PATH CSWRAP_CAP_FILE=\\$\'/builddir/cswrap-capture.err\' CSWRAP_TIMEOUT=\\$\'30\' CSWRAP_TIMEOUT_FOR=\\$\':\' CC=\\$\'gclang\' CXX=\\$\'gclang++\' CSEXEC_WRAP_CMD=\\$\'--skip-ld-linux\\\\acsexec-symbiotic\\\\a-l\\\\a/builddir/symbiotic-capture\\\\a-s\\\\a--prp=memsafety --timeout=8 \' CSWRAP_ADD_CFLAGS=\\$\'-Wno-unknown-pragmas:-Wno-unused-command-line-argument:-Wno-unused-parameter:-Wno-unknown-attributes:-Wno-unused-label:-Wno-unknown-pragmas:-Wno-unused-command-line-argument:-fsanitize-address-use-after-scope:-O0:-Xclang:-disable-llvm-passes:-D__inline=:-g:-Wl,--dynamic-linker,/usr/bin/csexec-loader:-Wno-unknown-pragmas:-Wl,--dynamic-linker,/usr/bin/csexec-loader\' CSWRAP_DEL_CFLAGS=\\$\'-Werror*:-fdiagnostics-color*:-no-canonical-prefixes:-Wno-error=deprecated-register:-O1:-O2:-O3:-Os:-Ofast:-Og:-Werror*:-fdiagnostics-color*:-no-canonical-prefixes:-Wno-error=deprecated-register\' CSWRAP_ADD_CXXFLAGS=\\$\'-Wno-unused-command-line-argument:-Wno-unused-parameter:-Wno-unknown-attributes:-Wno-unused-label:-Wno-unknown-pragmas:-Wno-unused-command-line-argument:-fsanitize-address-use-after-scope:-O0:-Xclang:-disable-llvm-passes:-D__inline=:-g:-Wl,--dynamic-linker,/usr/bin/csexec-loader:-Wl,--dynamic-linker,/usr/bin/csexec-loader\' CSWRAP_DEL_CXXFLAGS=\\$\'-Werror*:-fdiagnostics-color*:-no-canonical-prefixes:-Wno-error=deprecated-register:-O1:-O2:-O3:-Os:-Ofast:-Og:-Werror*:-fdiagnostics-color*:-no-canonical-prefixes:-Wno-error=deprecated-register\' sh -c \\"rpmbuild -bc --nodeps --short-circuit /builddir/build/SPECS/gzip.spec \'--define\' \'apidocs 0\' \'--define\' \'with_publican 0\' \'--without\' \'docs\' \'--without\' \'langpacks\' \'--define\' \'__cc gclang\' \'--define\' \'__cxx gclang++\' \'--define\' \'__cpp gclang -E\' \'--define\' \'toolchain clang\' \'--define\' \'optflags -O0\' \'--define\' \'build_ldflags -O0\'\\""']

>>> 2021-11-29 15:51:04	"/usr/bin/mock-unbuffered" "-r" "fedora-35-x86_64" "--plugin-option=tmpfs:keep_mounted=True" "--config-opts=print_main_output=True" "--chroot" "/bin/su mockbuild -l -c \"PATH=/usr/lib64/cswrap:\\\$PATH CSWRAP_CAP_FILE=\\\$'/builddir/cswrap-capture.err' CSWRAP_TIMEOUT=\\\$'30' CSWRAP_TIMEOUT_FOR=\\\$':' CC=\\\$'gclang' CXX=\\\$'gclang++' CSEXEC_WRAP_CMD=\\\$'--skip-ld-linux\\\\acsexec-symbiotic\\\\a-l\\\\a/builddir/symbiotic-capture\\\\a-s\\\\a--prp=memsafety --timeout=8 ' CSWRAP_ADD_CFLAGS=\\\$'-Wno-unknown-pragmas:-Wno-unused-command-line-argument:-Wno-unused-parameter:-Wno-unknown-attributes:-Wno-unused-label:-Wno-unknown-pragmas:-Wno-unused-command-line-argument:-fsanitize-address-use-after-scope:-O0:-Xclang:-disable-llvm-passes:-D__inline=:-g:-Wl,--dynamic-linker,/usr/bin/csexec-loader:-Wno-unknown-pragmas:-Wl,--dynamic-linker,/usr/bin/csexec-loader' CSWRAP_DEL_CFLAGS=\\\$'-Werror*:-fdiagnostics-color*:-no-canonical-prefixes:-Wno-error=deprecated-register:-O1:-O2:-O3:-Os:-Ofast:-Og:-Werror*:-fdiagnostics-color*:-no-canonical-prefixes:-Wno-error=deprecated-register' CSWRAP_ADD_CXXFLAGS=\\\$'-Wno-unused-command-line-argument:-Wno-unused-parameter:-Wno-unknown-attributes:-Wno-unused-label:-Wno-unknown-pragmas:-Wno-unused-command-line-argument:-fsanitize-address-use-after-scope:-O0:-Xclang:-disable-llvm-passes:-D__inline=:-g:-Wl,--dynamic-linker,/usr/bin/csexec-loader:-Wl,--dynamic-linker,/usr/bin/csexec-loader' CSWRAP_DEL_CXXFLAGS=\\\$'-Werror*:-fdiagnostics-color*:-no-canonical-prefixes:-Wno-error=deprecated-register:-O1:-O2:-O3:-Os:-Ofast:-Og:-Werror*:-fdiagnostics-color*:-no-canonical-prefixes:-Wno-error=deprecated-register' sh -c \\\"rpmbuild -bi --nodeps --short-circuit /builddir/build/SPECS/gzip.spec '--define' 'apidocs 0' '--define' 'with_publican 0' '--without' 'docs' '--without' 'langpacks' '--define' '__cc gclang' '--define' '__cxx gclang++' '--define' '__cpp gclang -E' '--define' 'toolchain clang' '--define' 'optflags -O0' '--define' 'build_ldflags -O0'\\\"\""
INFO: mock.py version 2.13 starting (python version = 3.9.7, NVR = mock-2.13-1.kdudka.1.fc34)...
Start(bootstrap): init plugins
INFO: selinux enabled
Finish(bootstrap): init plugins
Start: init plugins
INFO: selinux enabled
Finish: init plugins
INFO: Signal handler active
Start: run
Start(bootstrap): chroot init
INFO: calling preinit hooks
INFO: enabled root cache
INFO: enabled package manager cache
Start(bootstrap): cleaning package manager metadata
Finish(bootstrap): cleaning package manager metadata
INFO: enabled HW Info plugin
Mock Version: 2.13
INFO: Mock Version: 2.13
Finish(bootstrap): chroot init
Start: chroot init
INFO: calling preinit hooks
INFO: enabled root cache
INFO: enabled package manager cache
Start: cleaning package manager metadata
Finish: cleaning package manager metadata
INFO: enabled HW Info plugin
Mock Version: 2.13
INFO: Mock Version: 2.13
Finish: chroot init
INFO: Running in chroot: ['/bin/su mockbuild -l -c "PATH=/usr/lib64/cswrap:\\$PATH CSWRAP_CAP_FILE=\\$\'/builddir/cswrap-capture.err\' CSWRAP_TIMEOUT=\\$\'30\' CSWRAP_TIMEOUT_FOR=\\$\':\' CC=\\$\'gclang\' CXX=\\$\'gclang++\' CSEXEC_WRAP_CMD=\\$\'--skip-ld-linux\\\\acsexec-symbiotic\\\\a-l\\\\a/builddir/symbiotic-capture\\\\a-s\\\\a--prp=memsafety --timeout=8 \' CSWRAP_ADD_CFLAGS=\\$\'-Wno-unknown-pragmas:-Wno-unused-command-line-argument:-Wno-unused-parameter:-Wno-unknown-attributes:-Wno-unused-label:-Wno-unknown-pragmas:-Wno-unused-command-line-argument:-fsanitize-address-use-after-scope:-O0:-Xclang:-disable-llvm-passes:-D__inline=:-g:-Wl,--dynamic-linker,/usr/bin/csexec-loader:-Wno-unknown-pragmas:-Wl,--dynamic-linker,/usr/bin/csexec-loader\' CSWRAP_DEL_CFLAGS=\\$\'-Werror*:-fdiagnostics-color*:-no-canonical-prefixes:-Wno-error=deprecated-register:-O1:-O2:-O3:-Os:-Ofast:-Og:-Werror*:-fdiagnostics-color*:-no-canonical-prefixes:-Wno-error=deprecated-register\' CSWRAP_ADD_CXXFLAGS=\\$\'-Wno-unused-command-line-argument:-Wno-unused-parameter:-Wno-unknown-attributes:-Wno-unused-label:-Wno-unknown-pragmas:-Wno-unused-command-line-argument:-fsanitize-address-use-after-scope:-O0:-Xclang:-disable-llvm-passes:-D__inline=:-g:-Wl,--dynamic-linker,/usr/bin/csexec-loader:-Wl,--dynamic-linker,/usr/bin/csexec-loader\' CSWRAP_DEL_CXXFLAGS=\\$\'-Werror*:-fdiagnostics-color*:-no-canonical-prefixes:-Wno-error=deprecated-register:-O1:-O2:-O3:-Os:-Ofast:-Og:-Werror*:-fdiagnostics-color*:-no-canonical-prefixes:-Wno-error=deprecated-register\' sh -c \\"rpmbuild -bi --nodeps --short-circuit /builddir/build/SPECS/gzip.spec \'--define\' \'apidocs 0\' \'--define\' \'with_publican 0\' \'--without\' \'docs\' \'--without\' \'langpacks\' \'--define\' \'__cc gclang\' \'--define\' \'__cxx gclang++\' \'--define\' \'__cpp gclang -E\' \'--define\' \'toolchain clang\' \'--define\' \'optflags -O0\' \'--define\' \'build_ldflags -O0\'\\""']
Start: chroot ['/bin/su mockbuild -l -c "PATH=/usr/lib64/cswrap:\\$PATH CSWRAP_CAP_FILE=\\$\'/builddir/cswrap-capture.err\' CSWRAP_TIMEOUT=\\$\'30\' CSWRAP_TIMEOUT_FOR=\\$\':\' CC=\\$\'gclang\' CXX=\\$\'gclang++\' CSEXEC_WRAP_CMD=\\$\'--skip-ld-linux\\\\acsexec-symbiotic\\\\a-l\\\\a/builddir/symbiotic-capture\\\\a-s\\\\a--prp=memsafety --timeout=8 \' CSWRAP_ADD_CFLAGS=\\$\'-Wno-unknown-pragmas:-Wno-unused-command-line-argument:-Wno-unused-parameter:-Wno-unknown-attributes:-Wno-unused-label:-Wno-unknown-pragmas:-Wno-unused-command-line-argument:-fsanitize-address-use-after-scope:-O0:-Xclang:-disable-llvm-passes:-D__inline=:-g:-Wl,--dynamic-linker,/usr/bin/csexec-loader:-Wno-unknown-pragmas:-Wl,--dynamic-linker,/usr/bin/csexec-loader\' CSWRAP_DEL_CFLAGS=\\$\'-Werror*:-fdiagnostics-color*:-no-canonical-prefixes:-Wno-error=deprecated-register:-O1:-O2:-O3:-Os:-Ofast:-Og:-Werror*:-fdiagnostics-color*:-no-canonical-prefixes:-Wno-error=deprecated-register\' CSWRAP_ADD_CXXFLAGS=\\$\'-Wno-unused-command-line-argument:-Wno-unused-parameter:-Wno-unknown-attributes:-Wno-unused-label:-Wno-unknown-pragmas:-Wno-unused-command-line-argument:-fsanitize-address-use-after-scope:-O0:-Xclang:-disable-llvm-passes:-D__inline=:-g:-Wl,--dynamic-linker,/usr/bin/csexec-loader:-Wl,--dynamic-linker,/usr/bin/csexec-loader\' CSWRAP_DEL_CXXFLAGS=\\$\'-Werror*:-fdiagnostics-color*:-no-canonical-prefixes:-Wno-error=deprecated-register:-O1:-O2:-O3:-Os:-Ofast:-Og:-Werror*:-fdiagnostics-color*:-no-canonical-prefixes:-Wno-error=deprecated-register\' sh -c \\"rpmbuild -bi --nodeps --short-circuit /builddir/build/SPECS/gzip.spec \'--define\' \'apidocs 0\' \'--define\' \'with_publican 0\' \'--without\' \'docs\' \'--without\' \'langpacks\' \'--define\' \'__cc gclang\' \'--define\' \'__cxx gclang++\' \'--define\' \'__cpp gclang -E\' \'--define\' \'toolchain clang\' \'--define\' \'optflags -O0\' \'--define\' \'build_ldflags -O0\'\\""']
setting SOURCE_DATE_EPOCH=1626912000
Executing(%install): /bin/sh -e /var/tmp/rpm-tmp.7ml9yg
+ umask 022
+ cd /builddir/build/BUILD
+ '[' /builddir/build/BUILDROOT/gzip-1.10-5.fc35.x86_64 '!=' / ']'
+ rm -rf /builddir/build/BUILDROOT/gzip-1.10-5.fc35.x86_64
++ dirname /builddir/build/BUILDROOT/gzip-1.10-5.fc35.x86_64
+ mkdir -p /builddir/build/BUILDROOT
+ mkdir /builddir/build/BUILDROOT/gzip-1.10-5.fc35.x86_64
+ cd gzip-1.10
+ echo 'warning: %makeinstall is deprecated, try %make_install instead'
warning: %makeinstall is deprecated, try %make_install instead
+ /usr/bin/make prefix=/builddir/build/BUILDROOT/gzip-1.10-5.fc35.x86_64/usr exec_prefix=/builddir/build/BUILDROOT/gzip-1.10-5.fc35.x86_64/usr bindir=/builddir/build/BUILDROOT/gzip-1.10-5.fc35.x86_64/usr/bin sbindir=/builddir/build/BUILDROOT/gzip-1.10-5.fc35.x86_64/usr/sbin sysconfdir=/builddir/build/BUILDROOT/gzip-1.10-5.fc35.x86_64/etc datadir=/builddir/build/BUILDROOT/gzip-1.10-5.fc35.x86_64/usr/share includedir=/builddir/build/BUILDROOT/gzip-1.10-5.fc35.x86_64/usr/include libdir=/builddir/build/BUILDROOT/gzip-1.10-5.fc35.x86_64/usr/lib64 libexecdir=/builddir/build/BUILDROOT/gzip-1.10-5.fc35.x86_64/usr/libexec localstatedir=/builddir/build/BUILDROOT/gzip-1.10-5.fc35.x86_64/var sharedstatedir=/builddir/build/BUILDROOT/gzip-1.10-5.fc35.x86_64/var/lib mandir=/builddir/build/BUILDROOT/gzip-1.10-5.fc35.x86_64/usr/share/man infodir=/builddir/build/BUILDROOT/gzip-1.10-5.fc35.x86_64/usr/share/info install
/usr/bin/make.orig  install-recursive
make.orig[1]: Entering directory '/builddir/build/BUILD/gzip-1.10'
Making install in lib
make.orig[2]: Entering directory '/builddir/build/BUILD/gzip-1.10/lib'
/usr/bin/make.orig  install-am
make.orig[3]: Entering directory '/builddir/build/BUILD/gzip-1.10/lib'
make.orig[4]: Entering directory '/builddir/build/BUILD/gzip-1.10/lib'
make.orig[4]: Nothing to be done for 'install-exec-am'.
make.orig[4]: Nothing to be done for 'install-data-am'.
make.orig[4]: Leaving directory '/builddir/build/BUILD/gzip-1.10/lib'
make.orig[3]: Leaving directory '/builddir/build/BUILD/gzip-1.10/lib'
make.orig[2]: Leaving directory '/builddir/build/BUILD/gzip-1.10/lib'
Making install in doc
make.orig[2]: Entering directory '/builddir/build/BUILD/gzip-1.10/doc'
make.orig[3]: Entering directory '/builddir/build/BUILD/gzip-1.10/doc'
make.orig[3]: Nothing to be done for 'install-exec-am'.
 /usr/bin/mkdir -p '/builddir/build/BUILDROOT/gzip-1.10-5.fc35.x86_64/usr/share/info'
 /usr/bin/install -c -m 644 ./gzip.info '/builddir/build/BUILDROOT/gzip-1.10-5.fc35.x86_64/usr/share/info'
 install-info --info-dir='/builddir/build/BUILDROOT/gzip-1.10-5.fc35.x86_64/usr/share/info' '/builddir/build/BUILDROOT/gzip-1.10-5.fc35.x86_64/usr/share/info/gzip.info'
make.orig[3]: Leaving directory '/builddir/build/BUILD/gzip-1.10/doc'
make.orig[2]: Leaving directory '/builddir/build/BUILD/gzip-1.10/doc'
Making install in .
make.orig[2]: Entering directory '/builddir/build/BUILD/gzip-1.10'
make.orig[3]: Entering directory '/builddir/build/BUILD/gzip-1.10'
 /usr/bin/mkdir -p '/builddir/build/BUILDROOT/gzip-1.10-5.fc35.x86_64/usr/bin'
  /usr/bin/install -c gzip '/builddir/build/BUILDROOT/gzip-1.10-5.fc35.x86_64/usr/bin'
 /usr/bin/mkdir -p '/builddir/build/BUILDROOT/gzip-1.10-5.fc35.x86_64/usr/bin'
 /usr/bin/install -c gunzip gzexe zcat zcmp zdiff zegrep zfgrep zforce zgrep zless zmore znew '/builddir/build/BUILDROOT/gzip-1.10-5.fc35.x86_64/usr/bin'
/usr/bin/make.orig  install-exec-hook
make.orig[4]: Entering directory '/builddir/build/BUILD/gzip-1.10'
+ cd /builddir/build/BUILDROOT/gzip-1.10-5.fc35.x86_64/usr/bin
+ rm -f uncompress
+ case remove-installed-links in
+ cd /builddir/build/BUILDROOT/gzip-1.10-5.fc35.x86_64/usr/bin
+ rm -f uncompress
+ case install-exec-hook in
+ ln gunzip uncompress
make.orig[4]: Leaving directory '/builddir/build/BUILD/gzip-1.10'
 /usr/bin/mkdir -p '/builddir/build/BUILDROOT/gzip-1.10-5.fc35.x86_64/usr/share/man/man1'
 /usr/bin/install -c -m 644 gunzip.1 gzexe.1 gzip.1 zcat.1 zcmp.1 zdiff.1 zforce.1 zgrep.1 zless.1 zmore.1 znew.1 '/builddir/build/BUILDROOT/gzip-1.10-5.fc35.x86_64/usr/share/man/man1'
make.orig[3]: Leaving directory '/builddir/build/BUILD/gzip-1.10'
make.orig[2]: Leaving directory '/builddir/build/BUILD/gzip-1.10'
Making install in tests
make.orig[2]: Entering directory '/builddir/build/BUILD/gzip-1.10/tests'
make.orig[3]: Entering directory '/builddir/build/BUILD/gzip-1.10/tests'
make.orig[3]: Nothing to be done for 'install-exec-am'.
make.orig[3]: Nothing to be done for 'install-data-am'.
make.orig[3]: Leaving directory '/builddir/build/BUILD/gzip-1.10/tests'
make.orig[2]: Leaving directory '/builddir/build/BUILD/gzip-1.10/tests'
make.orig[1]: Leaving directory '/builddir/build/BUILD/gzip-1.10'
+ gzip -9nf /builddir/build/BUILDROOT/gzip-1.10-5.fc35.x86_64/usr/share/info/gzip.info
+ rm -f /builddir/build/BUILDROOT/gzip-1.10-5.fc35.x86_64/usr/share/info/dir
+ rm -f /builddir/build/BUILDROOT/gzip-1.10-5.fc35.x86_64/usr/bin/uncompress
+ mkdir -p /builddir/build/BUILDROOT/gzip-1.10-5.fc35.x86_64/etc/profile.d
+ install -p -m 644 /builddir/build/SOURCES/colorzgrep.csh /builddir/build/BUILDROOT/gzip-1.10-5.fc35.x86_64/etc/profile.d
+ install -p -m 644 /builddir/build/SOURCES/colorzgrep.sh /builddir/build/BUILDROOT/gzip-1.10-5.fc35.x86_64/etc/profile.d
+ /usr/bin/find-debuginfo -j8 --strict-build-id -m -i --build-id-seed 1.10-5.fc35 --unique-debug-suffix -1.10-5.fc35.x86_64 --unique-debug-src-base gzip-1.10-5.fc35.x86_64 --run-dwz --dwz-low-mem-die-limit 10000000 --dwz-max-die-limit 110000000 -S debugsourcefiles.list /builddir/build/BUILD/gzip-1.10
extracting debug info from /builddir/build/BUILDROOT/gzip-1.10-5.fc35.x86_64/usr/bin/gzip
original debug info size: 108kB, size after compression: 100kB
/usr/bin/sepdebugcrcfix: Updated 1 CRC32s, 0 CRC32s did match.
674 blocks
+ /usr/lib/rpm/check-buildroot
+ /usr/lib/rpm/redhat/brp-llvm-compile-lto-elf -O0 -O0
Checking for LLVM bitcode artifacts
+ /usr/lib/rpm/redhat/brp-ldconfig
+ /usr/lib/rpm/brp-compress
+ /usr/lib/rpm/redhat/brp-strip-lto /usr/bin/strip
+ /usr/lib/rpm/brp-strip-static-archive /usr/bin/strip
+ /usr/lib/rpm/check-rpaths
+ /usr/lib/rpm/redhat/brp-mangle-shebangs
mangling shebang in /usr/bin/gunzip from /bin/sh to #!/usr/bin/sh
mangling shebang in /usr/bin/gzexe from /bin/sh to #!/usr/bin/sh
mangling shebang in /usr/bin/zcat from /bin/sh to #!/usr/bin/sh
mangling shebang in /usr/bin/zcmp from /bin/sh to #!/usr/bin/sh
mangling shebang in /usr/bin/zdiff from /bin/sh to #!/usr/bin/sh
mangling shebang in /usr/bin/zegrep from /bin/sh to #!/usr/bin/sh
mangling shebang in /usr/bin/zfgrep from /bin/sh to #!/usr/bin/sh
mangling shebang in /usr/bin/zforce from /bin/sh to #!/usr/bin/sh
mangling shebang in /usr/bin/zgrep from /bin/sh to #!/usr/bin/sh
mangling shebang in /usr/bin/zless from /bin/sh to #!/usr/bin/sh
mangling shebang in /usr/bin/zmore from /bin/sh to #!/usr/bin/sh
mangling shebang in /usr/bin/znew from /bin/sh to #!/usr/bin/sh
+ /usr/lib/rpm/redhat/brp-python-bytecompile '' 1 0
+ /usr/lib/rpm/redhat/brp-python-hardlink
Processing files: gzip-1.10-5.fc35.x86_64
Executing(%doc): /bin/sh -e /var/tmp/rpm-tmp.qBWr3q
+ umask 022
+ cd /builddir/build/BUILD
+ cd gzip-1.10
+ DOCDIR=/builddir/build/BUILDROOT/gzip-1.10-5.fc35.x86_64/usr/share/doc/gzip
+ export LC_ALL=C
+ LC_ALL=C
+ export DOCDIR
+ /usr/bin/mkdir -p /builddir/build/BUILDROOT/gzip-1.10-5.fc35.x86_64/usr/share/doc/gzip
+ cp -pr NEWS /builddir/build/BUILDROOT/gzip-1.10-5.fc35.x86_64/usr/share/doc/gzip
+ cp -pr README /builddir/build/BUILDROOT/gzip-1.10-5.fc35.x86_64/usr/share/doc/gzip
+ cp -pr AUTHORS /builddir/build/BUILDROOT/gzip-1.10-5.fc35.x86_64/usr/share/doc/gzip
+ cp -pr ChangeLog /builddir/build/BUILDROOT/gzip-1.10-5.fc35.x86_64/usr/share/doc/gzip
+ cp -pr THANKS /builddir/build/BUILDROOT/gzip-1.10-5.fc35.x86_64/usr/share/doc/gzip
+ cp -pr TODO /builddir/build/BUILDROOT/gzip-1.10-5.fc35.x86_64/usr/share/doc/gzip
+ RPM_EC=0
++ jobs -p
+ exit 0
Executing(%license): /bin/sh -e /var/tmp/rpm-tmp.QooHhM
+ umask 022
+ cd /builddir/build/BUILD
+ cd gzip-1.10
+ LICENSEDIR=/builddir/build/BUILDROOT/gzip-1.10-5.fc35.x86_64/usr/share/licenses/gzip
+ export LC_ALL=C
+ LC_ALL=C
+ export LICENSEDIR
+ /usr/bin/mkdir -p /builddir/build/BUILDROOT/gzip-1.10-5.fc35.x86_64/usr/share/licenses/gzip
+ cp -pr COPYING /builddir/build/BUILDROOT/gzip-1.10-5.fc35.x86_64/usr/share/licenses/gzip
+ cp -pr fdl-1.3.txt /builddir/build/BUILDROOT/gzip-1.10-5.fc35.x86_64/usr/share/licenses/gzip
+ RPM_EC=0
++ jobs -p
+ exit 0
Provides: /bin/gunzip /bin/gzip /bin/zcat bundled(gnulib) gzip = 1.10-5.fc35 gzip(x86-64) = 1.10-5.fc35
Requires(rpmlib): rpmlib(CompressedFileNames) <= 3.0.4-1 rpmlib(FileDigests) <= 4.6.0-1 rpmlib(PayloadFilesHavePrefix) <= 4.0-1
Requires: /usr/bin/sh libc.so.6()(64bit) libc.so.6(GLIBC_2.14)(64bit) libc.so.6(GLIBC_2.17)(64bit) libc.so.6(GLIBC_2.2.5)(64bit) libc.so.6(GLIBC_2.3)(64bit) libc.so.6(GLIBC_2.33)(64bit) libc.so.6(GLIBC_2.34)(64bit) libc.so.6(GLIBC_2.4)(64bit) libc.so.6(GLIBC_2.6)(64bit) rtld(GNU_HASH)
Conflicts: filesystem < 3
Processing files: gzip-debugsource-1.10-5.fc35.x86_64
Provides: gzip-debugsource = 1.10-5.fc35 gzip-debugsource(x86-64) = 1.10-5.fc35
Requires(rpmlib): rpmlib(CompressedFileNames) <= 3.0.4-1 rpmlib(FileDigests) <= 4.6.0-1 rpmlib(PayloadFilesHavePrefix) <= 4.0-1
Processing files: gzip-debuginfo-1.10-5.fc35.x86_64
Provides: debuginfo(build-id) = be02ac09b9ca992b69d3697ebc1ee4defb8d964d gzip-debuginfo = 1.10-5.fc35 gzip-debuginfo(x86-64) = 1.10-5.fc35
Requires(rpmlib): rpmlib(CompressedFileNames) <= 3.0.4-1 rpmlib(FileDigests) <= 4.6.0-1 rpmlib(PayloadFilesHavePrefix) <= 4.0-1
Recommends: gzip-debugsource(x86-64) = 1.10-5.fc35
Checking for unpackaged file(s): /usr/lib/rpm/check-files /builddir/build/BUILDROOT/gzip-1.10-5.fc35.x86_64
Finish: chroot ['/bin/su mockbuild -l -c "PATH=/usr/lib64/cswrap:\\$PATH CSWRAP_CAP_FILE=\\$\'/builddir/cswrap-capture.err\' CSWRAP_TIMEOUT=\\$\'30\' CSWRAP_TIMEOUT_FOR=\\$\':\' CC=\\$\'gclang\' CXX=\\$\'gclang++\' CSEXEC_WRAP_CMD=\\$\'--skip-ld-linux\\\\acsexec-symbiotic\\\\a-l\\\\a/builddir/symbiotic-capture\\\\a-s\\\\a--prp=memsafety --timeout=8 \' CSWRAP_ADD_CFLAGS=\\$\'-Wno-unknown-pragmas:-Wno-unused-command-line-argument:-Wno-unused-parameter:-Wno-unknown-attributes:-Wno-unused-label:-Wno-unknown-pragmas:-Wno-unused-command-line-argument:-fsanitize-address-use-after-scope:-O0:-Xclang:-disable-llvm-passes:-D__inline=:-g:-Wl,--dynamic-linker,/usr/bin/csexec-loader:-Wno-unknown-pragmas:-Wl,--dynamic-linker,/usr/bin/csexec-loader\' CSWRAP_DEL_CFLAGS=\\$\'-Werror*:-fdiagnostics-color*:-no-canonical-prefixes:-Wno-error=deprecated-register:-O1:-O2:-O3:-Os:-Ofast:-Og:-Werror*:-fdiagnostics-color*:-no-canonical-prefixes:-Wno-error=deprecated-register\' CSWRAP_ADD_CXXFLAGS=\\$\'-Wno-unused-command-line-argument:-Wno-unused-parameter:-Wno-unknown-attributes:-Wno-unused-label:-Wno-unknown-pragmas:-Wno-unused-command-line-argument:-fsanitize-address-use-after-scope:-O0:-Xclang:-disable-llvm-passes:-D__inline=:-g:-Wl,--dynamic-linker,/usr/bin/csexec-loader:-Wl,--dynamic-linker,/usr/bin/csexec-loader\' CSWRAP_DEL_CXXFLAGS=\\$\'-Werror*:-fdiagnostics-color*:-no-canonical-prefixes:-Wno-error=deprecated-register:-O1:-O2:-O3:-Os:-Ofast:-Og:-Werror*:-fdiagnostics-color*:-no-canonical-prefixes:-Wno-error=deprecated-register\' sh -c \\"rpmbuild -bi --nodeps --short-circuit /builddir/build/SPECS/gzip.spec \'--define\' \'apidocs 0\' \'--define\' \'with_publican 0\' \'--without\' \'docs\' \'--without\' \'langpacks\' \'--define\' \'__cc gclang\' \'--define\' \'__cxx gclang++\' \'--define\' \'__cpp gclang -E\' \'--define\' \'toolchain clang\' \'--define\' \'optflags -O0\' \'--define\' \'build_ldflags -O0\'\\""']

>>> 2021-11-29 15:51:07	"'/usr/bin/mock-unbuffered' '-r' 'fedora-35-x86_64' '--plugin-option=tmpfs:keep_mounted=True' '--config-opts=print_main_output=True' '--quiet' '--shell' 'tar -c --remove-files '/builddir/cswrap-capture.err' '/builddir/symbiotic-capture'' | tar -xC '/home/kdudka/git/aufover-benchmark/workdir-for-sync/rpm-pkgs/gzip-1.10-5.fc35/symbiotic/output/debug/raw-results'"
tar: Removing leading `/' from member names
tar: Removing leading `/' from hard link targets

>>> 2021-11-29 15:51:09	"csgrep --mode=json --remove-duplicates '/home/kdudka/git/aufover-benchmark/workdir-for-sync/rpm-pkgs/gzip-1.10-5.fc35/symbiotic/output/debug/raw-results/builddir/symbiotic-capture'/pid-*.conv > '/home/kdudka/git/aufover-benchmark/workdir-for-sync/rpm-pkgs/gzip-1.10-5.fc35/symbiotic/output/debug/uni-results/symbiotic-capture.js'"

scan.ini: time-finished = 2021-11-29 15:51:09
scan.ini: exit-code = 0
>>> 2021-11-29 15:51:09	"cslinker --quiet --cwelist '/usr/share/csmock/cwe-map.csv' --inifile '/home/kdudka/git/aufover-benchmark/workdir-for-sync/rpm-pkgs/gzip-1.10-5.fc35/symbiotic/output/scan.ini' '/home/kdudka/git/aufover-benchmark/workdir-for-sync/rpm-pkgs/gzip-1.10-5.fc35/symbiotic/output/debug/uni-results'/* > '/home/kdudka/git/aufover-benchmark/workdir-for-sync/rpm-pkgs/gzip-1.10-5.fc35/symbiotic/output/debug/scan-results-all.js'"

>>> 2021-11-29 15:51:09	"'/usr/bin/mock-unbuffered' '-r' 'fedora-35-x86_64' '--plugin-option=tmpfs:keep_mounted=True' '--config-opts=print_main_output=True' '--quiet' '--shell' 'csgrep --mode=json --embed-context 3' < '/home/kdudka/git/aufover-benchmark/workdir-for-sync/rpm-pkgs/gzip-1.10-5.fc35/symbiotic/output/debug/scan-results-all.js' > '/home/kdudka/git/aufover-benchmark/workdir-for-sync/rpm-pkgs/gzip-1.10-5.fc35/symbiotic/output/debug/scan-results-all.js.tmp'"

>>> 2021-11-29 15:51:10	"/usr/bin/mock-unbuffered" "-r" "fedora-35-x86_64" "--plugin-option=tmpfs:keep_mounted=True" "--config-opts=print_main_output=True" "--quiet" "--clean"

>>> 2021-11-29 15:51:20	"cat '/home/kdudka/git/aufover-benchmark/workdir-for-sync/rpm-pkgs/gzip-1.10-5.fc35/symbiotic/output/debug/scan-results-all.js' | sed 's|/builddir/build/BUILDROOT/[^/]*/|/builddir/build/BUILD//|' | csgrep --mode=json --path '^/builddir/build/BUILD/' --strip-path-prefix /builddir/build/BUILD/ | csgrep --mode=json --invert-match --path '^ksh-.*[0-9]+\\.c\$' | csgrep --mode=json --invert-match --path 'CMakeFiles/CMakeTmp|conftest.c' | csdiff --json-output --show-internal \"/usr/share/csmock/known-false-positives.js\" - | cssort --key=path > '/home/kdudka/git/aufover-benchmark/workdir-for-sync/rpm-pkgs/gzip-1.10-5.fc35/symbiotic/output/scan-results.js'"

>>> 2021-11-29 15:51:20	"sed 's|/builddir/build/BUILDROOT/[^/]*/|/builddir/build/BUILD//|' '/home/kdudka/git/aufover-benchmark/workdir-for-sync/rpm-pkgs/gzip-1.10-5.fc35/symbiotic/output/debug/scan-results-all.js' | csgrep --mode=json --strip-path-prefix /builddir/build/BUILD/ | csdiff --show-internal '/home/kdudka/git/aufover-benchmark/workdir-for-sync/rpm-pkgs/gzip-1.10-5.fc35/symbiotic/output/scan-results.js' - | cssort > '/home/kdudka/git/aufover-benchmark/workdir-for-sync/rpm-pkgs/gzip-1.10-5.fc35/symbiotic/output/debug/suppressed-results.js'"

>>> 2021-11-29 15:51:20	"csgrep --mode=grep --invert-match --event \"internal warning\" --prune-events=1 '/home/kdudka/git/aufover-benchmark/workdir-for-sync/rpm-pkgs/gzip-1.10-5.fc35/symbiotic/output/debug/suppressed-results.js' > '/home/kdudka/git/aufover-benchmark/workdir-for-sync/rpm-pkgs/gzip-1.10-5.fc35/symbiotic/output/debug/suppressed-results.err'"

>>> 2021-11-29 15:51:20	"csgrep --mode=json --invert-match --event \"internal warning\" --prune-events=1 '/home/kdudka/git/aufover-benchmark/workdir-for-sync/rpm-pkgs/gzip-1.10-5.fc35/symbiotic/output/debug/suppressed-results.js' | cshtml - > '/home/kdudka/git/aufover-benchmark/workdir-for-sync/rpm-pkgs/gzip-1.10-5.fc35/symbiotic/output/debug/suppressed-results.html'"

>>> 2021-11-29 15:51:20	"csgrep --mode=evtstat --invert-match --event \"internal warning\" --prune-events=1 '/home/kdudka/git/aufover-benchmark/workdir-for-sync/rpm-pkgs/gzip-1.10-5.fc35/symbiotic/output/debug/suppressed-results.js' | tee '/home/kdudka/git/aufover-benchmark/workdir-for-sync/rpm-pkgs/gzip-1.10-5.fc35/symbiotic/output/debug/suppressed-results-summary.txt'"

>>> 2021-11-29 15:51:21	"csgrep --mode=grep --invert-match --event \"internal warning\" --prune-events=1 '/home/kdudka/git/aufover-benchmark/workdir-for-sync/rpm-pkgs/gzip-1.10-5.fc35/symbiotic/output/scan-results.js' > '/home/kdudka/git/aufover-benchmark/workdir-for-sync/rpm-pkgs/gzip-1.10-5.fc35/symbiotic/output/scan-results.err'"

>>> 2021-11-29 15:51:21	"csgrep --mode=json --invert-match --event \"internal warning\" --prune-events=1 '/home/kdudka/git/aufover-benchmark/workdir-for-sync/rpm-pkgs/gzip-1.10-5.fc35/symbiotic/output/scan-results.js' | cshtml - > '/home/kdudka/git/aufover-benchmark/workdir-for-sync/rpm-pkgs/gzip-1.10-5.fc35/symbiotic/output/scan-results.html'"

>>> 2021-11-29 15:51:21	"csgrep --mode=evtstat --invert-match --event \"internal warning\" --prune-events=1 '/home/kdudka/git/aufover-benchmark/workdir-for-sync/rpm-pkgs/gzip-1.10-5.fc35/symbiotic/output/scan-results.js' | tee '/home/kdudka/git/aufover-benchmark/workdir-for-sync/rpm-pkgs/gzip-1.10-5.fc35/symbiotic/output/scan-results-summary.txt'"

<<< 2021-11-29 15:51:21	csmock exit code: 0

