scan.ini: [scan]
scan.ini: tool = csmock
scan.ini: tool-version = csmock-3.1.0.20211130.175245.g27e99a8.internal-1.el7
scan.ini: tool-args = '/usr/bin/csmock' '-o' '/home/kdudka/aufover-benchmark/workdir-for-sync/rpm-pkgs/libassuan-2.5.5-3.fc35/symbiotic/output' '-f' '/home/kdudka/aufover-benchmark/workdir-for-sync/rpm-pkgs/libassuan-2.5.5-3.fc35/libassuan-2.5.5-3.fc35.src.rpm' '-r' 'fedora-35-x86_64' '-t' 'symbiotic' '--symbiotic-timeout=8' '--keep-going'
scan.ini: host = cov03.lab.eng.brq.redhat.com
scan.ini: store-results-to = /home/kdudka/aufover-benchmark/workdir-for-sync/rpm-pkgs/libassuan-2.5.5-3.fc35/symbiotic/output
scan.ini: time-created = 2021-12-01 11:36:49
scan.ini: enabled-plugins = symbiotic, gcc
scan.ini: mock-config = fedora-35-x86_64
scan.ini: project-name = libassuan-2.5.5-3.fc35
scan.ini: known-false-positives = /usr/share/csmock/known-false-positives.js
>>> 2021-12-01 11:36:49	"rpm -qa | sort -V > '/home/kdudka/aufover-benchmark/workdir-for-sync/rpm-pkgs/libassuan-2.5.5-3.fc35/symbiotic/output/debug/rpm-list-host.txt'"

>>> 2021-12-01 11:36:50	"/usr/bin/mock-unbuffered" "-r" "fedora-35-x86_64" "--plugin-option=tmpfs:keep_mounted=True" "--config-opts=print_main_output=True" "--init"
INFO: mock.py version 2.13 starting (python version = 3.6.8, NVR = mock-2.13-1.kdudka.1.el7)...
Start(bootstrap): init plugins
INFO: selinux enabled
Finish(bootstrap): init plugins
Start: init plugins
INFO: selinux enabled
Finish: init plugins
INFO: Signal handler active
Start: run
Start: clean chroot
Finish: clean chroot
Start(bootstrap): chroot init
INFO: calling preinit hooks
INFO: enabled root cache
INFO: enabled package manager cache
Start(bootstrap): cleaning package manager metadata
Finish(bootstrap): cleaning package manager metadata
INFO: enabled HW Info plugin
Mock Version: 2.13
INFO: Mock Version: 2.13
Finish(bootstrap): chroot init
Start: chroot init
INFO: calling preinit hooks
INFO: enabled root cache
Start: unpacking root cache
Finish: unpacking root cache
INFO: enabled package manager cache
Start: cleaning package manager metadata
Finish: cleaning package manager metadata
INFO: enabled HW Info plugin
Mock Version: 2.13
INFO: Mock Version: 2.13
Finish: chroot init
Finish: run

>>> 2021-12-01 11:36:53	"/usr/bin/mock-unbuffered" "-r" "fedora-35-x86_64" "--plugin-option=tmpfs:keep_mounted=True" "--config-opts=print_main_output=True" "--quiet" "--installdeps" "/tmp/csmock5wkrfpfp/libassuan-2.5.5-3.fc35.src.rpm"
No matches found for the following disable plugin patterns: local, spacewalk, versionlock
Package gawk-5.1.0-4.fc35.x86_64 is already installed.
Dependencies resolved.
================================================================================
 Package                 Arch        Version               Repository      Size
================================================================================
Installing:
 [1mgcc                    [m x86_64      11.2.1-1.fc35         f35-build       31 M
 [1mlibgpg-error-devel     [m x86_64      1.43-1.fc35           f35-build       65 k
 [1mmake                   [m x86_64      1:4.3-6.fc35          f35-build      533 k
Installing dependencies:
 [1mannobin-docs           [m noarch      9.87-3.fc35           f35-build       78 k
 [1mannobin-plugin-gcc     [m x86_64      9.87-3.fc35           f35-build       42 k
 [1mcpp                    [m x86_64      11.2.1-1.fc35         f35-build       10 M
 [1mgc                     [m x86_64      8.0.4-6.fc35          f35-build      103 k
 [1mglibc-devel            [m x86_64      2.34-8.fc35           f35-build      146 k
 [1mglibc-headers-x86      [m noarch      2.34-8.fc35           f35-build      544 k
 [1mguile22                [m x86_64      2.2.7-3.fc35          f35-build      6.4 M
 [1mkernel-headers         [m x86_64      5.15.4-200.fc35       f35-build      1.3 M
 [1mlibmpc                 [m x86_64      1.2.1-3.fc35          f35-build       62 k
 [1mlibtool-ltdl           [m x86_64      2.4.6-42.fc35         f35-build       36 k
 [1mlibxcrypt-devel        [m x86_64      4.4.26-4.fc35         f35-build       29 k

Transaction Summary
================================================================================
Install  14 Packages

Total size: 51 M
Installed size: 161 M
Downloading Packages:
Running transaction check
Transaction check succeeded.
Running transaction test
Transaction test succeeded.
Running transaction

Installed:
  annobin-docs-9.87-3.fc35.noarch        annobin-plugin-gcc-9.87-3.fc35.x86_64 
  cpp-11.2.1-1.fc35.x86_64               gc-8.0.4-6.fc35.x86_64                
  gcc-11.2.1-1.fc35.x86_64               glibc-devel-2.34-8.fc35.x86_64        
  glibc-headers-x86-2.34-8.fc35.noarch   guile22-2.2.7-3.fc35.x86_64           
  kernel-headers-5.15.4-200.fc35.x86_64  libgpg-error-devel-1.43-1.fc35.x86_64 
  libmpc-1.2.1-3.fc35.x86_64             libtool-ltdl-2.4.6-42.fc35.x86_64     
  libxcrypt-devel-4.4.26-4.fc35.x86_64   make-1:4.3-6.fc35.x86_64              

Complete!

>>> 2021-12-01 11:37:01	"/usr/bin/mock-unbuffered" "-r" "fedora-35-x86_64" "--plugin-option=tmpfs:keep_mounted=True" "--config-opts=print_main_output=True" "--quiet" "--addrepo" "https://download.copr.fedorainfracloud.org/results/@aufover/symbiotic/fedora-\$releasever-\$basearch/" "--addrepo" "https://download.copr.fedorainfracloud.org/results/@aufover/gllvm/fedora-\$releasever-\$basearch/" "--install" "symbiotic" "gllvm"
No matches found for the following disable plugin patterns: local, spacewalk, versionlock
Dependencies resolved.
============================================================================================================================================================
 Package                     Arch    Version                      Repository                                                                            Size
============================================================================================================================================================
Installing:
 [1mgllvm                      [m x86_64  1.3.0-1.fc35                 downloadcoprfedorainfracloudorg_results_aufover_gllvm_fedorareleaseverbasearch_      1.6 M
 [1msymbiotic                  [m x86_64  8.0.0.20211119.190944-1.fc35 downloadcoprfedorainfracloudorg_results_aufover_symbiotic_fedorareleaseverbasearch_  2.0 M
Installing dependencies:
 [1mclang                      [m x86_64  13.0.0-3.fc35                f35-build                                                                             84 k
 [1mclang-libs                 [m x86_64  13.0.0-3.fc35                f35-build                                                                             22 M
 [1mclang-resource-filesystem  [m x86_64  13.0.0-3.fc35                f35-build                                                                             14 k
 [1mexpat                      [m x86_64  2.4.1-2.fc35                 f35-build                                                                            110 k
 [1mgcc-c++                    [m x86_64  11.2.1-1.fc35                f35-build                                                                             12 M
 [1mjsoncpp                    [m x86_64  1.9.4-5.fc35                 f35-build                                                                             93 k
 [1mlibedit                    [m x86_64  3.1-40.20210910cvs.fc35      f35-build                                                                            105 k
 [1mlibstdc++-devel            [m x86_64  11.2.1-1.fc35                f35-build                                                                            2.2 M
 [1mllvm                       [m x86_64  13.0.0-4.fc35                f35-build                                                                             15 M
 [1mllvm-libs                  [m x86_64  13.0.0-4.fc35                f35-build                                                                             25 M
 [1mmpdecimal                  [m x86_64  2.5.1-2.fc35                 f35-build                                                                             99 k
 [1mpython-pip-wheel           [m noarch  21.2.3-4.fc35                f35-build                                                                            1.1 M
 [1mpython-setuptools-wheel    [m noarch  57.4.0-1.fc35                f35-build                                                                            505 k
 [1mpython3                    [m x86_64  3.10.0-1.fc35                f35-build                                                                             25 k
 [1mpython3-libs               [m x86_64  3.10.0-1.fc35                f35-build                                                                            7.5 M
 [1mz3-libs                    [m x86_64  4.8.13-1.fc35                f35-build                                                                            5.8 M

Transaction Summary
============================================================================================================================================================
Install  18 Packages

Total size: 95 M
Installed size: 369 M
Downloading Packages:
Running transaction check
Transaction check succeeded.
Running transaction test
Transaction test succeeded.
Running transaction

Installed:
  clang-13.0.0-3.fc35.x86_64                                                    
  clang-libs-13.0.0-3.fc35.x86_64                                               
  clang-resource-filesystem-13.0.0-3.fc35.x86_64                                
  expat-2.4.1-2.fc35.x86_64                                                     
  gcc-c++-11.2.1-1.fc35.x86_64                                                  
  gllvm-1.3.0-1.fc35.x86_64                                                     
  jsoncpp-1.9.4-5.fc35.x86_64                                                   
  libedit-3.1-40.20210910cvs.fc35.x86_64                                        
  libstdc++-devel-11.2.1-1.fc35.x86_64                                          
  llvm-13.0.0-4.fc35.x86_64                                                     
  llvm-libs-13.0.0-4.fc35.x86_64                                                
  mpdecimal-2.5.1-2.fc35.x86_64                                                 
  python-pip-wheel-21.2.3-4.fc35.noarch                                         
  python-setuptools-wheel-57.4.0-1.fc35.noarch                                  
  python3-3.10.0-1.fc35.x86_64                                                  
  python3-libs-3.10.0-1.fc35.x86_64                                             
  symbiotic-8.0.0.20211119.190944-1.fc35.x86_64                                 
  z3-libs-4.8.13-1.fc35.x86_64                                                  

Complete!

>>> 2021-12-01 11:37:11	"'/usr/bin/mock-unbuffered' '-r' 'fedora-35-x86_64' '--plugin-option=tmpfs:keep_mounted=True' '--config-opts=print_main_output=True' '--quiet' '--shell' 'rpm -qa' | sort -V > /home/kdudka/aufover-benchmark/workdir-for-sync/rpm-pkgs/libassuan-2.5.5-3.fc35/symbiotic/output/debug/rpm-list-mock.txt"

>>> 2021-12-01 11:37:13	"'/usr/bin/mock-unbuffered' '-r' 'fedora-35-x86_64' '--plugin-option=tmpfs:keep_mounted=True' '--config-opts=print_main_output=True' '--quiet' '--shell' 'rpm -qa --provides' | sort -V > /tmp/csmock5wkrfpfp/rpm-list-mock-provides.txt"

>>> 2021-12-01 11:37:15	"/usr/bin/mock-unbuffered" "-r" "fedora-35-x86_64" "--plugin-option=tmpfs:keep_mounted=True" "--config-opts=print_main_output=True" "--quiet" "--copyin" "/tmp/csmock5wkrfpfp/libassuan-2.5.5-3.fc35.src.rpm" "/builddir/libassuan-2.5.5-3.fc35.src.rpm"

>>> 2021-12-01 11:37:16	"/usr/bin/mock-unbuffered" "-r" "fedora-35-x86_64" "--plugin-option=tmpfs:keep_mounted=True" "--config-opts=print_main_output=True" "--quiet" "--chroot" "chown mockbuild -R /builddir"

>>> 2021-12-01 11:37:18	"/usr/bin/mock-unbuffered" "-r" "fedora-35-x86_64" "--plugin-option=tmpfs:keep_mounted=True" "--config-opts=print_main_output=True" "--quiet" "--chroot" "/bin/su mockbuild -l -c \"rpm -Uvh --nodeps '/builddir/libassuan-2.5.5-3.fc35.src.rpm'\""
Updating / installing...
libassuan-2.5.5-3.fc35                ########################################

>>> 2021-12-01 11:37:20	"/usr/bin/mock-unbuffered" "-r" "fedora-35-x86_64" "--plugin-option=tmpfs:keep_mounted=True" "--config-opts=print_main_output=True" "--quiet" "--chroot" "/bin/su mockbuild -l -c \"sed -e 's|^ExclusiveArch:.*\\\$||' -i /builddir/build/SPECS/libassuan.spec\""

>>> 2021-12-01 11:37:22	"/usr/bin/mock-unbuffered" "-r" "fedora-35-x86_64" "--plugin-option=tmpfs:keep_mounted=True" "--config-opts=print_main_output=True" "--quiet" "--chroot" "/bin/su mockbuild -l -c \"rpmbuild -bs --nodeps /builddir/build/SPECS/libassuan.spec '--define' 'apidocs 0' '--define' 'with_publican 0' '--without' 'docs' '--without' 'langpacks' '--define' '__cc gclang' '--define' '__cxx gclang++' '--define' '__cpp gclang -E' '--define' 'toolchain clang' '--define' 'optflags -O0' '--define' 'build_ldflags -O0' && sh -c 'cd /builddir/build/SRPMS && eval mv -v *.src.rpm /builddir/libassuan-2.5.5-3.fc35.src.rpm || :'\""
setting SOURCE_DATE_EPOCH=1626912000
Wrote: /builddir/build/SRPMS/libassuan-2.5.5-3.fc35.src.rpm
renamed 'libassuan-2.5.5-3.fc35.src.rpm' -> '/builddir/libassuan-2.5.5-3.fc35.src.rpm'

>>> 2021-12-01 11:37:23	"/usr/bin/mock-unbuffered" "-r" "fedora-35-x86_64" "--plugin-option=tmpfs:keep_mounted=True" "--config-opts=print_main_output=True" "--quiet" "--disable-plugin=selinux" "--copyout" "/builddir/libassuan-2.5.5-3.fc35.src.rpm" "/tmp/csmock5wkrfpfp/libassuan-2.5.5-3.fc35.src.rpm"

>>> 2021-12-01 11:37:25	"/usr/bin/mock-unbuffered" "-r" "fedora-35-x86_64" "--plugin-option=tmpfs:keep_mounted=True" "--config-opts=print_main_output=True" "--quiet" "--installdeps" "/tmp/csmock5wkrfpfp/libassuan-2.5.5-3.fc35.src.rpm"
No matches found for the following disable plugin patterns: local, spacewalk, versionlock
Package gawk-5.1.0-4.fc35.x86_64 is already installed.
Package gcc-11.2.1-1.fc35.x86_64 is already installed.
Package libgpg-error-devel-1.43-1.fc35.x86_64 is already installed.
Package make-1:4.3-6.fc35.x86_64 is already installed.
Dependencies resolved.
Nothing to do.
Complete!

>>> 2021-12-01 11:37:30	"/usr/bin/mock-unbuffered" "-r" "fedora-35-x86_64" "--plugin-option=tmpfs:keep_mounted=True" "--config-opts=print_main_output=True" "--quiet" "--addrepo" "https://download.copr.fedorainfracloud.org/results/@aufover/symbiotic/fedora-\$releasever-\$basearch/" "--addrepo" "https://download.copr.fedorainfracloud.org/results/@aufover/gllvm/fedora-\$releasever-\$basearch/" "--install" "symbiotic" "gllvm"
No matches found for the following disable plugin patterns: local, spacewalk, versionlock
Package symbiotic-8.0.0.20211119.190944-1.fc35.x86_64 is already installed.
Package gllvm-1.3.0-1.fc35.x86_64 is already installed.
Dependencies resolved.
Nothing to do.
Complete!

>>> 2021-12-01 11:37:35	"'/usr/bin/mock-unbuffered' '-r' 'fedora-35-x86_64' '--plugin-option=tmpfs:keep_mounted=True' '--config-opts=print_main_output=True' '--quiet' '--shell' 'rpm -qa' | sort -V > /home/kdudka/aufover-benchmark/workdir-for-sync/rpm-pkgs/libassuan-2.5.5-3.fc35/symbiotic/output/debug/rpm-list-mock.txt"

>>> 2021-12-01 11:37:37	"'/usr/bin/mock-unbuffered' '-r' 'fedora-35-x86_64' '--plugin-option=tmpfs:keep_mounted=True' '--config-opts=print_main_output=True' '--quiet' '--shell' 'rpm -qa --provides' | sort -V > /tmp/csmock5wkrfpfp/rpm-list-mock-provides.txt"

>>> 2021-12-01 11:37:39	"/usr/bin/mock-unbuffered" "-r" "fedora-35-x86_64" "--plugin-option=tmpfs:keep_mounted=True" "--config-opts=print_main_output=True" "--quiet" "--addrepo" "https://download.copr.fedorainfracloud.org/results/@aufover/symbiotic/fedora-\$releasever-\$basearch/" "--addrepo" "https://download.copr.fedorainfracloud.org/results/@aufover/gllvm/fedora-\$releasever-\$basearch/" "--install" "csdiff"
No matches found for the following disable plugin patterns: local, spacewalk, versionlock
Dependencies resolved.
================================================================================
 Package                    Arch        Version            Repository      Size
================================================================================
Installing:
 [1mcsdiff                    [m x86_64      2.2.0-1.fc35       f35-build      895 k
Installing dependencies:
 [1mboost-filesystem          [m x86_64      1.76.0-4.fc35      f35-build       60 k
 [1mboost-program-options     [m x86_64      1.76.0-4.fc35      f35-build      108 k
 [1mboost-system              [m x86_64      1.76.0-4.fc35      f35-build       15 k

Transaction Summary
================================================================================
Install  4 Packages

Total size: 1.1 M
Installed size: 4.8 M
Downloading Packages:
Running transaction check
Transaction check succeeded.
Running transaction test
Transaction test succeeded.
Running transaction

Installed:
  boost-filesystem-1.76.0-4.fc35.x86_64                                         
  boost-program-options-1.76.0-4.fc35.x86_64                                    
  boost-system-1.76.0-4.fc35.x86_64                                             
  csdiff-2.2.0-1.fc35.x86_64                                                    

Complete!

>>> 2021-12-01 11:37:44	"'/usr/bin/mock-unbuffered' '-r' 'fedora-35-x86_64' '--plugin-option=tmpfs:keep_mounted=True' '--config-opts=print_main_output=True' '--quiet' '--shell' 'rpm -qa' | sort -V > /home/kdudka/aufover-benchmark/workdir-for-sync/rpm-pkgs/libassuan-2.5.5-3.fc35/symbiotic/output/debug/rpm-list-mock.txt"

>>> 2021-12-01 11:37:46	"'/usr/bin/mock-unbuffered' '-r' 'fedora-35-x86_64' '--plugin-option=tmpfs:keep_mounted=True' '--config-opts=print_main_output=True' '--quiet' '--shell' 'rpm -qa --provides' | sort -V > /tmp/csmock5wkrfpfp/rpm-list-mock-provides.txt"

>>> 2021-12-01 11:37:48	"tar -cP '/usr/share/csmock/scripts' '/usr/bin/cswrap' '/usr/lib64/cswrap' '/usr/bin/csexec' '/usr/bin/csexec-loader' '/usr/lib64/libcsexec-preload.so' '/tmp/csmock5wkrfpfp/libassuan-2.5.5-3.fc35.src.rpm' | '/usr/bin/mock-unbuffered' '-r' 'fedora-35-x86_64' '--plugin-option=tmpfs:keep_mounted=True' '--config-opts=print_main_output=True' '--quiet' '--shell' 'tar -xC/'"
tar: Removing leading `/' from member names
tar: Removing leading `/' from hard link targets

>>> 2021-12-01 11:37:49	"/usr/bin/mock-unbuffered" "-r" "fedora-35-x86_64" "--plugin-option=tmpfs:keep_mounted=True" "--config-opts=print_main_output=True" "--quiet" "--chroot" "/bin/su mockbuild -l -c \"gsanity-check\""

Version info: gsanity-check version 1.3.0
Released: February 18 2021

Logging output to standard error.
Logging level not set, using default of WARNING.

Logging configuration uses the environment variables:

	WLLVM_OUTPUT_LEVEL and WLLVM_OUTPUT_FILE.

Happily sitting atop "linux" operating system.

The C compiler clang is:

	clang version 13.0.0 (Fedora 13.0.0-3.fc35)

The CXX compiler clang++ is:

	clang version 13.0.0 (Fedora 13.0.0-3.fc35)

The bitcode linker llvm-link is:

	LLVM version 13.0.0

The bitcode archiver llvm-ar is:

	LLVM version 13.0.0

Not using a bitcode store.


scan.ini: analyzer-version-symbiotic = 8.0.0.20211119.190944
>>> 2021-12-01 11:37:51	"/usr/bin/mock-unbuffered" "-r" "fedora-35-x86_64" "--plugin-option=tmpfs:keep_mounted=True" "--config-opts=print_main_output=True" "--quiet" "--chroot" "/bin/su mockbuild -l -c \"mkdir -pv '/builddir/symbiotic-capture'\""
mkdir: created directory '/builddir/symbiotic-capture'

scan.ini: analyzer-version-gcc = 11.2.1
>>> 2021-12-01 11:37:53	"/usr/bin/mock-unbuffered" "-r" "fedora-35-x86_64" "--plugin-option=tmpfs:keep_mounted=True" "--config-opts=print_main_output=True" "--quiet" "--chroot" "rpm -Uvh --nodeps '/tmp/csmock5wkrfpfp/libassuan-2.5.5-3.fc35.src.rpm'"
Updating / installing...
libassuan-2.5.5-3.fc35                ########################################

>>> 2021-12-01 11:37:55	"/usr/bin/mock-unbuffered" "-r" "fedora-35-x86_64" "--plugin-option=tmpfs:keep_mounted=True" "--config-opts=print_main_output=True" "--quiet" "--chroot" "chmod -R +r /builddir"

>>> 2021-12-01 11:37:56	"/usr/bin/mock-unbuffered" "-r" "fedora-35-x86_64" "--plugin-option=tmpfs:keep_mounted=True" "--config-opts=print_main_output=True" "--quiet" "--chroot" "ln -fv '/usr/share/csmock/scripts/enable-keep-going.sh' '/usr/share/csmock/scripts/chroot-fixups'"
'/usr/share/csmock/scripts/chroot-fixups/enable-keep-going.sh' => '/usr/share/csmock/scripts/enable-keep-going.sh'

>>> 2021-12-01 11:37:58	"/usr/bin/mock-unbuffered" "-r" "fedora-35-x86_64" "--plugin-option=tmpfs:keep_mounted=True" "--config-opts=print_main_output=True" "--quiet" "--shell" "for i in /usr/share/csmock/scripts/chroot-fixups/*; do test -x \$i && echo RUN: \$i >&2 && \$i; done"
RUN: /usr/share/csmock/scripts/chroot-fixups/enable-keep-going.sh
renamed '/usr/bin/make' -> '/usr/bin/make.orig'
+ ls -l /usr/bin/make
-rwxr-xr-x. 1 root root 42 Dec  1 11:37 /usr/bin/make
+ cat /usr/bin/make
#!/bin/sh
exec /usr/bin/make.orig -k "$@"
RUN: /usr/share/csmock/scripts/chroot-fixups/gdk-pixbuf2-triggers.sh
RUN: /usr/share/csmock/scripts/chroot-fixups/glib2-triggers.sh
RUN: /usr/share/csmock/scripts/chroot-fixups/kpathsea-texhash.sh
RUN: /usr/share/csmock/scripts/chroot-fixups/openssl-public-header-files.sh
RUN: /usr/share/csmock/scripts/chroot-fixups/qt5-core-abi.sh
RUN: /usr/share/csmock/scripts/chroot-fixups/rpm-build-scripts.sh
+ sed -e s/fail=1/fail=0/ -i /usr/lib/rpm/redhat/brp-mangle-shebangs
'/usr/lib/rpm/brp-strip-static-archive' -> '/bin/true'
RUN: /usr/share/csmock/scripts/chroot-fixups/rpm-macros.sh
RUN: /usr/share/csmock/scripts/chroot-fixups/rpm-python-extras.sh
RUN: /usr/share/csmock/scripts/chroot-fixups/shared-mime-info-triggers.sh
RUN: /usr/share/csmock/scripts/chroot-fixups/simplify-cpp-includes.sh
RUN: /usr/share/csmock/scripts/chroot-fixups/simplify-glib-includes.sh
RUN: /usr/share/csmock/scripts/chroot-fixups/simplify-systemd-includes.sh

>>> 2021-12-01 11:38:00	"/usr/bin/mock-unbuffered" "-r" "fedora-35-x86_64" "--plugin-option=tmpfs:keep_mounted=True" "--config-opts=print_main_output=True" "--chroot" "/bin/su mockbuild -l -c \"rpmbuild -bp --nodeps /builddir/build/SPECS/libassuan.spec '--define' 'apidocs 0' '--define' 'with_publican 0' '--without' 'docs' '--without' 'langpacks' '--define' '__cc gclang' '--define' '__cxx gclang++' '--define' '__cpp gclang -E' '--define' 'toolchain clang' '--define' 'optflags -O0' '--define' 'build_ldflags -O0'\""
INFO: mock.py version 2.13 starting (python version = 3.6.8, NVR = mock-2.13-1.kdudka.1.el7)...
Start(bootstrap): init plugins
INFO: selinux enabled
Finish(bootstrap): init plugins
Start: init plugins
INFO: selinux enabled
Finish: init plugins
INFO: Signal handler active
Start: run
Start(bootstrap): chroot init
INFO: calling preinit hooks
INFO: enabled root cache
INFO: enabled package manager cache
Start(bootstrap): cleaning package manager metadata
Finish(bootstrap): cleaning package manager metadata
INFO: enabled HW Info plugin
Mock Version: 2.13
INFO: Mock Version: 2.13
Finish(bootstrap): chroot init
Start: chroot init
INFO: calling preinit hooks
INFO: enabled root cache
INFO: enabled package manager cache
Start: cleaning package manager metadata
Finish: cleaning package manager metadata
INFO: enabled HW Info plugin
Mock Version: 2.13
INFO: Mock Version: 2.13
Finish: chroot init
INFO: Running in chroot: ['/bin/su mockbuild -l -c "rpmbuild -bp --nodeps /builddir/build/SPECS/libassuan.spec \'--define\' \'apidocs 0\' \'--define\' \'with_publican 0\' \'--without\' \'docs\' \'--without\' \'langpacks\' \'--define\' \'__cc gclang\' \'--define\' \'__cxx gclang++\' \'--define\' \'__cpp gclang -E\' \'--define\' \'toolchain clang\' \'--define\' \'optflags -O0\' \'--define\' \'build_ldflags -O0\'"']
Start: chroot ['/bin/su mockbuild -l -c "rpmbuild -bp --nodeps /builddir/build/SPECS/libassuan.spec \'--define\' \'apidocs 0\' \'--define\' \'with_publican 0\' \'--without\' \'docs\' \'--without\' \'langpacks\' \'--define\' \'__cc gclang\' \'--define\' \'__cxx gclang++\' \'--define\' \'__cpp gclang -E\' \'--define\' \'toolchain clang\' \'--define\' \'optflags -O0\' \'--define\' \'build_ldflags -O0\'"']
setting SOURCE_DATE_EPOCH=1626912000
Executing(%prep): /bin/sh -e /var/tmp/rpm-tmp.C7r17L
+ umask 022
+ cd /builddir/build/BUILD
+ cd /builddir/build/BUILD
+ rm -rf libassuan-2.5.5
+ /usr/bin/bzip2 -dc /builddir/build/SOURCES/libassuan-2.5.5.tar.bz2
+ /usr/bin/tar -xof -
+ STATUS=0
+ '[' 0 -ne 0 ']'
+ cd libassuan-2.5.5
+ /usr/bin/chmod -Rf a+rX,u+w,g-w,o-w .
+ echo 'Patch #1 (libassuan-2.5.2-multilib.patch):'
Patch #1 (libassuan-2.5.2-multilib.patch):
+ /usr/bin/patch --no-backup-if-mismatch -f -p1 -b --suffix .multilib --fuzz=0
patching file src/libassuan-config.in
Patch #2 (libassuan-2.5.5-coverity.patch):
+ echo 'Patch #2 (libassuan-2.5.5-coverity.patch):'
+ /usr/bin/patch --no-backup-if-mismatch -f -p1 -b --suffix .coverity --fuzz=0
patching file tests/fdpassing.c
+ RPM_EC=0
++ jobs -p
+ exit 0
Finish: chroot ['/bin/su mockbuild -l -c "rpmbuild -bp --nodeps /builddir/build/SPECS/libassuan.spec \'--define\' \'apidocs 0\' \'--define\' \'with_publican 0\' \'--without\' \'docs\' \'--without\' \'langpacks\' \'--define\' \'__cc gclang\' \'--define\' \'__cxx gclang++\' \'--define\' \'__cpp gclang -E\' \'--define\' \'toolchain clang\' \'--define\' \'optflags -O0\' \'--define\' \'build_ldflags -O0\'"']

>>> 2021-12-01 11:38:02	"/usr/bin/mock-unbuffered" "-r" "fedora-35-x86_64" "--plugin-option=tmpfs:keep_mounted=True" "--config-opts=print_main_output=True" "--quiet" "--chroot" "chmod -R +r /builddir/build"

>>> 2021-12-01 11:38:03	"/usr/bin/mock-unbuffered" "-r" "fedora-35-x86_64" "--plugin-option=tmpfs:keep_mounted=True" "--config-opts=print_main_output=True" "--chroot" "/bin/su mockbuild -l -c \"PATH=/usr/lib64/cswrap:\\\$PATH CSWRAP_CAP_FILE=\\\$'/builddir/cswrap-capture.err' CSWRAP_TIMEOUT=\\\$'30' CSWRAP_TIMEOUT_FOR=\\\$':' CC=\\\$'gclang' CXX=\\\$'gclang++' CSEXEC_WRAP_CMD=\\\$'--skip-ld-linux\\\\acsexec-symbiotic\\\\a-l\\\\a/builddir/symbiotic-capture\\\\a-s\\\\a--prp=memsafety --timeout=8 ' CSWRAP_ADD_CFLAGS=\\\$'-Wno-unknown-pragmas:-Wno-unused-command-line-argument:-Wno-unused-parameter:-Wno-unknown-attributes:-Wno-unused-label:-Wno-unknown-pragmas:-Wno-unused-command-line-argument:-fsanitize-address-use-after-scope:-O0:-Xclang:-disable-llvm-passes:-D__inline=:-g:-Wl,--dynamic-linker,/usr/bin/csexec-loader:-Wno-unknown-pragmas:-Wl,--dynamic-linker,/usr/bin/csexec-loader' CSWRAP_DEL_CFLAGS=\\\$'-Werror*:-fdiagnostics-color*:-no-canonical-prefixes:-Wno-error=deprecated-register:-O1:-O2:-O3:-Os:-Ofast:-Og:-Werror*:-fdiagnostics-color*:-no-canonical-prefixes:-Wno-error=deprecated-register' CSWRAP_ADD_CXXFLAGS=\\\$'-Wno-unused-command-line-argument:-Wno-unused-parameter:-Wno-unknown-attributes:-Wno-unused-label:-Wno-unknown-pragmas:-Wno-unused-command-line-argument:-fsanitize-address-use-after-scope:-O0:-Xclang:-disable-llvm-passes:-D__inline=:-g:-Wl,--dynamic-linker,/usr/bin/csexec-loader:-Wl,--dynamic-linker,/usr/bin/csexec-loader' CSWRAP_DEL_CXXFLAGS=\\\$'-Werror*:-fdiagnostics-color*:-no-canonical-prefixes:-Wno-error=deprecated-register:-O1:-O2:-O3:-Os:-Ofast:-Og:-Werror*:-fdiagnostics-color*:-no-canonical-prefixes:-Wno-error=deprecated-register' sh -c \\\"rpmbuild -bc --nodeps --short-circuit /builddir/build/SPECS/libassuan.spec '--define' 'apidocs 0' '--define' 'with_publican 0' '--without' 'docs' '--without' 'langpacks' '--define' '__cc gclang' '--define' '__cxx gclang++' '--define' '__cpp gclang -E' '--define' 'toolchain clang' '--define' 'optflags -O0' '--define' 'build_ldflags -O0'\\\"\""
INFO: mock.py version 2.13 starting (python version = 3.6.8, NVR = mock-2.13-1.kdudka.1.el7)...
Start(bootstrap): init plugins
INFO: selinux enabled
Finish(bootstrap): init plugins
Start: init plugins
INFO: selinux enabled
Finish: init plugins
INFO: Signal handler active
Start: run
Start(bootstrap): chroot init
INFO: calling preinit hooks
INFO: enabled root cache
INFO: enabled package manager cache
Start(bootstrap): cleaning package manager metadata
Finish(bootstrap): cleaning package manager metadata
INFO: enabled HW Info plugin
Mock Version: 2.13
INFO: Mock Version: 2.13
Finish(bootstrap): chroot init
Start: chroot init
INFO: calling preinit hooks
INFO: enabled root cache
INFO: enabled package manager cache
Start: cleaning package manager metadata
Finish: cleaning package manager metadata
INFO: enabled HW Info plugin
Mock Version: 2.13
INFO: Mock Version: 2.13
Finish: chroot init
INFO: Running in chroot: ['/bin/su mockbuild -l -c "PATH=/usr/lib64/cswrap:\\$PATH CSWRAP_CAP_FILE=\\$\'/builddir/cswrap-capture.err\' CSWRAP_TIMEOUT=\\$\'30\' CSWRAP_TIMEOUT_FOR=\\$\':\' CC=\\$\'gclang\' CXX=\\$\'gclang++\' CSEXEC_WRAP_CMD=\\$\'--skip-ld-linux\\\\acsexec-symbiotic\\\\a-l\\\\a/builddir/symbiotic-capture\\\\a-s\\\\a--prp=memsafety --timeout=8 \' CSWRAP_ADD_CFLAGS=\\$\'-Wno-unknown-pragmas:-Wno-unused-command-line-argument:-Wno-unused-parameter:-Wno-unknown-attributes:-Wno-unused-label:-Wno-unknown-pragmas:-Wno-unused-command-line-argument:-fsanitize-address-use-after-scope:-O0:-Xclang:-disable-llvm-passes:-D__inline=:-g:-Wl,--dynamic-linker,/usr/bin/csexec-loader:-Wno-unknown-pragmas:-Wl,--dynamic-linker,/usr/bin/csexec-loader\' CSWRAP_DEL_CFLAGS=\\$\'-Werror*:-fdiagnostics-color*:-no-canonical-prefixes:-Wno-error=deprecated-register:-O1:-O2:-O3:-Os:-Ofast:-Og:-Werror*:-fdiagnostics-color*:-no-canonical-prefixes:-Wno-error=deprecated-register\' CSWRAP_ADD_CXXFLAGS=\\$\'-Wno-unused-command-line-argument:-Wno-unused-parameter:-Wno-unknown-attributes:-Wno-unused-label:-Wno-unknown-pragmas:-Wno-unused-command-line-argument:-fsanitize-address-use-after-scope:-O0:-Xclang:-disable-llvm-passes:-D__inline=:-g:-Wl,--dynamic-linker,/usr/bin/csexec-loader:-Wl,--dynamic-linker,/usr/bin/csexec-loader\' CSWRAP_DEL_CXXFLAGS=\\$\'-Werror*:-fdiagnostics-color*:-no-canonical-prefixes:-Wno-error=deprecated-register:-O1:-O2:-O3:-Os:-Ofast:-Og:-Werror*:-fdiagnostics-color*:-no-canonical-prefixes:-Wno-error=deprecated-register\' sh -c \\"rpmbuild -bc --nodeps --short-circuit /builddir/build/SPECS/libassuan.spec \'--define\' \'apidocs 0\' \'--define\' \'with_publican 0\' \'--without\' \'docs\' \'--without\' \'langpacks\' \'--define\' \'__cc gclang\' \'--define\' \'__cxx gclang++\' \'--define\' \'__cpp gclang -E\' \'--define\' \'toolchain clang\' \'--define\' \'optflags -O0\' \'--define\' \'build_ldflags -O0\'\\""']
Start: chroot ['/bin/su mockbuild -l -c "PATH=/usr/lib64/cswrap:\\$PATH CSWRAP_CAP_FILE=\\$\'/builddir/cswrap-capture.err\' CSWRAP_TIMEOUT=\\$\'30\' CSWRAP_TIMEOUT_FOR=\\$\':\' CC=\\$\'gclang\' CXX=\\$\'gclang++\' CSEXEC_WRAP_CMD=\\$\'--skip-ld-linux\\\\acsexec-symbiotic\\\\a-l\\\\a/builddir/symbiotic-capture\\\\a-s\\\\a--prp=memsafety --timeout=8 \' CSWRAP_ADD_CFLAGS=\\$\'-Wno-unknown-pragmas:-Wno-unused-command-line-argument:-Wno-unused-parameter:-Wno-unknown-attributes:-Wno-unused-label:-Wno-unknown-pragmas:-Wno-unused-command-line-argument:-fsanitize-address-use-after-scope:-O0:-Xclang:-disable-llvm-passes:-D__inline=:-g:-Wl,--dynamic-linker,/usr/bin/csexec-loader:-Wno-unknown-pragmas:-Wl,--dynamic-linker,/usr/bin/csexec-loader\' CSWRAP_DEL_CFLAGS=\\$\'-Werror*:-fdiagnostics-color*:-no-canonical-prefixes:-Wno-error=deprecated-register:-O1:-O2:-O3:-Os:-Ofast:-Og:-Werror*:-fdiagnostics-color*:-no-canonical-prefixes:-Wno-error=deprecated-register\' CSWRAP_ADD_CXXFLAGS=\\$\'-Wno-unused-command-line-argument:-Wno-unused-parameter:-Wno-unknown-attributes:-Wno-unused-label:-Wno-unknown-pragmas:-Wno-unused-command-line-argument:-fsanitize-address-use-after-scope:-O0:-Xclang:-disable-llvm-passes:-D__inline=:-g:-Wl,--dynamic-linker,/usr/bin/csexec-loader:-Wl,--dynamic-linker,/usr/bin/csexec-loader\' CSWRAP_DEL_CXXFLAGS=\\$\'-Werror*:-fdiagnostics-color*:-no-canonical-prefixes:-Wno-error=deprecated-register:-O1:-O2:-O3:-Os:-Ofast:-Og:-Werror*:-fdiagnostics-color*:-no-canonical-prefixes:-Wno-error=deprecated-register\' sh -c \\"rpmbuild -bc --nodeps --short-circuit /builddir/build/SPECS/libassuan.spec \'--define\' \'apidocs 0\' \'--define\' \'with_publican 0\' \'--without\' \'docs\' \'--without\' \'langpacks\' \'--define\' \'__cc gclang\' \'--define\' \'__cxx gclang++\' \'--define\' \'__cpp gclang -E\' \'--define\' \'toolchain clang\' \'--define\' \'optflags -O0\' \'--define\' \'build_ldflags -O0\'\\""']
setting SOURCE_DATE_EPOCH=1626912000
Executing(%build): /bin/sh -e /var/tmp/rpm-tmp.55H2L4
+ umask 022
+ cd /builddir/build/BUILD
+ cd libassuan-2.5.5
+ CFLAGS=-O0
+ export CFLAGS
+ CXXFLAGS=-O0
+ export CXXFLAGS
+ FFLAGS='-O0 -I/usr/lib64/gfortran/modules'
+ export FFLAGS
+ FCFLAGS='-O0 -I/usr/lib64/gfortran/modules'
+ export FCFLAGS
+ LDFLAGS=-O0
+ export LDFLAGS
+ LT_SYS_LIBRARY_PATH=/usr/lib64:
+ export LT_SYS_LIBRARY_PATH
+ CC=gclang
+ export CC
+ CXX=gclang++
+ export CXX
+ '[' -fltox '!=' x ']'
++ find . -type f -name configure -print
+ for file in $(find . -type f -name configure -print)
+ /usr/bin/sed -r --in-place=.backup 's/^char \(\*f\) \(\) = /__attribute__ ((used)) char (*f) () = /g' ./configure
+ diff -u ./configure.backup ./configure
+ mv ./configure.backup ./configure
+ /usr/bin/sed -r --in-place=.backup 's/^char \(\*f\) \(\);/__attribute__ ((used)) char (*f) ();/g' ./configure
+ diff -u ./configure.backup ./configure
+ mv ./configure.backup ./configure
+ /usr/bin/sed -r --in-place=.backup 's/^char \$2 \(\);/__attribute__ ((used)) char \$2 ();/g' ./configure
+ diff -u ./configure.backup ./configure
--- ./configure.backup	2021-03-22 13:11:16.000000000 +0100
+++ ./configure	2021-12-01 11:38:05.334246466 +0100
@@ -1889,7 +1889,7 @@
 #ifdef __cplusplus
 extern "C"
 #endif
-char $2 ();
+__attribute__ ((used)) char $2 ();
 /* The GNU C library defines this for functions which it implements
     to always fail with ENOSYS.  Some functions are actually named
     something starting with __ and the normal name is an alias.  */
+ /usr/bin/sed --in-place=.backup '1{$!N;$!N};$!N;s/int x = 1;\nint y = 0;\nint z;\nint nan;/volatile int x = 1; volatile int y = 0; volatile int z, nan;/;P;D' ./configure
+ diff -u ./configure.backup ./configure
+ mv ./configure.backup ./configure
+ /usr/bin/sed --in-place=.backup 's#^lt_cv_sys_global_symbol_to_cdecl=.*#lt_cv_sys_global_symbol_to_cdecl="sed -n -e '\''s/^T .* \\(.*\\)$/extern int \\1();/p'\'' -e '\''s/^$symcode* .* \\(.*\\)$/extern char \\1;/p'\''"#' ./configure
+ diff -u ./configure.backup ./configure
--- ./configure.backup	2021-12-01 11:38:05.334246466 +0100
+++ ./configure	2021-12-01 11:38:05.349246355 +0100
@@ -15596,7 +15596,7 @@
 compiler='`$ECHO "$compiler" | $SED "$delay_single_quote_subst"`'
 GCC='`$ECHO "$GCC" | $SED "$delay_single_quote_subst"`'
 lt_cv_sys_global_symbol_pipe='`$ECHO "$lt_cv_sys_global_symbol_pipe" | $SED "$delay_single_quote_subst"`'
-lt_cv_sys_global_symbol_to_cdecl='`$ECHO "$lt_cv_sys_global_symbol_to_cdecl" | $SED "$delay_single_quote_subst"`'
+lt_cv_sys_global_symbol_to_cdecl="sed -n -e 's/^T .* \(.*\)$/extern int \1();/p' -e 's/^$symcode* .* \(.*\)$/extern char \1;/p'"
 lt_cv_sys_global_symbol_to_c_name_address='`$ECHO "$lt_cv_sys_global_symbol_to_c_name_address" | $SED "$delay_single_quote_subst"`'
 lt_cv_sys_global_symbol_to_c_name_address_lib_prefix='`$ECHO "$lt_cv_sys_global_symbol_to_c_name_address_lib_prefix" | $SED "$delay_single_quote_subst"`'
 nm_file_list_spec='`$ECHO "$nm_file_list_spec" | $SED "$delay_single_quote_subst"`'
+ '[' 1 = 1 ']'
+++ dirname ./configure
++ find . -name config.guess -o -name config.sub
+ for i in $(find $(dirname ./configure) -name config.guess -o -name config.sub)
++ basename ./build-aux/config.sub
+ '[' -f /usr/lib/rpm/redhat/config.sub ']'
+ /usr/bin/rm -f ./build-aux/config.sub
++ basename ./build-aux/config.sub
+ /usr/bin/cp -fv /usr/lib/rpm/redhat/config.sub ./build-aux/config.sub
'/usr/lib/rpm/redhat/config.sub' -> './build-aux/config.sub'
+ for i in $(find $(dirname ./configure) -name config.guess -o -name config.sub)
++ basename ./build-aux/config.guess
+ '[' -f /usr/lib/rpm/redhat/config.guess ']'
+ /usr/bin/rm -f ./build-aux/config.guess
++ basename ./build-aux/config.guess
+ /usr/bin/cp -fv /usr/lib/rpm/redhat/config.guess ./build-aux/config.guess
'/usr/lib/rpm/redhat/config.guess' -> './build-aux/config.guess'
+ '[' 1 = 1 ']'
+ '[' x '!=' 'x-Wl,-z,now ' ']'
++ find . -name ltmain.sh
+ for i in $(find . -name ltmain.sh)
+ /usr/bin/sed -i.backup -e 's~compiler_flags=$~compiler_flags="-Wl,-z,now "~' ./build-aux/ltmain.sh
+ ./configure --build=x86_64-redhat-linux-gnu --host=x86_64-redhat-linux-gnu --program-prefix= --disable-dependency-tracking --prefix=/usr --exec-prefix=/usr --bindir=/usr/bin --sbindir=/usr/sbin --sysconfdir=/etc --datadir=/usr/share --includedir=/usr/include --libdir=/usr/lib64 --libexecdir=/usr/libexec --localstatedir=/var --sharedstatedir=/var/lib --mandir=/usr/share/man --infodir=/usr/share/info --includedir=/usr/include/libassuan2
checking for a BSD-compatible install... /usr/bin/install -c
checking whether build environment is sane... yes
checking for a thread-safe mkdir -p... /usr/bin/mkdir -p
checking for gawk... gawk
checking whether make sets $(MAKE)... yes
checking whether make supports nested variables... yes
checking whether to enable maintainer-specific portions of Makefiles... no
checking build system type... x86_64-redhat-linux-gnu
checking host system type... x86_64-redhat-linux-gnu
checking whether make supports nested variables... (cached) yes
configure: autobuild project... libassuan
configure: autobuild revision... 2.5.5
./configure: line 3212: hostname: command not found
configure: autobuild timestamp... 20211201-113805
checking whether make supports the include directive... yes (GNU style)
checking for x86_64-redhat-linux-gnu-gcc... gclang
checking whether the C compiler works... yes
checking for C compiler default output file name... a.out
checking for suffix of executables... 
checking whether we are cross compiling... no
checking for suffix of object files... o
checking whether we are using the GNU C compiler... yes
checking whether gclang accepts -g... yes
checking for gclang option to accept ISO C89... none needed
checking whether gclang understands -c and -o together... yes
checking dependency style of gclang... none
checking how to run the C preprocessor... gclang -E
checking for grep that handles long lines and -e... /usr/bin/grep
checking for egrep... /usr/bin/grep -E
checking for ANSI C header files... yes
checking for sys/types.h... yes
checking for sys/stat.h... yes
checking for stdlib.h... yes
checking for string.h... yes
checking for memory.h... yes
checking for strings.h... yes
checking for inttypes.h... yes
checking for stdint.h... yes
checking for unistd.h... yes
checking minix/config.h usability... no
checking minix/config.h presence... no
checking for minix/config.h... no
checking whether it is safe to define __EXTENSIONS__... yes
checking how to print strings... printf
checking for a sed that does not truncate output... /usr/bin/sed
checking for fgrep... /usr/bin/grep -F
checking for ld used by gclang... /usr/bin/ld
checking if the linker (/usr/bin/ld) is GNU ld... yes
checking for BSD- or MS-compatible name lister (nm)... /usr/bin/nm -B
checking the name lister (/usr/bin/nm -B) interface... BSD nm
checking whether ln -s works... yes
checking the maximum length of command line arguments... 1572864
checking whether the shell understands some XSI constructs... yes
checking whether the shell understands "+="... yes
checking how to convert x86_64-redhat-linux-gnu file names to x86_64-redhat-linux-gnu format... func_convert_file_noop
checking how to convert x86_64-redhat-linux-gnu file names to toolchain format... func_convert_file_noop
checking for /usr/bin/ld option to reload object files... -r
checking for x86_64-redhat-linux-gnu-objdump... no
checking for objdump... objdump
checking how to recognize dependent libraries... pass_all
checking for x86_64-redhat-linux-gnu-dlltool... no
checking for dlltool... no
checking how to associate runtime and link libraries... printf %s\n
checking for x86_64-redhat-linux-gnu-ar... no
checking for ar... ar
checking for archiver @FILE support... @
checking for x86_64-redhat-linux-gnu-strip... no
checking for strip... strip
checking for x86_64-redhat-linux-gnu-ranlib... no
checking for ranlib... ranlib
checking command to parse /usr/bin/nm -B output from gclang object... ok
checking for sysroot... no
checking for x86_64-redhat-linux-gnu-mt... no
checking for mt... no
checking if : is a manifest tool... no
checking for dlfcn.h... yes
checking for objdir... .libs
checking if gclang supports -fno-rtti -fno-exceptions... yes
checking for gclang option to produce PIC... -fPIC -DPIC
checking if gclang PIC flag -fPIC -DPIC works... yes
checking if gclang static flag -static works... no
checking if gclang supports -c -o file.o... yes
checking if gclang supports -c -o file.o... (cached) yes
checking whether the gclang linker (/usr/bin/ld -m elf_x86_64) supports shared libraries... yes
checking whether -lc should be explicitly linked in... no
checking dynamic linker characteristics... GNU/Linux ld.so
checking how to hardcode library paths into programs... immediate
checking whether stripping libraries is possible... yes
checking if libtool supports shared libraries... yes
checking whether to build shared libraries... yes
checking whether to build static libraries... no
checking for x86_64-redhat-linux-gnu-windres... no
checking for windres... no
checking for gawk... (cached) gawk
checking for x86_64-redhat-linux-gnu-gcc... (cached) gclang
checking whether we are using the GNU C compiler... (cached) yes
checking whether gclang accepts -g... (cached) yes
checking for gclang option to accept ISO C89... (cached) none needed
checking whether gclang understands -c and -o together... (cached) yes
checking dependency style of gclang... (cached) none
checking how to run the C preprocessor... gclang -E
checking whether ln -s works... yes
checking whether make sets $(MAKE)... (cached) yes
checking for cc for build... gclang
checking if gcc supports -Wpointer-arith... yes
checking for setsockopt... yes
checking for ANSI C header files... (cached) yes
checking for string.h... (cached) yes
checking locale.h usability... yes
checking locale.h presence... yes
checking for locale.h... yes
checking sys/uio.h usability... yes
checking sys/uio.h presence... yes
checking for sys/uio.h... yes
checking for stdint.h... (cached) yes
checking for inttypes.h... (cached) yes
checking for sys/types.h... (cached) yes
checking for sys/stat.h... (cached) yes
checking for unistd.h... (cached) yes
checking sys/time.h usability... yes
checking sys/time.h presence... yes
checking for sys/time.h... yes
checking fcntl.h usability... yes
checking fcntl.h presence... yes
checking for fcntl.h... yes
checking sys/select.h usability... yes
checking sys/select.h presence... yes
checking for sys/select.h... yes
checking ucred.h usability... no
checking ucred.h presence... no
checking for ucred.h... no
checking sys/ucred.h usability... no
checking sys/ucred.h presence... no
checking for sys/ucred.h... no
checking for uintptr_t... yes
checking for uint16_t... yes
checking for an ANSI C-conforming const... yes
checking for inline... inline
checking for size_t... yes
checking for sys/socket.h... yes
checking for socklen_t... yes
checking for struct cmsghdr.cmsg_len... yes
checking for gpg-error-config... /usr/bin/gpg-error-config
checking for gpgrt-config... /usr/bin/gpgrt-config
configure: Use gpgrt-config with /usr/lib64 as gpg-error-config
checking for GPG Error - version >= 1.17... yes (1.43-unknown)
checking for flockfile... yes
checking for funlockfile... yes
checking for inet_pton... yes
checking for stat... yes
checking for getaddrinfo... yes
checking for getrlimit... yes
checking for library containing nanosleep... none required
checking for funopen... no
checking for fopencookie... yes
checking for isascii... yes
checking for putc_unlocked... yes
checking for memrchr... yes
checking for stpcpy... yes
checking for unistd.h... (cached) yes
checking for setenv... yes
checking for struct sockpeercred.pid... no
checking for getpeerucred... no
checking for getpeereid... no
checking that generated files are newer than configure... done
configure: creating ./config.status
config.status: creating Makefile
config.status: creating m4/Makefile
config.status: creating src/Makefile
config.status: creating doc/Makefile
config.status: creating tests/Makefile
config.status: creating src/libassuan-config
config.status: creating src/versioninfo.rc
config.status: creating src/libassuan.pc
config.status: creating config.h
config.status: executing depfiles commands
config.status: executing libtool commands

        Libassuan v2.5.5 has been configured as follows:

        Revision: f8cfb56  (63695)
        Platform: x86_64-redhat-linux-gnu

+ /usr/bin/make -O -j16 V=1 VERBOSE=1
/usr/bin/make.orig  all-recursive
Making all in m4
make.orig[2]: Nothing to be done for 'all'.
Making all in src
make.orig[2]: Entering directory '/builddir/build/BUILD/libassuan-2.5.5/src'
gclang   \
           -I. -I. -o mkheader ./mkheader.c
make.orig[2]: Leaving directory '/builddir/build/BUILD/libassuan-2.5.5/src'
make.orig[2]: Entering directory '/builddir/build/BUILD/libassuan-2.5.5/src'
./mkheader linux-gnu ./assuan.h.in \
                   2.5.5 0x020505 >assuan.h
make.orig[2]: Leaving directory '/builddir/build/BUILD/libassuan-2.5.5/src'
/usr/bin/make.orig  all-am
make.orig[3]: Entering directory '/builddir/build/BUILD/libassuan-2.5.5/src'
/bin/sh ../libtool  --tag=CC   --mode=compile gclang -DHAVE_CONFIG_H -I. -I..  -I..    -O0 -Wall -Wcast-align -Wshadow -Wstrict-prototypes -Wpointer-arith -fPIC -DPIC -c -o libassuan_la-sysutils.lo `test -f 'sysutils.c' || echo './'`sysutils.c
libtool: compile:  gclang -DHAVE_CONFIG_H -I. -I.. -I.. -O0 -Wall -Wcast-align -Wshadow -Wstrict-prototypes -Wpointer-arith -fPIC -DPIC -c sysutils.c  -fPIC -DPIC -o .libs/libassuan_la-sysutils.o
make.orig[3]: Leaving directory '/builddir/build/BUILD/libassuan-2.5.5/src'
make.orig[3]: Entering directory '/builddir/build/BUILD/libassuan-2.5.5/src'
/bin/sh ../libtool  --tag=CC   --mode=compile gclang -DHAVE_CONFIG_H -I. -I..  -I..    -O0 -Wall -Wcast-align -Wshadow -Wstrict-prototypes -Wpointer-arith -fPIC -DPIC -c -o libassuan_la-client.lo `test -f 'client.c' || echo './'`client.c
libtool: compile:  gclang -DHAVE_CONFIG_H -I. -I.. -I.. -O0 -Wall -Wcast-align -Wshadow -Wstrict-prototypes -Wpointer-arith -fPIC -DPIC -c client.c  -fPIC -DPIC -o .libs/libassuan_la-client.o
make.orig[3]: Leaving directory '/builddir/build/BUILD/libassuan-2.5.5/src'
make.orig[3]: Entering directory '/builddir/build/BUILD/libassuan-2.5.5/src'
/bin/sh ../libtool  --tag=CC   --mode=compile gclang -DHAVE_CONFIG_H -I. -I..  -I..    -O0 -Wall -Wcast-align -Wshadow -Wstrict-prototypes -Wpointer-arith -fPIC -DPIC -c -o libassuan_la-server.lo `test -f 'server.c' || echo './'`server.c
libtool: compile:  gclang -DHAVE_CONFIG_H -I. -I.. -I.. -O0 -Wall -Wcast-align -Wshadow -Wstrict-prototypes -Wpointer-arith -fPIC -DPIC -c server.c  -fPIC -DPIC -o .libs/libassuan_la-server.o
make.orig[3]: Leaving directory '/builddir/build/BUILD/libassuan-2.5.5/src'
make.orig[3]: Entering directory '/builddir/build/BUILD/libassuan-2.5.5/src'
/bin/sh ../libtool  --tag=CC   --mode=compile gclang -DHAVE_CONFIG_H -I. -I..  -I..    -O0 -Wall -Wcast-align -Wshadow -Wstrict-prototypes -Wpointer-arith -fPIC -DPIC -c -o libassuan_la-assuan-error.lo `test -f 'assuan-error.c' || echo './'`assuan-error.c
libtool: compile:  gclang -DHAVE_CONFIG_H -I. -I.. -I.. -O0 -Wall -Wcast-align -Wshadow -Wstrict-prototypes -Wpointer-arith -fPIC -DPIC -c assuan-error.c  -fPIC -DPIC -o .libs/libassuan_la-assuan-error.o
make.orig[3]: Leaving directory '/builddir/build/BUILD/libassuan-2.5.5/src'
make.orig[3]: Entering directory '/builddir/build/BUILD/libassuan-2.5.5/src'
/bin/sh ../libtool  --tag=CC   --mode=compile gclang -DHAVE_CONFIG_H -I. -I..  -I..    -O0 -Wall -Wcast-align -Wshadow -Wstrict-prototypes -Wpointer-arith -fPIC -DPIC -c -o libassuan_la-assuan.lo `test -f 'assuan.c' || echo './'`assuan.c
libtool: compile:  gclang -DHAVE_CONFIG_H -I. -I.. -I.. -O0 -Wall -Wcast-align -Wshadow -Wstrict-prototypes -Wpointer-arith -fPIC -DPIC -c assuan.c  -fPIC -DPIC -o .libs/libassuan_la-assuan.o
make.orig[3]: Leaving directory '/builddir/build/BUILD/libassuan-2.5.5/src'
make.orig[3]: Entering directory '/builddir/build/BUILD/libassuan-2.5.5/src'
/bin/sh ../libtool  --tag=CC   --mode=compile gclang -DHAVE_CONFIG_H -I. -I..  -I..    -O0 -Wall -Wcast-align -Wshadow -Wstrict-prototypes -Wpointer-arith -fPIC -DPIC -c -o libassuan_la-conversion.lo `test -f 'conversion.c' || echo './'`conversion.c
libtool: compile:  gclang -DHAVE_CONFIG_H -I. -I.. -I.. -O0 -Wall -Wcast-align -Wshadow -Wstrict-prototypes -Wpointer-arith -fPIC -DPIC -c conversion.c  -fPIC -DPIC -o .libs/libassuan_la-conversion.o
make.orig[3]: Leaving directory '/builddir/build/BUILD/libassuan-2.5.5/src'
make.orig[3]: Entering directory '/builddir/build/BUILD/libassuan-2.5.5/src'
/bin/sh ../libtool  --tag=CC   --mode=compile gclang -DHAVE_CONFIG_H -I. -I..  -I..    -O0 -Wall -Wcast-align -Wshadow -Wstrict-prototypes -Wpointer-arith -fPIC -DPIC -c -o libassuan_la-assuan-inquire.lo `test -f 'assuan-inquire.c' || echo './'`assuan-inquire.c
libtool: compile:  gclang -DHAVE_CONFIG_H -I. -I.. -I.. -O0 -Wall -Wcast-align -Wshadow -Wstrict-prototypes -Wpointer-arith -fPIC -DPIC -c assuan-inquire.c  -fPIC -DPIC -o .libs/libassuan_la-assuan-inquire.o
make.orig[3]: Leaving directory '/builddir/build/BUILD/libassuan-2.5.5/src'
make.orig[3]: Entering directory '/builddir/build/BUILD/libassuan-2.5.5/src'
/bin/sh ../libtool  --tag=CC   --mode=compile gclang -DHAVE_CONFIG_H -I. -I..  -I..    -O0 -Wall -Wcast-align -Wshadow -Wstrict-prototypes -Wpointer-arith -fPIC -DPIC -c -o libassuan_la-system.lo `test -f 'system.c' || echo './'`system.c
libtool: compile:  gclang -DHAVE_CONFIG_H -I. -I.. -I.. -O0 -Wall -Wcast-align -Wshadow -Wstrict-prototypes -Wpointer-arith -fPIC -DPIC -c system.c  -fPIC -DPIC -o .libs/libassuan_la-system.o
make.orig[3]: Leaving directory '/builddir/build/BUILD/libassuan-2.5.5/src'
make.orig[3]: Entering directory '/builddir/build/BUILD/libassuan-2.5.5/src'
/bin/sh ../libtool  --tag=CC   --mode=compile gclang -DHAVE_CONFIG_H -I. -I..  -I..    -O0 -Wall -Wcast-align -Wshadow -Wstrict-prototypes -Wpointer-arith -fPIC -DPIC -c -o libassuan_la-assuan-socket-server.lo `test -f 'assuan-socket-server.c' || echo './'`assuan-socket-server.c
libtool: compile:  gclang -DHAVE_CONFIG_H -I. -I.. -I.. -O0 -Wall -Wcast-align -Wshadow -Wstrict-prototypes -Wpointer-arith -fPIC -DPIC -c assuan-socket-server.c  -fPIC -DPIC -o .libs/libassuan_la-assuan-socket-server.o
make.orig[3]: Leaving directory '/builddir/build/BUILD/libassuan-2.5.5/src'
make.orig[3]: Entering directory '/builddir/build/BUILD/libassuan-2.5.5/src'
/bin/sh ../libtool  --tag=CC   --mode=compile gclang -DHAVE_CONFIG_H -I. -I..  -I..    -O0 -Wall -Wcast-align -Wshadow -Wstrict-prototypes -Wpointer-arith -fPIC -DPIC -c -o libassuan_la-context.lo `test -f 'context.c' || echo './'`context.c
libtool: compile:  gclang -DHAVE_CONFIG_H -I. -I.. -I.. -O0 -Wall -Wcast-align -Wshadow -Wstrict-prototypes -Wpointer-arith -fPIC -DPIC -c context.c  -fPIC -DPIC -o .libs/libassuan_la-context.o
make.orig[3]: Leaving directory '/builddir/build/BUILD/libassuan-2.5.5/src'
make.orig[3]: Entering directory '/builddir/build/BUILD/libassuan-2.5.5/src'
/bin/sh ../libtool  --tag=CC   --mode=compile gclang -DHAVE_CONFIG_H -I. -I..  -I..    -O0 -Wall -Wcast-align -Wshadow -Wstrict-prototypes -Wpointer-arith -fPIC -DPIC -c -o libassuan_la-assuan-buffer.lo `test -f 'assuan-buffer.c' || echo './'`assuan-buffer.c
libtool: compile:  gclang -DHAVE_CONFIG_H -I. -I.. -I.. -O0 -Wall -Wcast-align -Wshadow -Wstrict-prototypes -Wpointer-arith -fPIC -DPIC -c assuan-buffer.c  -fPIC -DPIC -o .libs/libassuan_la-assuan-buffer.o
make.orig[3]: Leaving directory '/builddir/build/BUILD/libassuan-2.5.5/src'
make.orig[3]: Entering directory '/builddir/build/BUILD/libassuan-2.5.5/src'
/bin/sh ../libtool  --tag=CC   --mode=compile gclang -DHAVE_CONFIG_H -I. -I..  -I..    -O0 -Wall -Wcast-align -Wshadow -Wstrict-prototypes -Wpointer-arith -fPIC -DPIC -c -o libassuan_la-assuan-listen.lo `test -f 'assuan-listen.c' || echo './'`assuan-listen.c
libtool: compile:  gclang -DHAVE_CONFIG_H -I. -I.. -I.. -O0 -Wall -Wcast-align -Wshadow -Wstrict-prototypes -Wpointer-arith -fPIC -DPIC -c assuan-listen.c  -fPIC -DPIC -o .libs/libassuan_la-assuan-listen.o
make.orig[3]: Leaving directory '/builddir/build/BUILD/libassuan-2.5.5/src'
make.orig[3]: Entering directory '/builddir/build/BUILD/libassuan-2.5.5/src'
/bin/sh ../libtool  --tag=CC   --mode=compile gclang -DHAVE_CONFIG_H -I. -I..  -I..    -O0 -Wall -Wcast-align -Wshadow -Wstrict-prototypes -Wpointer-arith -fPIC -DPIC -c -o libassuan_la-assuan-pipe-server.lo `test -f 'assuan-pipe-server.c' || echo './'`assuan-pipe-server.c
libtool: compile:  gclang -DHAVE_CONFIG_H -I. -I.. -I.. -O0 -Wall -Wcast-align -Wshadow -Wstrict-prototypes -Wpointer-arith -fPIC -DPIC -c assuan-pipe-server.c  -fPIC -DPIC -o .libs/libassuan_la-assuan-pipe-server.o
make.orig[3]: Leaving directory '/builddir/build/BUILD/libassuan-2.5.5/src'
make.orig[3]: Entering directory '/builddir/build/BUILD/libassuan-2.5.5/src'
/bin/sh ../libtool  --tag=CC   --mode=compile gclang -DHAVE_CONFIG_H -I. -I..  -I..    -O0 -Wall -Wcast-align -Wshadow -Wstrict-prototypes -Wpointer-arith -fPIC -DPIC -c -o libassuan_la-debug.lo `test -f 'debug.c' || echo './'`debug.c
libtool: compile:  gclang -DHAVE_CONFIG_H -I. -I.. -I.. -O0 -Wall -Wcast-align -Wshadow -Wstrict-prototypes -Wpointer-arith -fPIC -DPIC -c debug.c  -fPIC -DPIC -o .libs/libassuan_la-debug.o
make.orig[3]: Leaving directory '/builddir/build/BUILD/libassuan-2.5.5/src'
make.orig[3]: Entering directory '/builddir/build/BUILD/libassuan-2.5.5/src'
/bin/sh ../libtool  --tag=CC   --mode=compile gclang -DHAVE_CONFIG_H -I. -I..  -I..    -O0 -Wall -Wcast-align -Wshadow -Wstrict-prototypes -Wpointer-arith -fPIC -DPIC -c -o libassuan_la-assuan-pipe-connect.lo `test -f 'assuan-pipe-connect.c' || echo './'`assuan-pipe-connect.c
libtool: compile:  gclang -DHAVE_CONFIG_H -I. -I.. -I.. -O0 -Wall -Wcast-align -Wshadow -Wstrict-prototypes -Wpointer-arith -fPIC -DPIC -c assuan-pipe-connect.c  -fPIC -DPIC -o .libs/libassuan_la-assuan-pipe-connect.o
make.orig[3]: Leaving directory '/builddir/build/BUILD/libassuan-2.5.5/src'
make.orig[3]: Entering directory '/builddir/build/BUILD/libassuan-2.5.5/src'
/bin/sh ../libtool  --tag=CC   --mode=compile gclang -DHAVE_CONFIG_H -I. -I..  -I..    -O0 -Wall -Wcast-align -Wshadow -Wstrict-prototypes -Wpointer-arith -fPIC -DPIC -c -o libassuan_la-assuan-handler.lo `test -f 'assuan-handler.c' || echo './'`assuan-handler.c
libtool: compile:  gclang -DHAVE_CONFIG_H -I. -I.. -I.. -O0 -Wall -Wcast-align -Wshadow -Wstrict-prototypes -Wpointer-arith -fPIC -DPIC -c assuan-handler.c  -fPIC -DPIC -o .libs/libassuan_la-assuan-handler.o
make.orig[3]: Leaving directory '/builddir/build/BUILD/libassuan-2.5.5/src'
make.orig[3]: Entering directory '/builddir/build/BUILD/libassuan-2.5.5/src'
/bin/sh ../libtool  --tag=CC   --mode=compile gclang -DHAVE_CONFIG_H -I. -I..  -I..   -O0 -Wall -Wcast-align -Wshadow -Wstrict-prototypes -Wpointer-arith -fPIC -DPIC -c -o funopen.lo funopen.c
libtool: compile:  gclang -DHAVE_CONFIG_H -I. -I.. -I.. -O0 -Wall -Wcast-align -Wshadow -Wstrict-prototypes -Wpointer-arith -fPIC -DPIC -c funopen.c  -fPIC -DPIC -o .libs/funopen.o
make.orig[3]: Leaving directory '/builddir/build/BUILD/libassuan-2.5.5/src'
make.orig[3]: Entering directory '/builddir/build/BUILD/libassuan-2.5.5/src'
/bin/sh ../libtool  --tag=CC   --mode=compile gclang -DHAVE_CONFIG_H -I. -I..  -I..    -O0 -Wall -Wcast-align -Wshadow -Wstrict-prototypes -Wpointer-arith -fPIC -DPIC -c -o libassuan_la-assuan-io.lo `test -f 'assuan-io.c' || echo './'`assuan-io.c
libtool: compile:  gclang -DHAVE_CONFIG_H -I. -I.. -I.. -O0 -Wall -Wcast-align -Wshadow -Wstrict-prototypes -Wpointer-arith -fPIC -DPIC -c assuan-io.c  -fPIC -DPIC -o .libs/libassuan_la-assuan-io.o
make.orig[3]: Leaving directory '/builddir/build/BUILD/libassuan-2.5.5/src'
make.orig[3]: Entering directory '/builddir/build/BUILD/libassuan-2.5.5/src'
/bin/sh ../libtool  --tag=CC   --mode=compile gclang -DHAVE_CONFIG_H -I. -I..  -I..    -O0 -Wall -Wcast-align -Wshadow -Wstrict-prototypes -Wpointer-arith -fPIC -DPIC -c -o libassuan_la-assuan-socket-connect.lo `test -f 'assuan-socket-connect.c' || echo './'`assuan-socket-connect.c
libtool: compile:  gclang -DHAVE_CONFIG_H -I. -I.. -I.. -O0 -Wall -Wcast-align -Wshadow -Wstrict-prototypes -Wpointer-arith -fPIC -DPIC -c assuan-socket-connect.c  -fPIC -DPIC -o .libs/libassuan_la-assuan-socket-connect.o
make.orig[3]: Leaving directory '/builddir/build/BUILD/libassuan-2.5.5/src'
make.orig[3]: Entering directory '/builddir/build/BUILD/libassuan-2.5.5/src'
/bin/sh ../libtool  --tag=CC   --mode=compile gclang -DHAVE_CONFIG_H -I. -I..  -I..    -O0 -Wall -Wcast-align -Wshadow -Wstrict-prototypes -Wpointer-arith -fPIC -DPIC -c -o libassuan_la-assuan-logging.lo `test -f 'assuan-logging.c' || echo './'`assuan-logging.c
libtool: compile:  gclang -DHAVE_CONFIG_H -I. -I.. -I.. -O0 -Wall -Wcast-align -Wshadow -Wstrict-prototypes -Wpointer-arith -fPIC -DPIC -c assuan-logging.c  -fPIC -DPIC -o .libs/libassuan_la-assuan-logging.o
make.orig[3]: Leaving directory '/builddir/build/BUILD/libassuan-2.5.5/src'
make.orig[3]: Entering directory '/builddir/build/BUILD/libassuan-2.5.5/src'
/bin/sh ../libtool  --tag=CC   --mode=compile gclang -DHAVE_CONFIG_H -I. -I..  -I..    -O0 -Wall -Wcast-align -Wshadow -Wstrict-prototypes -Wpointer-arith -fPIC -DPIC -c -o libassuan_la-assuan-uds.lo `test -f 'assuan-uds.c' || echo './'`assuan-uds.c
libtool: compile:  gclang -DHAVE_CONFIG_H -I. -I.. -I.. -O0 -Wall -Wcast-align -Wshadow -Wstrict-prototypes -Wpointer-arith -fPIC -DPIC -c assuan-uds.c  -fPIC -DPIC -o .libs/libassuan_la-assuan-uds.o
make.orig[3]: Leaving directory '/builddir/build/BUILD/libassuan-2.5.5/src'
make.orig[3]: Entering directory '/builddir/build/BUILD/libassuan-2.5.5/src'
/bin/sh ../libtool  --tag=CC   --mode=compile gclang -DHAVE_CONFIG_H -I. -I..  -I..    -O0 -Wall -Wcast-align -Wshadow -Wstrict-prototypes -Wpointer-arith -fPIC -DPIC -c -o libassuan_la-assuan-socket.lo `test -f 'assuan-socket.c' || echo './'`assuan-socket.c
libtool: compile:  gclang -DHAVE_CONFIG_H -I. -I.. -I.. -O0 -Wall -Wcast-align -Wshadow -Wstrict-prototypes -Wpointer-arith -fPIC -DPIC -c assuan-socket.c  -fPIC -DPIC -o .libs/libassuan_la-assuan-socket.o
make.orig[3]: Leaving directory '/builddir/build/BUILD/libassuan-2.5.5/src'
make.orig[3]: Entering directory '/builddir/build/BUILD/libassuan-2.5.5/src'
/bin/sh ../libtool  --tag=CC   --mode=compile gclang -DHAVE_CONFIG_H -I. -I..  -I..    -O0 -Wall -Wcast-align -Wshadow -Wstrict-prototypes -Wpointer-arith -fPIC -DPIC -c -o libassuan_la-system-posix.lo `test -f 'system-posix.c' || echo './'`system-posix.c
libtool: compile:  gclang -DHAVE_CONFIG_H -I. -I.. -I.. -O0 -Wall -Wcast-align -Wshadow -Wstrict-prototypes -Wpointer-arith -fPIC -DPIC -c system-posix.c  -fPIC -DPIC -o .libs/libassuan_la-system-posix.o
make.orig[3]: Leaving directory '/builddir/build/BUILD/libassuan-2.5.5/src'
make.orig[3]: Entering directory '/builddir/build/BUILD/libassuan-2.5.5/src'
/bin/sh ../libtool  --tag=CC   --mode=link gclang  -O0 -Wall -Wcast-align -Wshadow -Wstrict-prototypes -Wpointer-arith -fPIC -DPIC     -Wl,--version-script=./libassuan.vers -version-info 8:5:8 -O0 -o libassuan.la -rpath /usr/lib64  libassuan_la-assuan.lo libassuan_la-context.lo libassuan_la-system.lo libassuan_la-debug.lo libassuan_la-conversion.lo libassuan_la-sysutils.lo libassuan_la-client.lo libassuan_la-server.lo libassuan_la-assuan-error.lo libassuan_la-assuan-buffer.lo libassuan_la-assuan-handler.lo libassuan_la-assuan-inquire.lo libassuan_la-assuan-listen.lo libassuan_la-assuan-pipe-server.lo libassuan_la-assuan-socket-server.lo libassuan_la-assuan-pipe-connect.lo libassuan_la-assuan-socket-connect.lo libassuan_la-assuan-uds.lo libassuan_la-assuan-logging.lo libassuan_la-assuan-socket.lo   libassuan_la-system-posix.lo libassuan_la-assuan-io.lo  funopen.lo  -lgpg-error 
libtool: link: gclang -shared  -fPIC -DPIC  .libs/libassuan_la-assuan.o .libs/libassuan_la-context.o .libs/libassuan_la-system.o .libs/libassuan_la-debug.o .libs/libassuan_la-conversion.o .libs/libassuan_la-sysutils.o .libs/libassuan_la-client.o .libs/libassuan_la-server.o .libs/libassuan_la-assuan-error.o .libs/libassuan_la-assuan-buffer.o .libs/libassuan_la-assuan-handler.o .libs/libassuan_la-assuan-inquire.o .libs/libassuan_la-assuan-listen.o .libs/libassuan_la-assuan-pipe-server.o .libs/libassuan_la-assuan-socket-server.o .libs/libassuan_la-assuan-pipe-connect.o .libs/libassuan_la-assuan-socket-connect.o .libs/libassuan_la-assuan-uds.o .libs/libassuan_la-assuan-logging.o .libs/libassuan_la-assuan-socket.o .libs/libassuan_la-system-posix.o .libs/libassuan_la-assuan-io.o .libs/funopen.o   -lgpg-error -Wl,-z,now  -O0 -Wl,--version-script=./libassuan.vers -O0   -Wl,-soname -Wl,libassuan.so.0 -o .libs/libassuan.so.0.8.5
libtool: link: (cd ".libs" && rm -f "libassuan.so.0" && ln -s "libassuan.so.0.8.5" "libassuan.so.0")
libtool: link: (cd ".libs" && rm -f "libassuan.so" && ln -s "libassuan.so.0.8.5" "libassuan.so")
libtool: link: ( cd ".libs" && rm -f "libassuan.la" && ln -s "../libassuan.la" "libassuan.la" )
make.orig[3]: Leaving directory '/builddir/build/BUILD/libassuan-2.5.5/src'
Making all in doc
make.orig[2]: Nothing to be done for 'all'.
Making all in tests
/usr/bin/make.orig  all-am
make.orig[3]: Entering directory '/builddir/build/BUILD/libassuan-2.5.5/tests'
gclang -DHAVE_CONFIG_H -I. -I..     -O0 -Wall -Wcast-align -Wshadow -Wstrict-prototypes -Wpointer-arith -fPIC -DPIC -c -o version.o version.c
make.orig[3]: Leaving directory '/builddir/build/BUILD/libassuan-2.5.5/tests'
make.orig[3]: Entering directory '/builddir/build/BUILD/libassuan-2.5.5/tests'
gclang -DHAVE_CONFIG_H -I. -I..     -O0 -Wall -Wcast-align -Wshadow -Wstrict-prototypes -Wpointer-arith -fPIC -DPIC -c -o pipeconnect.o pipeconnect.c
make.orig[3]: Leaving directory '/builddir/build/BUILD/libassuan-2.5.5/tests'
make.orig[3]: Entering directory '/builddir/build/BUILD/libassuan-2.5.5/tests'
gclang -DHAVE_CONFIG_H -I. -I..     -O0 -Wall -Wcast-align -Wshadow -Wstrict-prototypes -Wpointer-arith -fPIC -DPIC -c -o socks5.o socks5.c
make.orig[3]: Leaving directory '/builddir/build/BUILD/libassuan-2.5.5/tests'
make.orig[3]: Entering directory '/builddir/build/BUILD/libassuan-2.5.5/tests'
gclang -DHAVE_CONFIG_H -I. -I..     -O0 -Wall -Wcast-align -Wshadow -Wstrict-prototypes -Wpointer-arith -fPIC -DPIC -c -o fdpassing.o fdpassing.c
make.orig[3]: Leaving directory '/builddir/build/BUILD/libassuan-2.5.5/tests'
make.orig[3]: Entering directory '/builddir/build/BUILD/libassuan-2.5.5/tests'
/bin/sh ../libtool  --tag=CC   --mode=link gclang  -O0 -Wall -Wcast-align -Wshadow -Wstrict-prototypes -Wpointer-arith -fPIC -DPIC -no-install -O0 -o version version.o ../src/libassuan.la -lgpg-error  
libtool: link: gclang -O0 -Wall -Wcast-align -Wshadow -Wstrict-prototypes -Wpointer-arith -fPIC -DPIC -O0 -o version version.o  ../src/.libs/libassuan.so -lgpg-error -Wl,-rpath -Wl,/builddir/build/BUILD/libassuan-2.5.5/src/.libs -Wl,-rpath -Wl,/usr/lib64
make.orig[3]: Leaving directory '/builddir/build/BUILD/libassuan-2.5.5/tests'
make.orig[3]: Entering directory '/builddir/build/BUILD/libassuan-2.5.5/tests'
/bin/sh ../libtool  --tag=CC   --mode=link gclang  -O0 -Wall -Wcast-align -Wshadow -Wstrict-prototypes -Wpointer-arith -fPIC -DPIC -no-install -O0 -o pipeconnect pipeconnect.o ../src/libassuan.la -lgpg-error  
libtool: link: gclang -O0 -Wall -Wcast-align -Wshadow -Wstrict-prototypes -Wpointer-arith -fPIC -DPIC -O0 -o pipeconnect pipeconnect.o  ../src/.libs/libassuan.so -lgpg-error -Wl,-rpath -Wl,/builddir/build/BUILD/libassuan-2.5.5/src/.libs -Wl,-rpath -Wl,/usr/lib64
make.orig[3]: Leaving directory '/builddir/build/BUILD/libassuan-2.5.5/tests'
make.orig[3]: Entering directory '/builddir/build/BUILD/libassuan-2.5.5/tests'
/bin/sh ../libtool  --tag=CC   --mode=link gclang  -O0 -Wall -Wcast-align -Wshadow -Wstrict-prototypes -Wpointer-arith -fPIC -DPIC -no-install -O0 -o fdpassing fdpassing.o ../src/libassuan.la -lgpg-error  
libtool: link: gclang -O0 -Wall -Wcast-align -Wshadow -Wstrict-prototypes -Wpointer-arith -fPIC -DPIC -O0 -o fdpassing fdpassing.o  ../src/.libs/libassuan.so -lgpg-error -Wl,-rpath -Wl,/builddir/build/BUILD/libassuan-2.5.5/src/.libs -Wl,-rpath -Wl,/usr/lib64
make.orig[3]: Leaving directory '/builddir/build/BUILD/libassuan-2.5.5/tests'
make.orig[3]: Entering directory '/builddir/build/BUILD/libassuan-2.5.5/tests'
/bin/sh ../libtool  --tag=CC   --mode=link gclang  -O0 -Wall -Wcast-align -Wshadow -Wstrict-prototypes -Wpointer-arith -fPIC -DPIC -no-install -O0 -o socks5 socks5.o ../src/libassuan.la -lgpg-error  
libtool: link: gclang -O0 -Wall -Wcast-align -Wshadow -Wstrict-prototypes -Wpointer-arith -fPIC -DPIC -O0 -o socks5 socks5.o  ../src/.libs/libassuan.so -lgpg-error -Wl,-rpath -Wl,/builddir/build/BUILD/libassuan-2.5.5/src/.libs -Wl,-rpath -Wl,/usr/lib64
make.orig[3]: Leaving directory '/builddir/build/BUILD/libassuan-2.5.5/tests'
+ RPM_EC=0
++ jobs -p
+ exit 0
Finish: chroot ['/bin/su mockbuild -l -c "PATH=/usr/lib64/cswrap:\\$PATH CSWRAP_CAP_FILE=\\$\'/builddir/cswrap-capture.err\' CSWRAP_TIMEOUT=\\$\'30\' CSWRAP_TIMEOUT_FOR=\\$\':\' CC=\\$\'gclang\' CXX=\\$\'gclang++\' CSEXEC_WRAP_CMD=\\$\'--skip-ld-linux\\\\acsexec-symbiotic\\\\a-l\\\\a/builddir/symbiotic-capture\\\\a-s\\\\a--prp=memsafety --timeout=8 \' CSWRAP_ADD_CFLAGS=\\$\'-Wno-unknown-pragmas:-Wno-unused-command-line-argument:-Wno-unused-parameter:-Wno-unknown-attributes:-Wno-unused-label:-Wno-unknown-pragmas:-Wno-unused-command-line-argument:-fsanitize-address-use-after-scope:-O0:-Xclang:-disable-llvm-passes:-D__inline=:-g:-Wl,--dynamic-linker,/usr/bin/csexec-loader:-Wno-unknown-pragmas:-Wl,--dynamic-linker,/usr/bin/csexec-loader\' CSWRAP_DEL_CFLAGS=\\$\'-Werror*:-fdiagnostics-color*:-no-canonical-prefixes:-Wno-error=deprecated-register:-O1:-O2:-O3:-Os:-Ofast:-Og:-Werror*:-fdiagnostics-color*:-no-canonical-prefixes:-Wno-error=deprecated-register\' CSWRAP_ADD_CXXFLAGS=\\$\'-Wno-unused-command-line-argument:-Wno-unused-parameter:-Wno-unknown-attributes:-Wno-unused-label:-Wno-unknown-pragmas:-Wno-unused-command-line-argument:-fsanitize-address-use-after-scope:-O0:-Xclang:-disable-llvm-passes:-D__inline=:-g:-Wl,--dynamic-linker,/usr/bin/csexec-loader:-Wl,--dynamic-linker,/usr/bin/csexec-loader\' CSWRAP_DEL_CXXFLAGS=\\$\'-Werror*:-fdiagnostics-color*:-no-canonical-prefixes:-Wno-error=deprecated-register:-O1:-O2:-O3:-Os:-Ofast:-Og:-Werror*:-fdiagnostics-color*:-no-canonical-prefixes:-Wno-error=deprecated-register\' sh -c \\"rpmbuild -bc --nodeps --short-circuit /builddir/build/SPECS/libassuan.spec \'--define\' \'apidocs 0\' \'--define\' \'with_publican 0\' \'--without\' \'docs\' \'--without\' \'langpacks\' \'--define\' \'__cc gclang\' \'--define\' \'__cxx gclang++\' \'--define\' \'__cpp gclang -E\' \'--define\' \'toolchain clang\' \'--define\' \'optflags -O0\' \'--define\' \'build_ldflags -O0\'\\""']

>>> 2021-12-01 11:38:15	"/usr/bin/mock-unbuffered" "-r" "fedora-35-x86_64" "--plugin-option=tmpfs:keep_mounted=True" "--config-opts=print_main_output=True" "--chroot" "/bin/su mockbuild -l -c \"PATH=/usr/lib64/cswrap:\\\$PATH CSWRAP_CAP_FILE=\\\$'/builddir/cswrap-capture.err' CSWRAP_TIMEOUT=\\\$'30' CSWRAP_TIMEOUT_FOR=\\\$':' CC=\\\$'gclang' CXX=\\\$'gclang++' CSEXEC_WRAP_CMD=\\\$'--skip-ld-linux\\\\acsexec-symbiotic\\\\a-l\\\\a/builddir/symbiotic-capture\\\\a-s\\\\a--prp=memsafety --timeout=8 ' CSWRAP_ADD_CFLAGS=\\\$'-Wno-unknown-pragmas:-Wno-unused-command-line-argument:-Wno-unused-parameter:-Wno-unknown-attributes:-Wno-unused-label:-Wno-unknown-pragmas:-Wno-unused-command-line-argument:-fsanitize-address-use-after-scope:-O0:-Xclang:-disable-llvm-passes:-D__inline=:-g:-Wl,--dynamic-linker,/usr/bin/csexec-loader:-Wno-unknown-pragmas:-Wl,--dynamic-linker,/usr/bin/csexec-loader' CSWRAP_DEL_CFLAGS=\\\$'-Werror*:-fdiagnostics-color*:-no-canonical-prefixes:-Wno-error=deprecated-register:-O1:-O2:-O3:-Os:-Ofast:-Og:-Werror*:-fdiagnostics-color*:-no-canonical-prefixes:-Wno-error=deprecated-register' CSWRAP_ADD_CXXFLAGS=\\\$'-Wno-unused-command-line-argument:-Wno-unused-parameter:-Wno-unknown-attributes:-Wno-unused-label:-Wno-unknown-pragmas:-Wno-unused-command-line-argument:-fsanitize-address-use-after-scope:-O0:-Xclang:-disable-llvm-passes:-D__inline=:-g:-Wl,--dynamic-linker,/usr/bin/csexec-loader:-Wl,--dynamic-linker,/usr/bin/csexec-loader' CSWRAP_DEL_CXXFLAGS=\\\$'-Werror*:-fdiagnostics-color*:-no-canonical-prefixes:-Wno-error=deprecated-register:-O1:-O2:-O3:-Os:-Ofast:-Og:-Werror*:-fdiagnostics-color*:-no-canonical-prefixes:-Wno-error=deprecated-register' sh -c \\\"rpmbuild -bi --nodeps --short-circuit /builddir/build/SPECS/libassuan.spec '--define' 'apidocs 0' '--define' 'with_publican 0' '--without' 'docs' '--without' 'langpacks' '--define' '__cc gclang' '--define' '__cxx gclang++' '--define' '__cpp gclang -E' '--define' 'toolchain clang' '--define' 'optflags -O0' '--define' 'build_ldflags -O0'\\\"\""
INFO: mock.py version 2.13 starting (python version = 3.6.8, NVR = mock-2.13-1.kdudka.1.el7)...
Start(bootstrap): init plugins
INFO: selinux enabled
Finish(bootstrap): init plugins
Start: init plugins
INFO: selinux enabled
Finish: init plugins
INFO: Signal handler active
Start: run
Start(bootstrap): chroot init
INFO: calling preinit hooks
INFO: enabled root cache
INFO: enabled package manager cache
Start(bootstrap): cleaning package manager metadata
Finish(bootstrap): cleaning package manager metadata
INFO: enabled HW Info plugin
Mock Version: 2.13
INFO: Mock Version: 2.13
Finish(bootstrap): chroot init
Start: chroot init
INFO: calling preinit hooks
INFO: enabled root cache
INFO: enabled package manager cache
Start: cleaning package manager metadata
Finish: cleaning package manager metadata
INFO: enabled HW Info plugin
Mock Version: 2.13
INFO: Mock Version: 2.13
Finish: chroot init
INFO: Running in chroot: ['/bin/su mockbuild -l -c "PATH=/usr/lib64/cswrap:\\$PATH CSWRAP_CAP_FILE=\\$\'/builddir/cswrap-capture.err\' CSWRAP_TIMEOUT=\\$\'30\' CSWRAP_TIMEOUT_FOR=\\$\':\' CC=\\$\'gclang\' CXX=\\$\'gclang++\' CSEXEC_WRAP_CMD=\\$\'--skip-ld-linux\\\\acsexec-symbiotic\\\\a-l\\\\a/builddir/symbiotic-capture\\\\a-s\\\\a--prp=memsafety --timeout=8 \' CSWRAP_ADD_CFLAGS=\\$\'-Wno-unknown-pragmas:-Wno-unused-command-line-argument:-Wno-unused-parameter:-Wno-unknown-attributes:-Wno-unused-label:-Wno-unknown-pragmas:-Wno-unused-command-line-argument:-fsanitize-address-use-after-scope:-O0:-Xclang:-disable-llvm-passes:-D__inline=:-g:-Wl,--dynamic-linker,/usr/bin/csexec-loader:-Wno-unknown-pragmas:-Wl,--dynamic-linker,/usr/bin/csexec-loader\' CSWRAP_DEL_CFLAGS=\\$\'-Werror*:-fdiagnostics-color*:-no-canonical-prefixes:-Wno-error=deprecated-register:-O1:-O2:-O3:-Os:-Ofast:-Og:-Werror*:-fdiagnostics-color*:-no-canonical-prefixes:-Wno-error=deprecated-register\' CSWRAP_ADD_CXXFLAGS=\\$\'-Wno-unused-command-line-argument:-Wno-unused-parameter:-Wno-unknown-attributes:-Wno-unused-label:-Wno-unknown-pragmas:-Wno-unused-command-line-argument:-fsanitize-address-use-after-scope:-O0:-Xclang:-disable-llvm-passes:-D__inline=:-g:-Wl,--dynamic-linker,/usr/bin/csexec-loader:-Wl,--dynamic-linker,/usr/bin/csexec-loader\' CSWRAP_DEL_CXXFLAGS=\\$\'-Werror*:-fdiagnostics-color*:-no-canonical-prefixes:-Wno-error=deprecated-register:-O1:-O2:-O3:-Os:-Ofast:-Og:-Werror*:-fdiagnostics-color*:-no-canonical-prefixes:-Wno-error=deprecated-register\' sh -c \\"rpmbuild -bi --nodeps --short-circuit /builddir/build/SPECS/libassuan.spec \'--define\' \'apidocs 0\' \'--define\' \'with_publican 0\' \'--without\' \'docs\' \'--without\' \'langpacks\' \'--define\' \'__cc gclang\' \'--define\' \'__cxx gclang++\' \'--define\' \'__cpp gclang -E\' \'--define\' \'toolchain clang\' \'--define\' \'optflags -O0\' \'--define\' \'build_ldflags -O0\'\\""']
Start: chroot ['/bin/su mockbuild -l -c "PATH=/usr/lib64/cswrap:\\$PATH CSWRAP_CAP_FILE=\\$\'/builddir/cswrap-capture.err\' CSWRAP_TIMEOUT=\\$\'30\' CSWRAP_TIMEOUT_FOR=\\$\':\' CC=\\$\'gclang\' CXX=\\$\'gclang++\' CSEXEC_WRAP_CMD=\\$\'--skip-ld-linux\\\\acsexec-symbiotic\\\\a-l\\\\a/builddir/symbiotic-capture\\\\a-s\\\\a--prp=memsafety --timeout=8 \' CSWRAP_ADD_CFLAGS=\\$\'-Wno-unknown-pragmas:-Wno-unused-command-line-argument:-Wno-unused-parameter:-Wno-unknown-attributes:-Wno-unused-label:-Wno-unknown-pragmas:-Wno-unused-command-line-argument:-fsanitize-address-use-after-scope:-O0:-Xclang:-disable-llvm-passes:-D__inline=:-g:-Wl,--dynamic-linker,/usr/bin/csexec-loader:-Wno-unknown-pragmas:-Wl,--dynamic-linker,/usr/bin/csexec-loader\' CSWRAP_DEL_CFLAGS=\\$\'-Werror*:-fdiagnostics-color*:-no-canonical-prefixes:-Wno-error=deprecated-register:-O1:-O2:-O3:-Os:-Ofast:-Og:-Werror*:-fdiagnostics-color*:-no-canonical-prefixes:-Wno-error=deprecated-register\' CSWRAP_ADD_CXXFLAGS=\\$\'-Wno-unused-command-line-argument:-Wno-unused-parameter:-Wno-unknown-attributes:-Wno-unused-label:-Wno-unknown-pragmas:-Wno-unused-command-line-argument:-fsanitize-address-use-after-scope:-O0:-Xclang:-disable-llvm-passes:-D__inline=:-g:-Wl,--dynamic-linker,/usr/bin/csexec-loader:-Wl,--dynamic-linker,/usr/bin/csexec-loader\' CSWRAP_DEL_CXXFLAGS=\\$\'-Werror*:-fdiagnostics-color*:-no-canonical-prefixes:-Wno-error=deprecated-register:-O1:-O2:-O3:-Os:-Ofast:-Og:-Werror*:-fdiagnostics-color*:-no-canonical-prefixes:-Wno-error=deprecated-register\' sh -c \\"rpmbuild -bi --nodeps --short-circuit /builddir/build/SPECS/libassuan.spec \'--define\' \'apidocs 0\' \'--define\' \'with_publican 0\' \'--without\' \'docs\' \'--without\' \'langpacks\' \'--define\' \'__cc gclang\' \'--define\' \'__cxx gclang++\' \'--define\' \'__cpp gclang -E\' \'--define\' \'toolchain clang\' \'--define\' \'optflags -O0\' \'--define\' \'build_ldflags -O0\'\\""']
setting SOURCE_DATE_EPOCH=1626912000
Executing(%install): /bin/sh -e /var/tmp/rpm-tmp.h60UR8
+ umask 022
+ cd /builddir/build/BUILD
+ '[' /builddir/build/BUILDROOT/libassuan-2.5.5-3.fc35.x86_64 '!=' / ']'
+ rm -rf /builddir/build/BUILDROOT/libassuan-2.5.5-3.fc35.x86_64
++ dirname /builddir/build/BUILDROOT/libassuan-2.5.5-3.fc35.x86_64
+ mkdir -p /builddir/build/BUILDROOT
+ mkdir /builddir/build/BUILDROOT/libassuan-2.5.5-3.fc35.x86_64
+ cd libassuan-2.5.5
+ /usr/bin/make install DESTDIR=/builddir/build/BUILDROOT/libassuan-2.5.5-3.fc35.x86_64 'INSTALL=/usr/bin/install -p'
Making install in m4
make.orig[1]: Entering directory '/builddir/build/BUILD/libassuan-2.5.5/m4'
make.orig[2]: Entering directory '/builddir/build/BUILD/libassuan-2.5.5/m4'
make.orig[2]: Nothing to be done for 'install-exec-am'.
make.orig[2]: Nothing to be done for 'install-data-am'.
make.orig[2]: Leaving directory '/builddir/build/BUILD/libassuan-2.5.5/m4'
make.orig[1]: Leaving directory '/builddir/build/BUILD/libassuan-2.5.5/m4'
Making install in src
make.orig[1]: Entering directory '/builddir/build/BUILD/libassuan-2.5.5/src'
/usr/bin/make.orig  install-am
make.orig[2]: Entering directory '/builddir/build/BUILD/libassuan-2.5.5/src'
make.orig[3]: Entering directory '/builddir/build/BUILD/libassuan-2.5.5/src'
 /usr/bin/mkdir -p '/builddir/build/BUILDROOT/libassuan-2.5.5-3.fc35.x86_64/usr/lib64'
 /bin/sh ../libtool   --mode=install /usr/bin/install -p   libassuan.la '/builddir/build/BUILDROOT/libassuan-2.5.5-3.fc35.x86_64/usr/lib64'
libtool: install: /usr/bin/install -p .libs/libassuan.so.0.8.5 /builddir/build/BUILDROOT/libassuan-2.5.5-3.fc35.x86_64/usr/lib64/libassuan.so.0.8.5
libtool: install: (cd /builddir/build/BUILDROOT/libassuan-2.5.5-3.fc35.x86_64/usr/lib64 && { ln -s -f libassuan.so.0.8.5 libassuan.so.0 || { rm -f libassuan.so.0 && ln -s libassuan.so.0.8.5 libassuan.so.0; }; })
libtool: install: (cd /builddir/build/BUILDROOT/libassuan-2.5.5-3.fc35.x86_64/usr/lib64 && { ln -s -f libassuan.so.0.8.5 libassuan.so || { rm -f libassuan.so && ln -s libassuan.so.0.8.5 libassuan.so; }; })
libtool: install: /usr/bin/install -p .libs/libassuan.lai /builddir/build/BUILDROOT/libassuan-2.5.5-3.fc35.x86_64/usr/lib64/libassuan.la
libtool: install: warning: remember to run `libtool --finish /usr/lib64'
 /usr/bin/mkdir -p '/builddir/build/BUILDROOT/libassuan-2.5.5-3.fc35.x86_64/usr/bin'
 /usr/bin/install -p libassuan-config '/builddir/build/BUILDROOT/libassuan-2.5.5-3.fc35.x86_64/usr/bin'
/usr/bin/make.orig  install-exec-hook
make.orig[4]: Entering directory '/builddir/build/BUILD/libassuan-2.5.5/src'
make.orig[4]: Nothing to be done for 'install-exec-hook'.
make.orig[4]: Leaving directory '/builddir/build/BUILD/libassuan-2.5.5/src'
 /usr/bin/mkdir -p '/builddir/build/BUILDROOT/libassuan-2.5.5-3.fc35.x86_64/usr/share/aclocal'
 /usr/bin/install -p -m 644 libassuan.m4 '/builddir/build/BUILDROOT/libassuan-2.5.5-3.fc35.x86_64/usr/share/aclocal'
 /usr/bin/mkdir -p '/builddir/build/BUILDROOT/libassuan-2.5.5-3.fc35.x86_64/usr/include/libassuan2'
 /usr/bin/install -p -m 644 assuan.h '/builddir/build/BUILDROOT/libassuan-2.5.5-3.fc35.x86_64/usr/include/libassuan2'
 /usr/bin/mkdir -p '/builddir/build/BUILDROOT/libassuan-2.5.5-3.fc35.x86_64/usr/lib64/pkgconfig'
 /usr/bin/install -p -m 644 libassuan.pc '/builddir/build/BUILDROOT/libassuan-2.5.5-3.fc35.x86_64/usr/lib64/pkgconfig'
make.orig[3]: Leaving directory '/builddir/build/BUILD/libassuan-2.5.5/src'
make.orig[2]: Leaving directory '/builddir/build/BUILD/libassuan-2.5.5/src'
make.orig[1]: Leaving directory '/builddir/build/BUILD/libassuan-2.5.5/src'
Making install in doc
make.orig[1]: Entering directory '/builddir/build/BUILD/libassuan-2.5.5/doc'
make.orig[2]: Entering directory '/builddir/build/BUILD/libassuan-2.5.5/doc'
make.orig[2]: Nothing to be done for 'install-exec-am'.
 /usr/bin/mkdir -p '/builddir/build/BUILDROOT/libassuan-2.5.5-3.fc35.x86_64/usr/share/info'
 /usr/bin/install -p -m 644 ./assuan.info '/builddir/build/BUILDROOT/libassuan-2.5.5-3.fc35.x86_64/usr/share/info'
 install-info --info-dir='/builddir/build/BUILDROOT/libassuan-2.5.5-3.fc35.x86_64/usr/share/info' '/builddir/build/BUILDROOT/libassuan-2.5.5-3.fc35.x86_64/usr/share/info/assuan.info'
make.orig[2]: Leaving directory '/builddir/build/BUILD/libassuan-2.5.5/doc'
make.orig[1]: Leaving directory '/builddir/build/BUILD/libassuan-2.5.5/doc'
Making install in tests
make.orig[1]: Entering directory '/builddir/build/BUILD/libassuan-2.5.5/tests'
/usr/bin/make.orig  install-am
make.orig[2]: Entering directory '/builddir/build/BUILD/libassuan-2.5.5/tests'
make.orig[3]: Entering directory '/builddir/build/BUILD/libassuan-2.5.5/tests'
make.orig[3]: Nothing to be done for 'install-exec-am'.
make.orig[3]: Nothing to be done for 'install-data-am'.
make.orig[3]: Leaving directory '/builddir/build/BUILD/libassuan-2.5.5/tests'
make.orig[2]: Leaving directory '/builddir/build/BUILD/libassuan-2.5.5/tests'
make.orig[1]: Leaving directory '/builddir/build/BUILD/libassuan-2.5.5/tests'
make.orig[1]: Entering directory '/builddir/build/BUILD/libassuan-2.5.5'
make.orig[2]: Entering directory '/builddir/build/BUILD/libassuan-2.5.5'
make.orig[2]: Nothing to be done for 'install-exec-am'.
make.orig[2]: Nothing to be done for 'install-data-am'.
make.orig[2]: Leaving directory '/builddir/build/BUILD/libassuan-2.5.5'
make.orig[1]: Leaving directory '/builddir/build/BUILD/libassuan-2.5.5'
+ rm -fv /builddir/build/BUILDROOT/libassuan-2.5.5-3.fc35.x86_64/usr/share/info/dir
removed '/builddir/build/BUILDROOT/libassuan-2.5.5-3.fc35.x86_64/usr/share/info/dir'
+ rm -fv /builddir/build/BUILDROOT/libassuan-2.5.5-3.fc35.x86_64/usr/lib64/libassuan.la
removed '/builddir/build/BUILDROOT/libassuan-2.5.5-3.fc35.x86_64/usr/lib64/libassuan.la'
+ /usr/bin/find-debuginfo -j16 --strict-build-id -m -i --build-id-seed 2.5.5-3.fc35 --unique-debug-suffix -2.5.5-3.fc35.x86_64 --unique-debug-src-base libassuan-2.5.5-3.fc35.x86_64 --run-dwz --dwz-low-mem-die-limit 10000000 --dwz-max-die-limit 110000000 -S debugsourcefiles.list /builddir/build/BUILD/libassuan-2.5.5
extracting debug info from /builddir/build/BUILDROOT/libassuan-2.5.5-3.fc35.x86_64/usr/lib64/libassuan.so.0.8.5
original debug info size: 284kB, size after compression: 160kB
/usr/bin/sepdebugcrcfix: Updated 1 CRC32s, 0 CRC32s did match.
485 blocks
+ /usr/lib/rpm/check-buildroot
+ /usr/lib/rpm/redhat/brp-llvm-compile-lto-elf -O0 -O0
Checking for LLVM bitcode artifacts
+ /usr/lib/rpm/redhat/brp-ldconfig
+ /usr/lib/rpm/brp-compress
+ /usr/lib/rpm/redhat/brp-strip-lto /usr/bin/strip
+ /usr/lib/rpm/brp-strip-static-archive /usr/bin/strip
+ /usr/lib/rpm/check-rpaths
+ /usr/lib/rpm/redhat/brp-mangle-shebangs
mangling shebang in /usr/bin/libassuan-config from /bin/sh to #!/usr/bin/sh
+ /usr/lib/rpm/redhat/brp-python-bytecompile '' 1 0
+ /usr/lib/rpm/redhat/brp-python-hardlink
Executing(%check): /bin/sh -e /var/tmp/rpm-tmp.lMY3yv
+ umask 022
+ cd /builddir/build/BUILD
+ cd libassuan-2.5.5
+ make check
Making check in m4
make.orig[1]: Entering directory '/builddir/build/BUILD/libassuan-2.5.5/m4'
make.orig[1]: Nothing to be done for 'check'.
make.orig[1]: Leaving directory '/builddir/build/BUILD/libassuan-2.5.5/m4'
Making check in src
make.orig[1]: Entering directory '/builddir/build/BUILD/libassuan-2.5.5/src'
/usr/bin/make.orig  check-am
make.orig[2]: Entering directory '/builddir/build/BUILD/libassuan-2.5.5/src'
make.orig[2]: Nothing to be done for 'check-am'.
make.orig[2]: Leaving directory '/builddir/build/BUILD/libassuan-2.5.5/src'
make.orig[1]: Leaving directory '/builddir/build/BUILD/libassuan-2.5.5/src'
Making check in doc
make.orig[1]: Entering directory '/builddir/build/BUILD/libassuan-2.5.5/doc'
make.orig[1]: Nothing to be done for 'check'.
make.orig[1]: Leaving directory '/builddir/build/BUILD/libassuan-2.5.5/doc'
Making check in tests
make.orig[1]: Entering directory '/builddir/build/BUILD/libassuan-2.5.5/tests'
/usr/bin/make.orig  check-am
make.orig[2]: Entering directory '/builddir/build/BUILD/libassuan-2.5.5/tests'
/usr/bin/make.orig  check-TESTS
make.orig[3]: Entering directory '/builddir/build/BUILD/libassuan-2.5.5/tests'
PASS: version
Received data `Your lucky number is 3552664958674928.  Watch for it everywhere.'
PASS: pipeconnect
fdpassing[29948]: chan_4 -> OK Pleased to meet you, process 29902
fdpassing[29948]: chan_4 <- # descriptor 4 is in flight
fdpassing[29948]: chan_4 <- INPUT FD
fdpassing[29948]: chan_4 -> OK
fdpassing[29948]: chan_4 <- ECHO
fdpassing[29948]: chan_4 -> OK
fdpassing[29948]: chan_4 <- # descriptor 4 is in flight
fdpassing[29948]: chan_4 <- INPUT FD
fdpassing[29948]: chan_4 -> OK
fdpassing[29948]: chan_4 <- ECHO
fdpassing[29948]: chan_4 -> OK
fdpassing[29948]: chan_4 <- # descriptor 4 is in flight
fdpassing[29948]: chan_4 <- INPUT FD
fdpassing[29948]: chan_4 -> OK
fdpassing[29948]: chan_4 <- ECHO
fdpassing[29948]: chan_4 -> OK
fdpassing[29948]: chan_4 <- # descriptor 4 is in flight
fdpassing[29948]: chan_4 <- INPUT FD
fdpassing[29948]: chan_4 -> OK
fdpassing[29948]: chan_4 <- ECHO
fdpassing[29948]: chan_4 -> OK
fdpassing[29948]: chan_4 <- # descriptor 4 is in flight
fdpassing[29948]: chan_4 <- INPUT FD
fdpassing[29948]: chan_4 -> OK
fdpassing[29948]: chan_4 <- ECHO
PASS: fdpassing
fdpassing[29948]: chan_4 -> OK
fdpassing[29948]: chan_4 <- # descriptor 4 is in flight
fdpassing[29948]: chan_4 <- INPUT FD
fdpassing[29948]: chan_4 -> OK
fdpassing[29948]: chan_4 <- ECHO
fdpassing[29948]: chan_4 -> OK
fdpassing[29948]: chan_4 <- BYE
fdpassing[29948]: chan_4 -> OK closing connection
==================
All 3 tests passed
==================
make.orig[3]: Leaving directory '/builddir/build/BUILD/libassuan-2.5.5/tests'
make.orig[2]: Leaving directory '/builddir/build/BUILD/libassuan-2.5.5/tests'
make.orig[1]: Leaving directory '/builddir/build/BUILD/libassuan-2.5.5/tests'
make.orig[1]: Entering directory '/builddir/build/BUILD/libassuan-2.5.5'
make.orig[1]: Leaving directory '/builddir/build/BUILD/libassuan-2.5.5'
+ RPM_EC=0
++ jobs -p
+ exit 0
Processing files: libassuan-2.5.5-3.fc35.x86_64
Executing(%doc): /bin/sh -e /var/tmp/rpm-tmp.42JcJK
+ umask 022
+ cd /builddir/build/BUILD
+ cd libassuan-2.5.5
+ DOCDIR=/builddir/build/BUILDROOT/libassuan-2.5.5-3.fc35.x86_64/usr/share/doc/libassuan
+ export LC_ALL=C
+ LC_ALL=C
+ export DOCDIR
+ /usr/bin/mkdir -p /builddir/build/BUILDROOT/libassuan-2.5.5-3.fc35.x86_64/usr/share/doc/libassuan
+ cp -pr AUTHORS /builddir/build/BUILDROOT/libassuan-2.5.5-3.fc35.x86_64/usr/share/doc/libassuan
+ cp -pr NEWS /builddir/build/BUILDROOT/libassuan-2.5.5-3.fc35.x86_64/usr/share/doc/libassuan
+ cp -pr README /builddir/build/BUILDROOT/libassuan-2.5.5-3.fc35.x86_64/usr/share/doc/libassuan
+ RPM_EC=0
++ jobs -p
+ exit 0
Executing(%license): /bin/sh -e /var/tmp/rpm-tmp.mxCRFz
+ umask 022
+ cd /builddir/build/BUILD
+ cd libassuan-2.5.5
+ LICENSEDIR=/builddir/build/BUILDROOT/libassuan-2.5.5-3.fc35.x86_64/usr/share/licenses/libassuan
+ export LC_ALL=C
+ LC_ALL=C
+ export LICENSEDIR
+ /usr/bin/mkdir -p /builddir/build/BUILDROOT/libassuan-2.5.5-3.fc35.x86_64/usr/share/licenses/libassuan
+ cp -pr COPYING /builddir/build/BUILDROOT/libassuan-2.5.5-3.fc35.x86_64/usr/share/licenses/libassuan
+ cp -pr COPYING.LIB /builddir/build/BUILDROOT/libassuan-2.5.5-3.fc35.x86_64/usr/share/licenses/libassuan
+ RPM_EC=0
++ jobs -p
+ exit 0
Provides: libassuan = 2.5.5-3.fc35 libassuan(x86-64) = 2.5.5-3.fc35 libassuan.so.0()(64bit) libassuan.so.0(LIBASSUAN_1.0)(64bit)
Requires(rpmlib): rpmlib(CompressedFileNames) <= 3.0.4-1 rpmlib(FileDigests) <= 4.6.0-1 rpmlib(PayloadFilesHavePrefix) <= 4.0-1
Requires: libc.so.6()(64bit) libc.so.6(GLIBC_2.14)(64bit) libc.so.6(GLIBC_2.2.5)(64bit) libc.so.6(GLIBC_2.3)(64bit) libc.so.6(GLIBC_2.33)(64bit) libgpg-error.so.0()(64bit) libgpg-error.so.0(GPG_ERROR_1.0)(64bit) rtld(GNU_HASH)
Processing files: libassuan-devel-2.5.5-3.fc35.x86_64
Provides: libassuan-devel = 2.5.5-3.fc35 libassuan-devel(x86-64) = 2.5.5-3.fc35 libassuan2-devel = 2.5.5-3.fc35 libassuan2-devel(x86-64) = 2.5.5-3.fc35 pkgconfig(libassuan) = 2.5.5
Requires(rpmlib): rpmlib(CompressedFileNames) <= 3.0.4-1 rpmlib(FileDigests) <= 4.6.0-1 rpmlib(PayloadFilesHavePrefix) <= 4.0-1
Requires: /usr/bin/pkg-config /usr/bin/sh libassuan.so.0()(64bit) pkgconfig(gpg-error)
Processing files: libassuan-debugsource-2.5.5-3.fc35.x86_64
Provides: libassuan-debugsource = 2.5.5-3.fc35 libassuan-debugsource(x86-64) = 2.5.5-3.fc35
Requires(rpmlib): rpmlib(CompressedFileNames) <= 3.0.4-1 rpmlib(FileDigests) <= 4.6.0-1 rpmlib(PayloadFilesHavePrefix) <= 4.0-1
Processing files: libassuan-debuginfo-2.5.5-3.fc35.x86_64
Provides: debuginfo(build-id) = c6a6c1175038aefb20ad68810409fda275550fb0 libassuan-debuginfo = 2.5.5-3.fc35 libassuan-debuginfo(x86-64) = 2.5.5-3.fc35 libassuan.so.0.8.5-2.5.5-3.fc35.x86_64.debug()(64bit)
Requires(rpmlib): rpmlib(CompressedFileNames) <= 3.0.4-1 rpmlib(FileDigests) <= 4.6.0-1 rpmlib(PayloadFilesHavePrefix) <= 4.0-1
Recommends: libassuan-debugsource(x86-64) = 2.5.5-3.fc35
Checking for unpackaged file(s): /usr/lib/rpm/check-files /builddir/build/BUILDROOT/libassuan-2.5.5-3.fc35.x86_64
Finish: chroot ['/bin/su mockbuild -l -c "PATH=/usr/lib64/cswrap:\\$PATH CSWRAP_CAP_FILE=\\$\'/builddir/cswrap-capture.err\' CSWRAP_TIMEOUT=\\$\'30\' CSWRAP_TIMEOUT_FOR=\\$\':\' CC=\\$\'gclang\' CXX=\\$\'gclang++\' CSEXEC_WRAP_CMD=\\$\'--skip-ld-linux\\\\acsexec-symbiotic\\\\a-l\\\\a/builddir/symbiotic-capture\\\\a-s\\\\a--prp=memsafety --timeout=8 \' CSWRAP_ADD_CFLAGS=\\$\'-Wno-unknown-pragmas:-Wno-unused-command-line-argument:-Wno-unused-parameter:-Wno-unknown-attributes:-Wno-unused-label:-Wno-unknown-pragmas:-Wno-unused-command-line-argument:-fsanitize-address-use-after-scope:-O0:-Xclang:-disable-llvm-passes:-D__inline=:-g:-Wl,--dynamic-linker,/usr/bin/csexec-loader:-Wno-unknown-pragmas:-Wl,--dynamic-linker,/usr/bin/csexec-loader\' CSWRAP_DEL_CFLAGS=\\$\'-Werror*:-fdiagnostics-color*:-no-canonical-prefixes:-Wno-error=deprecated-register:-O1:-O2:-O3:-Os:-Ofast:-Og:-Werror*:-fdiagnostics-color*:-no-canonical-prefixes:-Wno-error=deprecated-register\' CSWRAP_ADD_CXXFLAGS=\\$\'-Wno-unused-command-line-argument:-Wno-unused-parameter:-Wno-unknown-attributes:-Wno-unused-label:-Wno-unknown-pragmas:-Wno-unused-command-line-argument:-fsanitize-address-use-after-scope:-O0:-Xclang:-disable-llvm-passes:-D__inline=:-g:-Wl,--dynamic-linker,/usr/bin/csexec-loader:-Wl,--dynamic-linker,/usr/bin/csexec-loader\' CSWRAP_DEL_CXXFLAGS=\\$\'-Werror*:-fdiagnostics-color*:-no-canonical-prefixes:-Wno-error=deprecated-register:-O1:-O2:-O3:-Os:-Ofast:-Og:-Werror*:-fdiagnostics-color*:-no-canonical-prefixes:-Wno-error=deprecated-register\' sh -c \\"rpmbuild -bi --nodeps --short-circuit /builddir/build/SPECS/libassuan.spec \'--define\' \'apidocs 0\' \'--define\' \'with_publican 0\' \'--without\' \'docs\' \'--without\' \'langpacks\' \'--define\' \'__cc gclang\' \'--define\' \'__cxx gclang++\' \'--define\' \'__cpp gclang -E\' \'--define\' \'toolchain clang\' \'--define\' \'optflags -O0\' \'--define\' \'build_ldflags -O0\'\\""']

>>> 2021-12-01 11:38:33	"'/usr/bin/mock-unbuffered' '-r' 'fedora-35-x86_64' '--plugin-option=tmpfs:keep_mounted=True' '--config-opts=print_main_output=True' '--quiet' '--shell' 'tar -c --remove-files '/builddir/cswrap-capture.err' '/builddir/symbiotic-capture'' | tar -xC '/home/kdudka/aufover-benchmark/workdir-for-sync/rpm-pkgs/libassuan-2.5.5-3.fc35/symbiotic/output/debug/raw-results'"
tar: Removing leading `/' from member names
tar: Removing leading `/' from hard link targets

>>> 2021-12-01 11:38:35	"csgrep --mode=json --remove-duplicates '/home/kdudka/aufover-benchmark/workdir-for-sync/rpm-pkgs/libassuan-2.5.5-3.fc35/symbiotic/output/debug/raw-results/builddir/symbiotic-capture'/pid-*.conv > '/home/kdudka/aufover-benchmark/workdir-for-sync/rpm-pkgs/libassuan-2.5.5-3.fc35/symbiotic/output/debug/uni-results/symbiotic-capture.js'"

scan.ini: time-finished = 2021-12-01 11:38:35
scan.ini: exit-code = 0
>>> 2021-12-01 11:38:35	"cslinker --quiet --cwelist '/usr/share/csmock/cwe-map.csv' --inifile '/home/kdudka/aufover-benchmark/workdir-for-sync/rpm-pkgs/libassuan-2.5.5-3.fc35/symbiotic/output/scan.ini' '/home/kdudka/aufover-benchmark/workdir-for-sync/rpm-pkgs/libassuan-2.5.5-3.fc35/symbiotic/output/debug/uni-results'/* > '/home/kdudka/aufover-benchmark/workdir-for-sync/rpm-pkgs/libassuan-2.5.5-3.fc35/symbiotic/output/debug/scan-results-all.js'"

>>> 2021-12-01 11:38:35	"'/usr/bin/mock-unbuffered' '-r' 'fedora-35-x86_64' '--plugin-option=tmpfs:keep_mounted=True' '--config-opts=print_main_output=True' '--quiet' '--shell' 'csgrep --mode=json --embed-context 3' < '/home/kdudka/aufover-benchmark/workdir-for-sync/rpm-pkgs/libassuan-2.5.5-3.fc35/symbiotic/output/debug/scan-results-all.js' > '/home/kdudka/aufover-benchmark/workdir-for-sync/rpm-pkgs/libassuan-2.5.5-3.fc35/symbiotic/output/debug/scan-results-all.js.tmp'"

>>> 2021-12-01 11:38:37	"/usr/bin/mock-unbuffered" "-r" "fedora-35-x86_64" "--plugin-option=tmpfs:keep_mounted=True" "--config-opts=print_main_output=True" "--quiet" "--clean"

>>> 2021-12-01 11:38:39	"cat '/home/kdudka/aufover-benchmark/workdir-for-sync/rpm-pkgs/libassuan-2.5.5-3.fc35/symbiotic/output/debug/scan-results-all.js' | sed 's|/builddir/build/BUILDROOT/[^/]*/|/builddir/build/BUILD//|' | csgrep --mode=json --path '^/builddir/build/BUILD/' --strip-path-prefix /builddir/build/BUILD/ | csgrep --mode=json --invert-match --path '^ksh-.*[0-9]+\\.c\$' | csgrep --mode=json --invert-match --path 'CMakeFiles/CMakeTmp|conftest.c' | csdiff --json-output --show-internal \"/usr/share/csmock/known-false-positives.js\" - | cssort --key=path > '/home/kdudka/aufover-benchmark/workdir-for-sync/rpm-pkgs/libassuan-2.5.5-3.fc35/symbiotic/output/scan-results.js'"

>>> 2021-12-01 11:38:39	"sed 's|/builddir/build/BUILDROOT/[^/]*/|/builddir/build/BUILD//|' '/home/kdudka/aufover-benchmark/workdir-for-sync/rpm-pkgs/libassuan-2.5.5-3.fc35/symbiotic/output/debug/scan-results-all.js' | csgrep --mode=json --strip-path-prefix /builddir/build/BUILD/ | csdiff --show-internal '/home/kdudka/aufover-benchmark/workdir-for-sync/rpm-pkgs/libassuan-2.5.5-3.fc35/symbiotic/output/scan-results.js' - | cssort > '/home/kdudka/aufover-benchmark/workdir-for-sync/rpm-pkgs/libassuan-2.5.5-3.fc35/symbiotic/output/debug/suppressed-results.js'"

>>> 2021-12-01 11:38:39	"\"bash\" \"-c\" \"csgrep '/home/kdudka/aufover-benchmark/workdir-for-sync/rpm-pkgs/libassuan-2.5.5-3.fc35/symbiotic/output/debug/suppressed-results.js' --mode=json --checker '^(COMPILER_WARNING)\\\$' | csdiff <(csgrep '/home/kdudka/aufover-benchmark/workdir-for-sync/rpm-pkgs/libassuan-2.5.5-3.fc35/symbiotic/output/debug/suppressed-results.js' --mode=json --drop-scan-props --invert-regex --checker '^()\\\$' --event '-W(address|bool-compare|builtin-declaration-mismatch|format-overflow|implicit-function-declaration|implicit-int|int-in-bool-context|logical-not-parentheses|logical-op|memset-transposed-args|misleading-indentation|pointer-compare|stack-protector|stringop-overflow|switch-unreachable|tautological-compare)=?\\\\]\\\$') - > '/home/kdudka/aufover-benchmark/workdir-for-sync/rpm-pkgs/libassuan-2.5.5-3.fc35/symbiotic/output/debug/suppressed-results-imp.js'\""

>>> 2021-12-01 11:38:39	"csgrep --mode=grep --invert-match --event \"internal warning\" --prune-events=1 '/home/kdudka/aufover-benchmark/workdir-for-sync/rpm-pkgs/libassuan-2.5.5-3.fc35/symbiotic/output/debug/suppressed-results-imp.js' > '/home/kdudka/aufover-benchmark/workdir-for-sync/rpm-pkgs/libassuan-2.5.5-3.fc35/symbiotic/output/debug/suppressed-results-imp.err'"

>>> 2021-12-01 11:38:39	"csgrep --mode=json --invert-match --event \"internal warning\" --prune-events=1 '/home/kdudka/aufover-benchmark/workdir-for-sync/rpm-pkgs/libassuan-2.5.5-3.fc35/symbiotic/output/debug/suppressed-results-imp.js' | cshtml - > '/home/kdudka/aufover-benchmark/workdir-for-sync/rpm-pkgs/libassuan-2.5.5-3.fc35/symbiotic/output/debug/suppressed-results-imp.html'"

>>> 2021-12-01 11:38:39	"csgrep --mode=evtstat --invert-match --event \"internal warning\" --prune-events=1 '/home/kdudka/aufover-benchmark/workdir-for-sync/rpm-pkgs/libassuan-2.5.5-3.fc35/symbiotic/output/debug/suppressed-results-imp.js' | tee '/home/kdudka/aufover-benchmark/workdir-for-sync/rpm-pkgs/libassuan-2.5.5-3.fc35/symbiotic/output/debug/suppressed-results-imp-summary.txt'"

>>> 2021-12-01 11:38:39	"cslinker --implist '/home/kdudka/aufover-benchmark/workdir-for-sync/rpm-pkgs/libassuan-2.5.5-3.fc35/symbiotic/output/debug/suppressed-results-imp.js' '/home/kdudka/aufover-benchmark/workdir-for-sync/rpm-pkgs/libassuan-2.5.5-3.fc35/symbiotic/output/debug/suppressed-results.js' > '/home/kdudka/aufover-benchmark/workdir-for-sync/rpm-pkgs/libassuan-2.5.5-3.fc35/symbiotic/output/debug/suppressed-results-tmp.js' && mv -v '/home/kdudka/aufover-benchmark/workdir-for-sync/rpm-pkgs/libassuan-2.5.5-3.fc35/symbiotic/output/debug/suppressed-results-tmp.js' '/home/kdudka/aufover-benchmark/workdir-for-sync/rpm-pkgs/libassuan-2.5.5-3.fc35/symbiotic/output/debug/suppressed-results.js'"
'/home/kdudka/aufover-benchmark/workdir-for-sync/rpm-pkgs/libassuan-2.5.5-3.fc35/symbiotic/output/debug/suppressed-results-tmp.js' -> '/home/kdudka/aufover-benchmark/workdir-for-sync/rpm-pkgs/libassuan-2.5.5-3.fc35/symbiotic/output/debug/suppressed-results.js'

>>> 2021-12-01 11:38:39	"csgrep --mode=grep --invert-match --event \"internal warning\" --prune-events=1 '/home/kdudka/aufover-benchmark/workdir-for-sync/rpm-pkgs/libassuan-2.5.5-3.fc35/symbiotic/output/debug/suppressed-results.js' > '/home/kdudka/aufover-benchmark/workdir-for-sync/rpm-pkgs/libassuan-2.5.5-3.fc35/symbiotic/output/debug/suppressed-results.err'"

>>> 2021-12-01 11:38:39	"csgrep --mode=json --invert-match --event \"internal warning\" --prune-events=1 '/home/kdudka/aufover-benchmark/workdir-for-sync/rpm-pkgs/libassuan-2.5.5-3.fc35/symbiotic/output/debug/suppressed-results.js' | cshtml - > '/home/kdudka/aufover-benchmark/workdir-for-sync/rpm-pkgs/libassuan-2.5.5-3.fc35/symbiotic/output/debug/suppressed-results.html'"

>>> 2021-12-01 11:38:39	"csgrep --mode=evtstat --invert-match --event \"internal warning\" --prune-events=1 '/home/kdudka/aufover-benchmark/workdir-for-sync/rpm-pkgs/libassuan-2.5.5-3.fc35/symbiotic/output/debug/suppressed-results.js' | tee '/home/kdudka/aufover-benchmark/workdir-for-sync/rpm-pkgs/libassuan-2.5.5-3.fc35/symbiotic/output/debug/suppressed-results-summary.txt'"

>>> 2021-12-01 11:38:39	"\"bash\" \"-c\" \"csgrep '/home/kdudka/aufover-benchmark/workdir-for-sync/rpm-pkgs/libassuan-2.5.5-3.fc35/symbiotic/output/scan-results.js' --mode=json --checker '^(COMPILER_WARNING)\\\$' | csdiff <(csgrep '/home/kdudka/aufover-benchmark/workdir-for-sync/rpm-pkgs/libassuan-2.5.5-3.fc35/symbiotic/output/scan-results.js' --mode=json --drop-scan-props --invert-regex --checker '^()\\\$' --event '-W(address|bool-compare|builtin-declaration-mismatch|format-overflow|implicit-function-declaration|implicit-int|int-in-bool-context|logical-not-parentheses|logical-op|memset-transposed-args|misleading-indentation|pointer-compare|stack-protector|stringop-overflow|switch-unreachable|tautological-compare)=?\\\\]\\\$') - > '/home/kdudka/aufover-benchmark/workdir-for-sync/rpm-pkgs/libassuan-2.5.5-3.fc35/symbiotic/output/scan-results-imp.js'\""

>>> 2021-12-01 11:38:39	"csgrep --mode=grep --invert-match --event \"internal warning\" --prune-events=1 '/home/kdudka/aufover-benchmark/workdir-for-sync/rpm-pkgs/libassuan-2.5.5-3.fc35/symbiotic/output/scan-results-imp.js' > '/home/kdudka/aufover-benchmark/workdir-for-sync/rpm-pkgs/libassuan-2.5.5-3.fc35/symbiotic/output/scan-results-imp.err'"

>>> 2021-12-01 11:38:39	"csgrep --mode=json --invert-match --event \"internal warning\" --prune-events=1 '/home/kdudka/aufover-benchmark/workdir-for-sync/rpm-pkgs/libassuan-2.5.5-3.fc35/symbiotic/output/scan-results-imp.js' | cshtml - > '/home/kdudka/aufover-benchmark/workdir-for-sync/rpm-pkgs/libassuan-2.5.5-3.fc35/symbiotic/output/scan-results-imp.html'"

>>> 2021-12-01 11:38:39	"csgrep --mode=evtstat --invert-match --event \"internal warning\" --prune-events=1 '/home/kdudka/aufover-benchmark/workdir-for-sync/rpm-pkgs/libassuan-2.5.5-3.fc35/symbiotic/output/scan-results-imp.js' | tee '/home/kdudka/aufover-benchmark/workdir-for-sync/rpm-pkgs/libassuan-2.5.5-3.fc35/symbiotic/output/scan-results-imp-summary.txt'"

>>> 2021-12-01 11:38:40	"cslinker --implist '/home/kdudka/aufover-benchmark/workdir-for-sync/rpm-pkgs/libassuan-2.5.5-3.fc35/symbiotic/output/scan-results-imp.js' '/home/kdudka/aufover-benchmark/workdir-for-sync/rpm-pkgs/libassuan-2.5.5-3.fc35/symbiotic/output/scan-results.js' > '/home/kdudka/aufover-benchmark/workdir-for-sync/rpm-pkgs/libassuan-2.5.5-3.fc35/symbiotic/output/scan-results-tmp.js' && mv -v '/home/kdudka/aufover-benchmark/workdir-for-sync/rpm-pkgs/libassuan-2.5.5-3.fc35/symbiotic/output/scan-results-tmp.js' '/home/kdudka/aufover-benchmark/workdir-for-sync/rpm-pkgs/libassuan-2.5.5-3.fc35/symbiotic/output/scan-results.js'"
'/home/kdudka/aufover-benchmark/workdir-for-sync/rpm-pkgs/libassuan-2.5.5-3.fc35/symbiotic/output/scan-results-tmp.js' -> '/home/kdudka/aufover-benchmark/workdir-for-sync/rpm-pkgs/libassuan-2.5.5-3.fc35/symbiotic/output/scan-results.js'

>>> 2021-12-01 11:38:40	"csgrep --mode=grep --invert-match --event \"internal warning\" --prune-events=1 '/home/kdudka/aufover-benchmark/workdir-for-sync/rpm-pkgs/libassuan-2.5.5-3.fc35/symbiotic/output/scan-results.js' > '/home/kdudka/aufover-benchmark/workdir-for-sync/rpm-pkgs/libassuan-2.5.5-3.fc35/symbiotic/output/scan-results.err'"

>>> 2021-12-01 11:38:40	"csgrep --mode=json --invert-match --event \"internal warning\" --prune-events=1 '/home/kdudka/aufover-benchmark/workdir-for-sync/rpm-pkgs/libassuan-2.5.5-3.fc35/symbiotic/output/scan-results.js' | cshtml - > '/home/kdudka/aufover-benchmark/workdir-for-sync/rpm-pkgs/libassuan-2.5.5-3.fc35/symbiotic/output/scan-results.html'"

>>> 2021-12-01 11:38:40	"csgrep --mode=evtstat --invert-match --event \"internal warning\" --prune-events=1 '/home/kdudka/aufover-benchmark/workdir-for-sync/rpm-pkgs/libassuan-2.5.5-3.fc35/symbiotic/output/scan-results.js' | tee '/home/kdudka/aufover-benchmark/workdir-for-sync/rpm-pkgs/libassuan-2.5.5-3.fc35/symbiotic/output/scan-results-summary.txt'"
      1	SYMBIOTIC_WARNING                               	error

<<< 2021-12-01 11:38:40	csmock exit code: 0

