scan.ini: [scan]
scan.ini: tool = csmock
scan.ini: tool-version = csmock-3.2.0.20211208.181529.g0081900.divine-1.fc34
scan.ini: tool-args = '/usr/bin/csmock' '-o' '/home/kdudka/git/aufover-benchmark/workdir-for-sync/rpm-pkgs/zlib-1.2.11-30.simplified.1.fc35/valgrind/output' '-f' '/home/kdudka/git/aufover-benchmark/workdir-for-sync/rpm-pkgs/zlib-1.2.11-30.simplified.1.fc35/zlib-1.2.11-30.simplified.1.fc35.src.rpm' '-r' 'fedora-35-x86_64' '-t' 'valgrind' '--keep-going'
scan.ini: host = f34
scan.ini: store-results-to = /home/kdudka/git/aufover-benchmark/workdir-for-sync/rpm-pkgs/zlib-1.2.11-30.simplified.1.fc35/valgrind/output
scan.ini: time-created = 2021-12-09 10:56:35
scan.ini: enabled-plugins = valgrind, gcc
scan.ini: mock-config = fedora-35-x86_64
scan.ini: project-name = zlib-1.2.11-30.simplified.1.fc35
scan.ini: known-false-positives = /usr/share/csmock/known-false-positives.js
>>> 2021-12-09 10:56:35	"rpm -qa | sort -V > '/home/kdudka/git/aufover-benchmark/workdir-for-sync/rpm-pkgs/zlib-1.2.11-30.simplified.1.fc35/valgrind/output/debug/rpm-list-host.txt'"
warning: /home/kdudka/git/aufover-benchmark/workdir-for-sync/rpm-pkgs/zlib-1.2.11-30.simplified.1.fc35/zlib-1.2.11-30.simplified.1.fc35.src.rpm: Header V3 RSA/SHA1 Signature, key ID caba32d0: NOKEY
warning: /home/kdudka/git/aufover-benchmark/workdir-for-sync/rpm-pkgs/zlib-1.2.11-30.simplified.1.fc35/zlib-1.2.11-30.simplified.1.fc35.src.rpm: Header V3 RSA/SHA1 Signature, key ID caba32d0: NOKEY
warning: /tmp/csmockvpuvx0u7/zlib-1.2.11-30.simplified.1.fc35.src.rpm: Header V3 RSA/SHA1 Signature, key ID caba32d0: NOKEY

>>> 2021-12-09 10:56:36	"/usr/bin/mock-unbuffered" "-r" "fedora-35-x86_64" "--plugin-option=tmpfs:keep_mounted=True" "--config-opts=print_main_output=True" "--init"
INFO: mock.py version 2.13 starting (python version = 3.9.7, NVR = mock-2.13-1.kdudka.1.fc34)...
Start(bootstrap): init plugins
INFO: selinux enabled
Finish(bootstrap): init plugins
Start: init plugins
INFO: selinux enabled
Finish: init plugins
INFO: Signal handler active
Start: run
Start: clean chroot
Finish: clean chroot
Start(bootstrap): chroot init
INFO: calling preinit hooks
INFO: enabled root cache
INFO: enabled package manager cache
Start(bootstrap): cleaning package manager metadata
Finish(bootstrap): cleaning package manager metadata
INFO: enabled HW Info plugin
Mock Version: 2.13
INFO: Mock Version: 2.13
Finish(bootstrap): chroot init
Start: chroot init
INFO: calling preinit hooks
INFO: enabled root cache
Start: unpacking root cache
Finish: unpacking root cache
INFO: enabled package manager cache
Start: cleaning package manager metadata
Finish: cleaning package manager metadata
INFO: enabled HW Info plugin
Mock Version: 2.13
INFO: Mock Version: 2.13
Finish: chroot init
Finish: run

>>> 2021-12-09 10:56:38	"/usr/bin/mock-unbuffered" "-r" "fedora-35-x86_64" "--plugin-option=tmpfs:keep_mounted=True" "--config-opts=print_main_output=True" "--quiet" "--installdeps" "/tmp/csmockvpuvx0u7/zlib-1.2.11-30.simplified.1.fc35.src.rpm"
No matches found for the following disable plugin patterns: local, spacewalk, versionlock
Dependencies resolved.
================================================================================
 Package                   Arch      Version                 Repository    Size
================================================================================
Installing:
 [1mautoconf                 [m noarch    2.69-37.fc35            f35-build    666 k
 [1mautomake                 [m noarch    1.16.2-5.fc35           f35-build    662 k
 [1mlibtool                  [m x86_64    2.4.6-42.fc35           f35-build    578 k
 [1mmake                     [m x86_64    1:4.3-6.fc35            f35-build    533 k
Installing dependencies:
 [1mannobin-docs             [m noarch    9.87-3.fc35             f35-build     78 k
 [1mannobin-plugin-gcc       [m x86_64    9.87-3.fc35             f35-build     42 k
 [1mcpp                      [m x86_64    11.2.1-7.fc35           f35-build     10 M
 [1memacs-filesystem         [m noarch    1:27.2-9.fc35           f35-build    9.0 k
 [1mgc                       [m x86_64    8.0.4-6.fc35            f35-build    103 k
 [1mgcc                      [m x86_64    11.2.1-7.fc35           f35-build     31 M
 [1mglibc-devel              [m x86_64    2.34-10.fc35            f35-build    140 k
 [1mglibc-headers-x86        [m noarch    2.34-10.fc35            f35-build    538 k
 [1mgroff-base               [m x86_64    1.22.4-8.fc35           f35-build    1.0 M
 [1mguile22                  [m x86_64    2.2.7-3.fc35            f35-build    6.4 M
 [1mkernel-headers           [m x86_64    5.15.4-200.fc35         f35-build    1.3 M
 [1mlibmpc                   [m x86_64    1.2.1-3.fc35            f35-build     62 k
 [1mlibtool-ltdl             [m x86_64    2.4.6-42.fc35           f35-build     36 k
 [1mlibxcrypt-devel          [m x86_64    4.4.26-4.fc35           f35-build     29 k
 [1mm4                       [m x86_64    1.4.19-2.fc35           f35-build    294 k
 [1mncurses                  [m x86_64    6.2-8.20210508.fc35     f35-build    400 k
 [1mperl-B                   [m x86_64    1.82-482.fc35           f35-build    188 k
 [1mperl-Carp                [m noarch    1.52-478.fc35           f35-build     29 k
 [1mperl-Class-Struct        [m noarch    0.66-482.fc35           f35-build     30 k
 [1mperl-Data-Dumper         [m x86_64    2.183-2.fc35            f35-build     56 k
 [1mperl-DynaLoader          [m x86_64    1.50-482.fc35           f35-build     34 k
 [1mperl-Encode              [m x86_64    4:3.15-482.fc35         f35-build    1.7 M
 [1mperl-Errno               [m x86_64    1.33-482.fc35           f35-build     23 k
 [1mperl-Exporter            [m noarch    5.76-479.fc35           f35-build     31 k
 [1mperl-Fcntl               [m x86_64    1.14-482.fc35           f35-build     28 k
 [1mperl-File-Basename       [m noarch    2.85-482.fc35           f35-build     25 k
 [1mperl-File-Compare        [m noarch    1.100.600-482.fc35      f35-build     21 k
 [1mperl-File-Copy           [m noarch    2.35-482.fc35           f35-build     28 k
 [1mperl-File-Find           [m noarch    1.39-482.fc35           f35-build     33 k
 [1mperl-File-Path           [m noarch    2.18-478.fc35           f35-build     35 k
 [1mperl-File-Temp           [m noarch    1:0.231.100-478.fc35    f35-build     59 k
 [1mperl-File-stat           [m noarch    1.09-482.fc35           f35-build     25 k
 [1mperl-Getopt-Long         [m noarch    1:2.52-478.fc35         f35-build     60 k
 [1mperl-Getopt-Std          [m noarch    1.13-482.fc35           f35-build     23 k
 [1mperl-HTTP-Tiny           [m noarch    0.080-1.fc35            f35-build     55 k
 [1mperl-IO                  [m x86_64    1.46-482.fc35           f35-build     95 k
 [1mperl-IPC-Open3           [m noarch    1.21-482.fc35           f35-build     31 k
 [1mperl-MIME-Base64         [m x86_64    3.16-478.fc35           f35-build     30 k
 [1mperl-POSIX               [m x86_64    1.97-482.fc35           f35-build    105 k
 [1mperl-PathTools           [m x86_64    3.80-478.fc35           f35-build     85 k
 [1mperl-Pod-Escapes         [m noarch    1:1.07-478.fc35         f35-build     20 k
 [1mperl-Pod-Perldoc         [m noarch    3.28.01-479.fc35        f35-build     84 k
 [1mperl-Pod-Simple          [m noarch    1:3.43-2.fc35           f35-build    215 k
 [1mperl-Pod-Usage           [m noarch    4:2.01-478.fc35         f35-build     40 k
 [1mperl-Scalar-List-Utils   [m x86_64    5:1.60-462.fc35         f35-build     72 k
 [1mperl-SelectSaver         [m noarch    1.02-482.fc35           f35-build     19 k
 [1mperl-Socket              [m x86_64    4:2.032-2.fc35          f35-build     55 k
 [1mperl-Storable            [m x86_64    1:3.25-1.fc35           f35-build     95 k
 [1mperl-Symbol              [m noarch    1.09-482.fc35           f35-build     22 k
 [1mperl-Term-ANSIColor      [m noarch    5.01-479.fc35           f35-build     48 k
 [1mperl-Term-Cap            [m noarch    1.17-478.fc35           f35-build     22 k
 [1mperl-Text-ParseWords     [m noarch    3.30-478.fc35           f35-build     16 k
 [1mperl-Text-Tabs+Wrap      [m noarch    2021.0814-1.fc35        f35-build     22 k
 [1mperl-Thread-Queue        [m noarch    3.14-478.fc35           f35-build     21 k
 [1mperl-Time-Local          [m noarch    2:1.300-478.fc35        f35-build     33 k
 [1mperl-constant            [m noarch    1.33-479.fc35           f35-build     23 k
 [1mperl-if                  [m noarch    0.60.900-482.fc35       f35-build     22 k
 [1mperl-interpreter         [m x86_64    4:5.34.0-482.fc35       f35-build     79 k
 [1mperl-libs                [m x86_64    4:5.34.0-482.fc35       f35-build    2.1 M
 [1mperl-mro                 [m x86_64    1.25-482.fc35           f35-build     36 k
 [1mperl-overload            [m noarch    1.33-482.fc35           f35-build     53 k
 [1mperl-overloading         [m noarch    0.02-482.fc35           f35-build     21 k
 [1mperl-parent              [m noarch    1:0.238-478.fc35        f35-build     14 k
 [1mperl-podlators           [m noarch    1:4.14-478.fc35         f35-build    111 k
 [1mperl-subs                [m noarch    1.04-482.fc35           f35-build     19 k
 [1mperl-threads             [m x86_64    1:2.26-448.fc35         f35-build     57 k
 [1mperl-threads-shared      [m x86_64    1.62-478.fc35           f35-build     43 k
 [1mperl-vars                [m noarch    1.05-482.fc35           f35-build     21 k

Transaction Summary
================================================================================
Install  72 Packages

Total size: 60 M
Installed size: 195 M
Downloading Packages:
Running transaction check
Transaction check succeeded.
Running transaction test
Transaction test succeeded.
Running transaction

Installed:
  annobin-docs-9.87-3.fc35.noarch                                               
  annobin-plugin-gcc-9.87-3.fc35.x86_64                                         
  autoconf-2.69-37.fc35.noarch                                                  
  automake-1.16.2-5.fc35.noarch                                                 
  cpp-11.2.1-7.fc35.x86_64                                                      
  emacs-filesystem-1:27.2-9.fc35.noarch                                         
  gc-8.0.4-6.fc35.x86_64                                                        
  gcc-11.2.1-7.fc35.x86_64                                                      
  glibc-devel-2.34-10.fc35.x86_64                                               
  glibc-headers-x86-2.34-10.fc35.noarch                                         
  groff-base-1.22.4-8.fc35.x86_64                                               
  guile22-2.2.7-3.fc35.x86_64                                                   
  kernel-headers-5.15.4-200.fc35.x86_64                                         
  libmpc-1.2.1-3.fc35.x86_64                                                    
  libtool-2.4.6-42.fc35.x86_64                                                  
  libtool-ltdl-2.4.6-42.fc35.x86_64                                             
  libxcrypt-devel-4.4.26-4.fc35.x86_64                                          
  m4-1.4.19-2.fc35.x86_64                                                       
  make-1:4.3-6.fc35.x86_64                                                      
  ncurses-6.2-8.20210508.fc35.x86_64                                            
  perl-B-1.82-482.fc35.x86_64                                                   
  perl-Carp-1.52-478.fc35.noarch                                                
  perl-Class-Struct-0.66-482.fc35.noarch                                        
  perl-Data-Dumper-2.183-2.fc35.x86_64                                          
  perl-DynaLoader-1.50-482.fc35.x86_64                                          
  perl-Encode-4:3.15-482.fc35.x86_64                                            
  perl-Errno-1.33-482.fc35.x86_64                                               
  perl-Exporter-5.76-479.fc35.noarch                                            
  perl-Fcntl-1.14-482.fc35.x86_64                                               
  perl-File-Basename-2.85-482.fc35.noarch                                       
  perl-File-Compare-1.100.600-482.fc35.noarch                                   
  perl-File-Copy-2.35-482.fc35.noarch                                           
  perl-File-Find-1.39-482.fc35.noarch                                           
  perl-File-Path-2.18-478.fc35.noarch                                           
  perl-File-Temp-1:0.231.100-478.fc35.noarch                                    
  perl-File-stat-1.09-482.fc35.noarch                                           
  perl-Getopt-Long-1:2.52-478.fc35.noarch                                       
  perl-Getopt-Std-1.13-482.fc35.noarch                                          
  perl-HTTP-Tiny-0.080-1.fc35.noarch                                            
  perl-IO-1.46-482.fc35.x86_64                                                  
  perl-IPC-Open3-1.21-482.fc35.noarch                                           
  perl-MIME-Base64-3.16-478.fc35.x86_64                                         
  perl-POSIX-1.97-482.fc35.x86_64                                               
  perl-PathTools-3.80-478.fc35.x86_64                                           
  perl-Pod-Escapes-1:1.07-478.fc35.noarch                                       
  perl-Pod-Perldoc-3.28.01-479.fc35.noarch                                      
  perl-Pod-Simple-1:3.43-2.fc35.noarch                                          
  perl-Pod-Usage-4:2.01-478.fc35.noarch                                         
  perl-Scalar-List-Utils-5:1.60-462.fc35.x86_64                                 
  perl-SelectSaver-1.02-482.fc35.noarch                                         
  perl-Socket-4:2.032-2.fc35.x86_64                                             
  perl-Storable-1:3.25-1.fc35.x86_64                                            
  perl-Symbol-1.09-482.fc35.noarch                                              
  perl-Term-ANSIColor-5.01-479.fc35.noarch                                      
  perl-Term-Cap-1.17-478.fc35.noarch                                            
  perl-Text-ParseWords-3.30-478.fc35.noarch                                     
  perl-Text-Tabs+Wrap-2021.0814-1.fc35.noarch                                   
  perl-Thread-Queue-3.14-478.fc35.noarch                                        
  perl-Time-Local-2:1.300-478.fc35.noarch                                       
  perl-constant-1.33-479.fc35.noarch                                            
  perl-if-0.60.900-482.fc35.noarch                                              
  perl-interpreter-4:5.34.0-482.fc35.x86_64                                     
  perl-libs-4:5.34.0-482.fc35.x86_64                                            
  perl-mro-1.25-482.fc35.x86_64                                                 
  perl-overload-1.33-482.fc35.noarch                                            
  perl-overloading-0.02-482.fc35.noarch                                         
  perl-parent-1:0.238-478.fc35.noarch                                           
  perl-podlators-1:4.14-478.fc35.noarch                                         
  perl-subs-1.04-482.fc35.noarch                                                
  perl-threads-1:2.26-448.fc35.x86_64                                           
  perl-threads-shared-1.62-478.fc35.x86_64                                      
  perl-vars-1.05-482.fc35.noarch                                                

Complete!

>>> 2021-12-09 10:57:58	"/usr/bin/mock-unbuffered" "-r" "fedora-35-x86_64" "--plugin-option=tmpfs:keep_mounted=True" "--config-opts=print_main_output=True" "--quiet" "--install" "valgrind" "csexec"
No matches found for the following disable plugin patterns: local, spacewalk, versionlock
Dependencies resolved.
================================================================================
 Package        Architecture Version                 Repository            Size
================================================================================
Installing:
 [1mcsexec        [m x86_64       2.1.0-1.fc35            aufover-cswrap       352 k
 [1mvalgrind      [m x86_64       1:3.18.1-5.fc35         f35-build            4.8 M

Transaction Summary
================================================================================
Install  2 Packages

Total size: 5.1 M
Installed size: 30 M
Downloading Packages:
Running transaction check
Transaction check succeeded.
Running transaction test
Transaction test succeeded.
Running transaction

Installed:
  csexec-2.1.0-1.fc35.x86_64           valgrind-1:3.18.1-5.fc35.x86_64          

Complete!

>>> 2021-12-09 10:58:12	"'/usr/bin/mock-unbuffered' '-r' 'fedora-35-x86_64' '--plugin-option=tmpfs:keep_mounted=True' '--config-opts=print_main_output=True' '--quiet' '--shell' 'rpm -qa' | sort -V > /home/kdudka/git/aufover-benchmark/workdir-for-sync/rpm-pkgs/zlib-1.2.11-30.simplified.1.fc35/valgrind/output/debug/rpm-list-mock.txt"

>>> 2021-12-09 10:58:13	"'/usr/bin/mock-unbuffered' '-r' 'fedora-35-x86_64' '--plugin-option=tmpfs:keep_mounted=True' '--config-opts=print_main_output=True' '--quiet' '--shell' 'rpm -qa --provides' | sort -V > /tmp/csmockvpuvx0u7/rpm-list-mock-provides.txt"

>>> 2021-12-09 10:58:15	"/usr/bin/mock-unbuffered" "-r" "fedora-35-x86_64" "--plugin-option=tmpfs:keep_mounted=True" "--config-opts=print_main_output=True" "--quiet" "--copyin" "/tmp/csmockvpuvx0u7/zlib-1.2.11-30.simplified.1.fc35.src.rpm" "/builddir/zlib-1.2.11-30.simplified.1.fc35.src.rpm"

>>> 2021-12-09 10:58:16	"/usr/bin/mock-unbuffered" "-r" "fedora-35-x86_64" "--plugin-option=tmpfs:keep_mounted=True" "--config-opts=print_main_output=True" "--quiet" "--chroot" "chown mockbuild -R /builddir"

>>> 2021-12-09 10:58:17	"/usr/bin/mock-unbuffered" "-r" "fedora-35-x86_64" "--plugin-option=tmpfs:keep_mounted=True" "--config-opts=print_main_output=True" "--quiet" "--chroot" "/bin/su mockbuild -l -c \"rpm -Uvh --nodeps '/builddir/zlib-1.2.11-30.simplified.1.fc35.src.rpm'\""
warning: /builddir/zlib-1.2.11-30.simplified.1.fc35.src.rpm: Header V3 RSA/SHA1 Signature, key ID caba32d0: NOKEY
Updating / installing...
zlib-1.2.11-30.simplified.1.fc35      ########################################

>>> 2021-12-09 10:58:19	"/usr/bin/mock-unbuffered" "-r" "fedora-35-x86_64" "--plugin-option=tmpfs:keep_mounted=True" "--config-opts=print_main_output=True" "--quiet" "--chroot" "/bin/su mockbuild -l -c \"sed -e 's|^ExclusiveArch:.*\\\$||' -i /builddir/build/SPECS/zlib.spec\""

>>> 2021-12-09 10:58:20	"/usr/bin/mock-unbuffered" "-r" "fedora-35-x86_64" "--plugin-option=tmpfs:keep_mounted=True" "--config-opts=print_main_output=True" "--quiet" "--chroot" "/bin/su mockbuild -l -c \"rpmbuild -bs --nodeps /builddir/build/SPECS/zlib.spec '--define' 'apidocs 0' '--define' 'with_publican 0' '--without' 'docs' '--without' 'langpacks' && sh -c 'cd /builddir/build/SRPMS && eval mv -v *.src.rpm /builddir/zlib-1.2.11-30.simplified.1.fc35.src.rpm || :'\""
setting SOURCE_DATE_EPOCH=1627516800
Wrote: /builddir/build/SRPMS/zlib-1.2.11-30.simplified.1.fc35.src.rpm
renamed 'zlib-1.2.11-30.simplified.1.fc35.src.rpm' -> '/builddir/zlib-1.2.11-30.simplified.1.fc35.src.rpm'

>>> 2021-12-09 10:58:21	"/usr/bin/mock-unbuffered" "-r" "fedora-35-x86_64" "--plugin-option=tmpfs:keep_mounted=True" "--config-opts=print_main_output=True" "--quiet" "--disable-plugin=selinux" "--copyout" "/builddir/zlib-1.2.11-30.simplified.1.fc35.src.rpm" "/tmp/csmockvpuvx0u7/zlib-1.2.11-30.simplified.1.fc35.src.rpm"

>>> 2021-12-09 10:58:23	"/usr/bin/mock-unbuffered" "-r" "fedora-35-x86_64" "--plugin-option=tmpfs:keep_mounted=True" "--config-opts=print_main_output=True" "--quiet" "--installdeps" "/tmp/csmockvpuvx0u7/zlib-1.2.11-30.simplified.1.fc35.src.rpm"
No matches found for the following disable plugin patterns: local, spacewalk, versionlock
Package autoconf-2.69-37.fc35.noarch is already installed.
Package automake-1.16.2-5.fc35.noarch is already installed.
Package libtool-2.4.6-42.fc35.x86_64 is already installed.
Package make-1:4.3-6.fc35.x86_64 is already installed.
Dependencies resolved.
Nothing to do.
Complete!

>>> 2021-12-09 10:58:30	"/usr/bin/mock-unbuffered" "-r" "fedora-35-x86_64" "--plugin-option=tmpfs:keep_mounted=True" "--config-opts=print_main_output=True" "--quiet" "--install" "valgrind" "csexec"
No matches found for the following disable plugin patterns: local, spacewalk, versionlock
Package valgrind-1:3.18.1-5.fc35.x86_64 is already installed.
Package csexec-2.1.0-1.fc35.x86_64 is already installed.
Dependencies resolved.
Nothing to do.
Complete!

>>> 2021-12-09 10:58:35	"'/usr/bin/mock-unbuffered' '-r' 'fedora-35-x86_64' '--plugin-option=tmpfs:keep_mounted=True' '--config-opts=print_main_output=True' '--quiet' '--shell' 'rpm -qa' | sort -V > /home/kdudka/git/aufover-benchmark/workdir-for-sync/rpm-pkgs/zlib-1.2.11-30.simplified.1.fc35/valgrind/output/debug/rpm-list-mock.txt"

>>> 2021-12-09 10:58:36	"'/usr/bin/mock-unbuffered' '-r' 'fedora-35-x86_64' '--plugin-option=tmpfs:keep_mounted=True' '--config-opts=print_main_output=True' '--quiet' '--shell' 'rpm -qa --provides' | sort -V > /tmp/csmockvpuvx0u7/rpm-list-mock-provides.txt"

>>> 2021-12-09 10:58:38	"/usr/bin/mock-unbuffered" "-r" "fedora-35-x86_64" "--plugin-option=tmpfs:keep_mounted=True" "--config-opts=print_main_output=True" "--quiet" "--install" "csdiff"
No matches found for the following disable plugin patterns: local, spacewalk, versionlock
Dependencies resolved.
================================================================================
 Package                    Arch        Version            Repository      Size
================================================================================
Installing:
 [1mcsdiff                    [m x86_64      2.2.0-1.fc35       f35-build      895 k
Installing dependencies:
 [1mboost-filesystem          [m x86_64      1.76.0-4.fc35      f35-build       60 k
 [1mboost-program-options     [m x86_64      1.76.0-4.fc35      f35-build      108 k
 [1mboost-system              [m x86_64      1.76.0-4.fc35      f35-build       15 k

Transaction Summary
================================================================================
Install  4 Packages

Total size: 1.1 M
Installed size: 4.8 M
Downloading Packages:
Running transaction check
Transaction check succeeded.
Running transaction test
Transaction test succeeded.
Running transaction

Installed:
  boost-filesystem-1.76.0-4.fc35.x86_64                                         
  boost-program-options-1.76.0-4.fc35.x86_64                                    
  boost-system-1.76.0-4.fc35.x86_64                                             
  csdiff-2.2.0-1.fc35.x86_64                                                    

Complete!

>>> 2021-12-09 10:58:48	"'/usr/bin/mock-unbuffered' '-r' 'fedora-35-x86_64' '--plugin-option=tmpfs:keep_mounted=True' '--config-opts=print_main_output=True' '--quiet' '--shell' 'rpm -qa' | sort -V > /home/kdudka/git/aufover-benchmark/workdir-for-sync/rpm-pkgs/zlib-1.2.11-30.simplified.1.fc35/valgrind/output/debug/rpm-list-mock.txt"

>>> 2021-12-09 10:58:49	"'/usr/bin/mock-unbuffered' '-r' 'fedora-35-x86_64' '--plugin-option=tmpfs:keep_mounted=True' '--config-opts=print_main_output=True' '--quiet' '--shell' 'rpm -qa --provides' | sort -V > /tmp/csmockvpuvx0u7/rpm-list-mock-provides.txt"

>>> 2021-12-09 10:58:50	"tar -cP '/usr/share/csmock/scripts' '/usr/bin/cswrap' '/usr/lib64/cswrap' '/tmp/csmockvpuvx0u7/zlib-1.2.11-30.simplified.1.fc35.src.rpm' | '/usr/bin/mock-unbuffered' '-r' 'fedora-35-x86_64' '--plugin-option=tmpfs:keep_mounted=True' '--config-opts=print_main_output=True' '--quiet' '--shell' 'tar -xC/'"
tar: Removing leading `/' from member names

scan.ini: analyzer-version-valgrind = 3.18.1
>>> 2021-12-09 10:58:52	"/usr/bin/mock-unbuffered" "-r" "fedora-35-x86_64" "--plugin-option=tmpfs:keep_mounted=True" "--config-opts=print_main_output=True" "--quiet" "--chroot" "/bin/su mockbuild -l -c \"mkdir -pv '/builddir/valgrind-capture' && touch '/builddir/valgrind-capture/empty.xml'\""
mkdir: created directory '/builddir/valgrind-capture'

scan.ini: analyzer-version-gcc = 11.2.1
>>> 2021-12-09 10:58:53	"/usr/bin/mock-unbuffered" "-r" "fedora-35-x86_64" "--plugin-option=tmpfs:keep_mounted=True" "--config-opts=print_main_output=True" "--quiet" "--chroot" "rpm -Uvh --nodeps '/tmp/csmockvpuvx0u7/zlib-1.2.11-30.simplified.1.fc35.src.rpm'"
Updating / installing...
zlib-1.2.11-30.simplified.1.fc35      ########################################

>>> 2021-12-09 10:58:54	"/usr/bin/mock-unbuffered" "-r" "fedora-35-x86_64" "--plugin-option=tmpfs:keep_mounted=True" "--config-opts=print_main_output=True" "--quiet" "--chroot" "chmod -R +r /builddir"

>>> 2021-12-09 10:58:56	"/usr/bin/mock-unbuffered" "-r" "fedora-35-x86_64" "--plugin-option=tmpfs:keep_mounted=True" "--config-opts=print_main_output=True" "--quiet" "--chroot" "ln -fv '/usr/share/csmock/scripts/enable-keep-going.sh' '/usr/share/csmock/scripts/chroot-fixups'"
'/usr/share/csmock/scripts/chroot-fixups/enable-keep-going.sh' => '/usr/share/csmock/scripts/enable-keep-going.sh'

>>> 2021-12-09 10:58:57	"/usr/bin/mock-unbuffered" "-r" "fedora-35-x86_64" "--plugin-option=tmpfs:keep_mounted=True" "--config-opts=print_main_output=True" "--quiet" "--shell" "for i in /usr/share/csmock/scripts/chroot-fixups/*; do test -x \$i && echo RUN: \$i >&2 && \$i; done"
RUN: /usr/share/csmock/scripts/chroot-fixups/enable-keep-going.sh
renamed '/usr/bin/make' -> '/usr/bin/make.orig'
+ ls -l /usr/bin/make
-rwxr-xr-x. 1 root root 42 Dec  9 10:58 /usr/bin/make
+ cat /usr/bin/make
#!/bin/sh
exec /usr/bin/make.orig -k "$@"
RUN: /usr/share/csmock/scripts/chroot-fixups/gdk-pixbuf2-triggers.sh
RUN: /usr/share/csmock/scripts/chroot-fixups/glib2-triggers.sh
RUN: /usr/share/csmock/scripts/chroot-fixups/kpathsea-texhash.sh
RUN: /usr/share/csmock/scripts/chroot-fixups/openssl-public-header-files.sh
RUN: /usr/share/csmock/scripts/chroot-fixups/qt5-core-abi.sh
RUN: /usr/share/csmock/scripts/chroot-fixups/rpm-build-scripts.sh
+ sed -e s/fail=1/fail=0/ -i /usr/lib/rpm/redhat/brp-mangle-shebangs
'/usr/lib/rpm/brp-strip-static-archive' -> '/bin/true'
RUN: /usr/share/csmock/scripts/chroot-fixups/rpm-macros.sh
RUN: /usr/share/csmock/scripts/chroot-fixups/rpm-python-extras.sh
RUN: /usr/share/csmock/scripts/chroot-fixups/shared-mime-info-triggers.sh
RUN: /usr/share/csmock/scripts/chroot-fixups/simplify-cpp-includes.sh
RUN: /usr/share/csmock/scripts/chroot-fixups/simplify-glib-includes.sh
RUN: /usr/share/csmock/scripts/chroot-fixups/simplify-systemd-includes.sh
RUN: /usr/share/csmock/scripts/chroot-fixups/symbiotic-timeout.sh

>>> 2021-12-09 10:58:59	"/usr/bin/mock-unbuffered" "-r" "fedora-35-x86_64" "--plugin-option=tmpfs:keep_mounted=True" "--config-opts=print_main_output=True" "--chroot" "/bin/su mockbuild -l -c \"rpmbuild -bp --nodeps /builddir/build/SPECS/zlib.spec '--define' 'apidocs 0' '--define' 'with_publican 0' '--without' 'docs' '--without' 'langpacks'\""
INFO: mock.py version 2.13 starting (python version = 3.9.7, NVR = mock-2.13-1.kdudka.1.fc34)...
Start(bootstrap): init plugins
INFO: selinux enabled
Finish(bootstrap): init plugins
Start: init plugins
INFO: selinux enabled
Finish: init plugins
INFO: Signal handler active
Start: run
Start(bootstrap): chroot init
INFO: calling preinit hooks
INFO: enabled root cache
INFO: enabled package manager cache
Start(bootstrap): cleaning package manager metadata
Finish(bootstrap): cleaning package manager metadata
INFO: enabled HW Info plugin
Mock Version: 2.13
INFO: Mock Version: 2.13
Finish(bootstrap): chroot init
Start: chroot init
INFO: calling preinit hooks
INFO: enabled root cache
INFO: enabled package manager cache
Start: cleaning package manager metadata
Finish: cleaning package manager metadata
INFO: enabled HW Info plugin
Mock Version: 2.13
INFO: Mock Version: 2.13
Finish: chroot init
INFO: Running in chroot: ['/bin/su mockbuild -l -c "rpmbuild -bp --nodeps /builddir/build/SPECS/zlib.spec \'--define\' \'apidocs 0\' \'--define\' \'with_publican 0\' \'--without\' \'docs\' \'--without\' \'langpacks\'"']
Start: chroot ['/bin/su mockbuild -l -c "rpmbuild -bp --nodeps /builddir/build/SPECS/zlib.spec \'--define\' \'apidocs 0\' \'--define\' \'with_publican 0\' \'--without\' \'docs\' \'--without\' \'langpacks\'"']
setting SOURCE_DATE_EPOCH=1627516800
Executing(%prep): /bin/sh -e /var/tmp/rpm-tmp.rYvWaG
+ umask 022
+ cd /builddir/build/BUILD
+ cd /builddir/build/BUILD
+ rm -rf zlib-1.2.11
+ /usr/bin/xz -dc /builddir/build/SOURCES/zlib-1.2.11.tar.xz
+ /usr/bin/tar -xof -
+ STATUS=0
+ '[' 0 -ne 0 ']'
+ cd zlib-1.2.11
+ /usr/bin/chmod -Rf a+rX,u+w,g-w,o-w .
+ iconv -f iso-8859-2 -t utf-8
+ mv ChangeLog.tmp ChangeLog
+ RPM_EC=0
++ jobs -p
+ exit 0
Finish: chroot ['/bin/su mockbuild -l -c "rpmbuild -bp --nodeps /builddir/build/SPECS/zlib.spec \'--define\' \'apidocs 0\' \'--define\' \'with_publican 0\' \'--without\' \'docs\' \'--without\' \'langpacks\'"']

>>> 2021-12-09 10:59:00	"/usr/bin/mock-unbuffered" "-r" "fedora-35-x86_64" "--plugin-option=tmpfs:keep_mounted=True" "--config-opts=print_main_output=True" "--quiet" "--chroot" "chmod -R +r /builddir/build"

>>> 2021-12-09 10:59:02	"/usr/bin/mock-unbuffered" "-r" "fedora-35-x86_64" "--plugin-option=tmpfs:keep_mounted=True" "--config-opts=print_main_output=True" "--chroot" "/bin/su mockbuild -l -c \"PATH=/usr/lib64/cswrap:\\\$PATH CSWRAP_CAP_FILE=\\\$'/builddir/cswrap-capture.err' CSWRAP_TIMEOUT=\\\$'30' CSWRAP_TIMEOUT_FOR=\\\$':' CSWRAP_ADD_CFLAGS=\\\$'-Wno-unknown-pragmas:-Wl,--dynamic-linker,/usr/bin/csexec-loader' CSWRAP_DEL_CFLAGS=\\\$'-Werror*:-fdiagnostics-color*:-no-canonical-prefixes:-Wno-error=deprecated-register' CSWRAP_ADD_CXXFLAGS=\\\$'-Wl,--dynamic-linker,/usr/bin/csexec-loader' CSWRAP_DEL_CXXFLAGS=\\\$'-Werror*:-fdiagnostics-color*:-no-canonical-prefixes:-Wno-error=deprecated-register' sh -c \\\"rpmbuild -bc --nodeps --short-circuit /builddir/build/SPECS/zlib.spec '--define' 'apidocs 0' '--define' 'with_publican 0' '--without' 'docs' '--without' 'langpacks'\\\"\""
INFO: mock.py version 2.13 starting (python version = 3.9.7, NVR = mock-2.13-1.kdudka.1.fc34)...
Start(bootstrap): init plugins
INFO: selinux enabled
Finish(bootstrap): init plugins
Start: init plugins
INFO: selinux enabled
Finish: init plugins
INFO: Signal handler active
Start: run
Start(bootstrap): chroot init
INFO: calling preinit hooks
INFO: enabled root cache
INFO: enabled package manager cache
Start(bootstrap): cleaning package manager metadata
Finish(bootstrap): cleaning package manager metadata
INFO: enabled HW Info plugin
Mock Version: 2.13
INFO: Mock Version: 2.13
Finish(bootstrap): chroot init
Start: chroot init
INFO: calling preinit hooks
INFO: enabled root cache
INFO: enabled package manager cache
Start: cleaning package manager metadata
Finish: cleaning package manager metadata
INFO: enabled HW Info plugin
Mock Version: 2.13
INFO: Mock Version: 2.13
Finish: chroot init
INFO: Running in chroot: ['/bin/su mockbuild -l -c "PATH=/usr/lib64/cswrap:\\$PATH CSWRAP_CAP_FILE=\\$\'/builddir/cswrap-capture.err\' CSWRAP_TIMEOUT=\\$\'30\' CSWRAP_TIMEOUT_FOR=\\$\':\' CSWRAP_ADD_CFLAGS=\\$\'-Wno-unknown-pragmas:-Wl,--dynamic-linker,/usr/bin/csexec-loader\' CSWRAP_DEL_CFLAGS=\\$\'-Werror*:-fdiagnostics-color*:-no-canonical-prefixes:-Wno-error=deprecated-register\' CSWRAP_ADD_CXXFLAGS=\\$\'-Wl,--dynamic-linker,/usr/bin/csexec-loader\' CSWRAP_DEL_CXXFLAGS=\\$\'-Werror*:-fdiagnostics-color*:-no-canonical-prefixes:-Wno-error=deprecated-register\' sh -c \\"rpmbuild -bc --nodeps --short-circuit /builddir/build/SPECS/zlib.spec \'--define\' \'apidocs 0\' \'--define\' \'with_publican 0\' \'--without\' \'docs\' \'--without\' \'langpacks\'\\""']
Start: chroot ['/bin/su mockbuild -l -c "PATH=/usr/lib64/cswrap:\\$PATH CSWRAP_CAP_FILE=\\$\'/builddir/cswrap-capture.err\' CSWRAP_TIMEOUT=\\$\'30\' CSWRAP_TIMEOUT_FOR=\\$\':\' CSWRAP_ADD_CFLAGS=\\$\'-Wno-unknown-pragmas:-Wl,--dynamic-linker,/usr/bin/csexec-loader\' CSWRAP_DEL_CFLAGS=\\$\'-Werror*:-fdiagnostics-color*:-no-canonical-prefixes:-Wno-error=deprecated-register\' CSWRAP_ADD_CXXFLAGS=\\$\'-Wl,--dynamic-linker,/usr/bin/csexec-loader\' CSWRAP_DEL_CXXFLAGS=\\$\'-Werror*:-fdiagnostics-color*:-no-canonical-prefixes:-Wno-error=deprecated-register\' sh -c \\"rpmbuild -bc --nodeps --short-circuit /builddir/build/SPECS/zlib.spec \'--define\' \'apidocs 0\' \'--define\' \'with_publican 0\' \'--without\' \'docs\' \'--without\' \'langpacks\'\\""']
setting SOURCE_DATE_EPOCH=1627516800
Executing(%build): /bin/sh -e /var/tmp/rpm-tmp.QtHthx
+ umask 022
+ cd /builddir/build/BUILD
+ cd zlib-1.2.11
+ export 'CFLAGS=-O2 -flto=auto -ffat-lto-objects -fexceptions -g -grecord-gcc-switches -pipe -Wall -Werror=format-security -Wp,-D_FORTIFY_SOURCE=2 -Wp,-D_GLIBCXX_ASSERTIONS -specs=/usr/lib/rpm/redhat/redhat-hardened-cc1 -fstack-protector-strong -specs=/usr/lib/rpm/redhat/redhat-annobin-cc1  -m64  -mtune=generic -fasynchronous-unwind-tables -fstack-clash-protection -fcf-protection'
+ CFLAGS='-O2 -flto=auto -ffat-lto-objects -fexceptions -g -grecord-gcc-switches -pipe -Wall -Werror=format-security -Wp,-D_FORTIFY_SOURCE=2 -Wp,-D_GLIBCXX_ASSERTIONS -specs=/usr/lib/rpm/redhat/redhat-hardened-cc1 -fstack-protector-strong -specs=/usr/lib/rpm/redhat/redhat-annobin-cc1  -m64  -mtune=generic -fasynchronous-unwind-tables -fstack-clash-protection -fcf-protection'
+ export 'LDFLAGS= -Wl,-z,relro -Wl,-z,now'
+ LDFLAGS=' -Wl,-z,relro -Wl,-z,now'
+ ./configure --libdir=/usr/lib64 --includedir=/usr/include --prefix=/usr
Checking for gcc...
Checking for shared library support...
Building shared library libz.so.1.2.11 with gcc.
Checking for size_t... Yes.
Checking for off64_t... Yes.
Checking for fseeko... Yes.
Checking for strerror... Yes.
Checking for unistd.h... Yes.
Checking for stdarg.h... Yes.
Checking whether to use vs[n]printf() or s[n]printf()... using vs[n]printf().
Checking for vsnprintf() in stdio.h... Yes.
Checking for return value of vsnprintf()... Yes.
Checking for attribute(visibility) support... Yes.
+ /usr/bin/make -O -j8 V=1 VERBOSE=1
gcc -O2 -flto=auto -ffat-lto-objects -fexceptions -g -grecord-gcc-switches -pipe -Wall -Werror=format-security -Wp,-D_FORTIFY_SOURCE=2 -Wp,-D_GLIBCXX_ASSERTIONS -specs=/usr/lib/rpm/redhat/redhat-hardened-cc1 -fstack-protector-strong -specs=/usr/lib/rpm/redhat/redhat-annobin-cc1  -m64  -mtune=generic -fasynchronous-unwind-tables -fstack-clash-protection -fcf-protection -D_LARGEFILE64_SOURCE=1 -DHAVE_HIDDEN  -c -o adler32.o adler32.c
gcc -O2 -flto=auto -ffat-lto-objects -fexceptions -g -grecord-gcc-switches -pipe -Wall -Werror=format-security -Wp,-D_FORTIFY_SOURCE=2 -Wp,-D_GLIBCXX_ASSERTIONS -specs=/usr/lib/rpm/redhat/redhat-hardened-cc1 -fstack-protector-strong -specs=/usr/lib/rpm/redhat/redhat-annobin-cc1  -m64  -mtune=generic -fasynchronous-unwind-tables -fstack-clash-protection -fcf-protection -D_LARGEFILE64_SOURCE=1 -DHAVE_HIDDEN  -c -o inffast.o inffast.c
gcc -O2 -flto=auto -ffat-lto-objects -fexceptions -g -grecord-gcc-switches -pipe -Wall -Werror=format-security -Wp,-D_FORTIFY_SOURCE=2 -Wp,-D_GLIBCXX_ASSERTIONS -specs=/usr/lib/rpm/redhat/redhat-hardened-cc1 -fstack-protector-strong -specs=/usr/lib/rpm/redhat/redhat-annobin-cc1  -m64  -mtune=generic -fasynchronous-unwind-tables -fstack-clash-protection -fcf-protection -D_LARGEFILE64_SOURCE=1 -DHAVE_HIDDEN  -c -o crc32.o crc32.c
gcc -O2 -flto=auto -ffat-lto-objects -fexceptions -g -grecord-gcc-switches -pipe -Wall -Werror=format-security -Wp,-D_FORTIFY_SOURCE=2 -Wp,-D_GLIBCXX_ASSERTIONS -specs=/usr/lib/rpm/redhat/redhat-hardened-cc1 -fstack-protector-strong -specs=/usr/lib/rpm/redhat/redhat-annobin-cc1  -m64  -mtune=generic -fasynchronous-unwind-tables -fstack-clash-protection -fcf-protection -D_LARGEFILE64_SOURCE=1 -DHAVE_HIDDEN  -c -o inftrees.o inftrees.c
gcc -O2 -flto=auto -ffat-lto-objects -fexceptions -g -grecord-gcc-switches -pipe -Wall -Werror=format-security -Wp,-D_FORTIFY_SOURCE=2 -Wp,-D_GLIBCXX_ASSERTIONS -specs=/usr/lib/rpm/redhat/redhat-hardened-cc1 -fstack-protector-strong -specs=/usr/lib/rpm/redhat/redhat-annobin-cc1  -m64  -mtune=generic -fasynchronous-unwind-tables -fstack-clash-protection -fcf-protection -D_LARGEFILE64_SOURCE=1 -DHAVE_HIDDEN  -c -o compress.o compress.c
gcc -O2 -flto=auto -ffat-lto-objects -fexceptions -g -grecord-gcc-switches -pipe -Wall -Werror=format-security -Wp,-D_FORTIFY_SOURCE=2 -Wp,-D_GLIBCXX_ASSERTIONS -specs=/usr/lib/rpm/redhat/redhat-hardened-cc1 -fstack-protector-strong -specs=/usr/lib/rpm/redhat/redhat-annobin-cc1  -m64  -mtune=generic -fasynchronous-unwind-tables -fstack-clash-protection -fcf-protection -D_LARGEFILE64_SOURCE=1 -DHAVE_HIDDEN  -c -o zutil.o zutil.c
gcc -O2 -flto=auto -ffat-lto-objects -fexceptions -g -grecord-gcc-switches -pipe -Wall -Werror=format-security -Wp,-D_FORTIFY_SOURCE=2 -Wp,-D_GLIBCXX_ASSERTIONS -specs=/usr/lib/rpm/redhat/redhat-hardened-cc1 -fstack-protector-strong -specs=/usr/lib/rpm/redhat/redhat-annobin-cc1  -m64  -mtune=generic -fasynchronous-unwind-tables -fstack-clash-protection -fcf-protection -D_LARGEFILE64_SOURCE=1 -DHAVE_HIDDEN  -c -o uncompr.o uncompr.c
gcc -O2 -flto=auto -ffat-lto-objects -fexceptions -g -grecord-gcc-switches -pipe -Wall -Werror=format-security -Wp,-D_FORTIFY_SOURCE=2 -Wp,-D_GLIBCXX_ASSERTIONS -specs=/usr/lib/rpm/redhat/redhat-hardened-cc1 -fstack-protector-strong -specs=/usr/lib/rpm/redhat/redhat-annobin-cc1  -m64  -mtune=generic -fasynchronous-unwind-tables -fstack-clash-protection -fcf-protection -D_LARGEFILE64_SOURCE=1 -DHAVE_HIDDEN -I. -c -o example.o test/example.c
gcc -O2 -flto=auto -ffat-lto-objects -fexceptions -g -grecord-gcc-switches -pipe -Wall -Werror=format-security -Wp,-D_FORTIFY_SOURCE=2 -Wp,-D_GLIBCXX_ASSERTIONS -specs=/usr/lib/rpm/redhat/redhat-hardened-cc1 -fstack-protector-strong -specs=/usr/lib/rpm/redhat/redhat-annobin-cc1  -m64  -mtune=generic -fasynchronous-unwind-tables -fstack-clash-protection -fcf-protection -D_LARGEFILE64_SOURCE=1 -DHAVE_HIDDEN  -c -o gzclose.o gzclose.c
gcc -O2 -flto=auto -ffat-lto-objects -fexceptions -g -grecord-gcc-switches -pipe -Wall -Werror=format-security -Wp,-D_FORTIFY_SOURCE=2 -Wp,-D_GLIBCXX_ASSERTIONS -specs=/usr/lib/rpm/redhat/redhat-hardened-cc1 -fstack-protector-strong -specs=/usr/lib/rpm/redhat/redhat-annobin-cc1  -m64  -mtune=generic -fasynchronous-unwind-tables -fstack-clash-protection -fcf-protection -D_LARGEFILE64_SOURCE=1 -DHAVE_HIDDEN  -c -o infback.o infback.c
gcc -O2 -flto=auto -ffat-lto-objects -fexceptions -g -grecord-gcc-switches -pipe -Wall -Werror=format-security -Wp,-D_FORTIFY_SOURCE=2 -Wp,-D_GLIBCXX_ASSERTIONS -specs=/usr/lib/rpm/redhat/redhat-hardened-cc1 -fstack-protector-strong -specs=/usr/lib/rpm/redhat/redhat-annobin-cc1  -m64  -mtune=generic -fasynchronous-unwind-tables -fstack-clash-protection -fcf-protection -D_LARGEFILE64_SOURCE=1 -DHAVE_HIDDEN  -c -o gzlib.o gzlib.c
gcc -O2 -flto=auto -ffat-lto-objects -fexceptions -g -grecord-gcc-switches -pipe -Wall -Werror=format-security -Wp,-D_FORTIFY_SOURCE=2 -Wp,-D_GLIBCXX_ASSERTIONS -specs=/usr/lib/rpm/redhat/redhat-hardened-cc1 -fstack-protector-strong -specs=/usr/lib/rpm/redhat/redhat-annobin-cc1  -m64  -mtune=generic -fasynchronous-unwind-tables -fstack-clash-protection -fcf-protection -D_LARGEFILE64_SOURCE=1 -DHAVE_HIDDEN -I. -c -o minigzip.o test/minigzip.c
gcc -O2 -flto=auto -ffat-lto-objects -fexceptions -g -grecord-gcc-switches -pipe -Wall -Werror=format-security -Wp,-D_FORTIFY_SOURCE=2 -Wp,-D_GLIBCXX_ASSERTIONS -specs=/usr/lib/rpm/redhat/redhat-hardened-cc1 -fstack-protector-strong -specs=/usr/lib/rpm/redhat/redhat-annobin-cc1  -m64  -mtune=generic -fasynchronous-unwind-tables -fstack-clash-protection -fcf-protection -D_LARGEFILE64_SOURCE=1 -DHAVE_HIDDEN  -c -o gzwrite.o gzwrite.c
gcc -O2 -flto=auto -ffat-lto-objects -fexceptions -g -grecord-gcc-switches -pipe -Wall -Werror=format-security -Wp,-D_FORTIFY_SOURCE=2 -Wp,-D_GLIBCXX_ASSERTIONS -specs=/usr/lib/rpm/redhat/redhat-hardened-cc1 -fstack-protector-strong -specs=/usr/lib/rpm/redhat/redhat-annobin-cc1  -m64  -mtune=generic -fasynchronous-unwind-tables -fstack-clash-protection -fcf-protection -D_LARGEFILE64_SOURCE=1 -DHAVE_HIDDEN  -c -o gzread.o gzread.c
gcc -O2 -flto=auto -ffat-lto-objects -fexceptions -g -grecord-gcc-switches -pipe -Wall -Werror=format-security -Wp,-D_FORTIFY_SOURCE=2 -Wp,-D_GLIBCXX_ASSERTIONS -specs=/usr/lib/rpm/redhat/redhat-hardened-cc1 -fstack-protector-strong -specs=/usr/lib/rpm/redhat/redhat-annobin-cc1  -m64  -mtune=generic -fasynchronous-unwind-tables -fstack-clash-protection -fcf-protection -fPIC -D_LARGEFILE64_SOURCE=1 -DHAVE_HIDDEN  -DPIC -c -o objs/adler32.o adler32.c
gcc -O2 -flto=auto -ffat-lto-objects -fexceptions -g -grecord-gcc-switches -pipe -Wall -Werror=format-security -Wp,-D_FORTIFY_SOURCE=2 -Wp,-D_GLIBCXX_ASSERTIONS -specs=/usr/lib/rpm/redhat/redhat-hardened-cc1 -fstack-protector-strong -specs=/usr/lib/rpm/redhat/redhat-annobin-cc1  -m64  -mtune=generic -fasynchronous-unwind-tables -fstack-clash-protection -fcf-protection -fPIC -D_LARGEFILE64_SOURCE=1 -DHAVE_HIDDEN  -DPIC -c -o objs/crc32.o crc32.c
gcc -O2 -flto=auto -ffat-lto-objects -fexceptions -g -grecord-gcc-switches -pipe -Wall -Werror=format-security -Wp,-D_FORTIFY_SOURCE=2 -Wp,-D_GLIBCXX_ASSERTIONS -specs=/usr/lib/rpm/redhat/redhat-hardened-cc1 -fstack-protector-strong -specs=/usr/lib/rpm/redhat/redhat-annobin-cc1  -m64  -mtune=generic -fasynchronous-unwind-tables -fstack-clash-protection -fcf-protection -D_LARGEFILE64_SOURCE=1 -DHAVE_HIDDEN  -c -o trees.o trees.c
gcc -O2 -flto=auto -ffat-lto-objects -fexceptions -g -grecord-gcc-switches -pipe -Wall -Werror=format-security -Wp,-D_FORTIFY_SOURCE=2 -Wp,-D_GLIBCXX_ASSERTIONS -specs=/usr/lib/rpm/redhat/redhat-hardened-cc1 -fstack-protector-strong -specs=/usr/lib/rpm/redhat/redhat-annobin-cc1  -m64  -mtune=generic -fasynchronous-unwind-tables -fstack-clash-protection -fcf-protection -fPIC -D_LARGEFILE64_SOURCE=1 -DHAVE_HIDDEN  -DPIC -c -o objs/inffast.o inffast.c
gcc -O2 -flto=auto -ffat-lto-objects -fexceptions -g -grecord-gcc-switches -pipe -Wall -Werror=format-security -Wp,-D_FORTIFY_SOURCE=2 -Wp,-D_GLIBCXX_ASSERTIONS -specs=/usr/lib/rpm/redhat/redhat-hardened-cc1 -fstack-protector-strong -specs=/usr/lib/rpm/redhat/redhat-annobin-cc1  -m64  -mtune=generic -fasynchronous-unwind-tables -fstack-clash-protection -fcf-protection -fPIC -D_LARGEFILE64_SOURCE=1 -DHAVE_HIDDEN  -DPIC -c -o objs/zutil.o zutil.c
gcc -O2 -flto=auto -ffat-lto-objects -fexceptions -g -grecord-gcc-switches -pipe -Wall -Werror=format-security -Wp,-D_FORTIFY_SOURCE=2 -Wp,-D_GLIBCXX_ASSERTIONS -specs=/usr/lib/rpm/redhat/redhat-hardened-cc1 -fstack-protector-strong -specs=/usr/lib/rpm/redhat/redhat-annobin-cc1  -m64  -mtune=generic -fasynchronous-unwind-tables -fstack-clash-protection -fcf-protection -fPIC -D_LARGEFILE64_SOURCE=1 -DHAVE_HIDDEN  -DPIC -c -o objs/inftrees.o inftrees.c
gcc -O2 -flto=auto -ffat-lto-objects -fexceptions -g -grecord-gcc-switches -pipe -Wall -Werror=format-security -Wp,-D_FORTIFY_SOURCE=2 -Wp,-D_GLIBCXX_ASSERTIONS -specs=/usr/lib/rpm/redhat/redhat-hardened-cc1 -fstack-protector-strong -specs=/usr/lib/rpm/redhat/redhat-annobin-cc1  -m64  -mtune=generic -fasynchronous-unwind-tables -fstack-clash-protection -fcf-protection -fPIC -D_LARGEFILE64_SOURCE=1 -DHAVE_HIDDEN  -DPIC -c -o objs/compress.o compress.c
gcc -O2 -flto=auto -ffat-lto-objects -fexceptions -g -grecord-gcc-switches -pipe -Wall -Werror=format-security -Wp,-D_FORTIFY_SOURCE=2 -Wp,-D_GLIBCXX_ASSERTIONS -specs=/usr/lib/rpm/redhat/redhat-hardened-cc1 -fstack-protector-strong -specs=/usr/lib/rpm/redhat/redhat-annobin-cc1  -m64  -mtune=generic -fasynchronous-unwind-tables -fstack-clash-protection -fcf-protection -D_LARGEFILE64_SOURCE=1 -DHAVE_HIDDEN  -c -o deflate.o deflate.c
gcc -O2 -flto=auto -ffat-lto-objects -fexceptions -g -grecord-gcc-switches -pipe -Wall -Werror=format-security -Wp,-D_FORTIFY_SOURCE=2 -Wp,-D_GLIBCXX_ASSERTIONS -specs=/usr/lib/rpm/redhat/redhat-hardened-cc1 -fstack-protector-strong -specs=/usr/lib/rpm/redhat/redhat-annobin-cc1  -m64  -mtune=generic -fasynchronous-unwind-tables -fstack-clash-protection -fcf-protection -fPIC -D_LARGEFILE64_SOURCE=1 -DHAVE_HIDDEN  -DPIC -c -o objs/uncompr.o uncompr.c
gcc -O2 -flto=auto -ffat-lto-objects -fexceptions -g -grecord-gcc-switches -pipe -Wall -Werror=format-security -Wp,-D_FORTIFY_SOURCE=2 -Wp,-D_GLIBCXX_ASSERTIONS -specs=/usr/lib/rpm/redhat/redhat-hardened-cc1 -fstack-protector-strong -specs=/usr/lib/rpm/redhat/redhat-annobin-cc1  -m64  -mtune=generic -fasynchronous-unwind-tables -fstack-clash-protection -fcf-protection -fPIC -D_LARGEFILE64_SOURCE=1 -DHAVE_HIDDEN  -DPIC -c -o objs/infback.o infback.c
gcc -O2 -flto=auto -ffat-lto-objects -fexceptions -g -grecord-gcc-switches -pipe -Wall -Werror=format-security -Wp,-D_FORTIFY_SOURCE=2 -Wp,-D_GLIBCXX_ASSERTIONS -specs=/usr/lib/rpm/redhat/redhat-hardened-cc1 -fstack-protector-strong -specs=/usr/lib/rpm/redhat/redhat-annobin-cc1  -m64  -mtune=generic -fasynchronous-unwind-tables -fstack-clash-protection -fcf-protection -fPIC -D_LARGEFILE64_SOURCE=1 -DHAVE_HIDDEN  -DPIC -c -o objs/gzclose.o gzclose.c
gcc -O2 -flto=auto -ffat-lto-objects -fexceptions -g -grecord-gcc-switches -pipe -Wall -Werror=format-security -Wp,-D_FORTIFY_SOURCE=2 -Wp,-D_GLIBCXX_ASSERTIONS -specs=/usr/lib/rpm/redhat/redhat-hardened-cc1 -fstack-protector-strong -specs=/usr/lib/rpm/redhat/redhat-annobin-cc1  -m64  -mtune=generic -fasynchronous-unwind-tables -fstack-clash-protection -fcf-protection -D_LARGEFILE64_SOURCE=1 -DHAVE_HIDDEN  -c -o inflate.o inflate.c
gcc -O2 -flto=auto -ffat-lto-objects -fexceptions -g -grecord-gcc-switches -pipe -Wall -Werror=format-security -Wp,-D_FORTIFY_SOURCE=2 -Wp,-D_GLIBCXX_ASSERTIONS -specs=/usr/lib/rpm/redhat/redhat-hardened-cc1 -fstack-protector-strong -specs=/usr/lib/rpm/redhat/redhat-annobin-cc1  -m64  -mtune=generic -fasynchronous-unwind-tables -fstack-clash-protection -fcf-protection -fPIC -D_LARGEFILE64_SOURCE=1 -DHAVE_HIDDEN  -DPIC -c -o objs/gzlib.o gzlib.c
gcc -O2 -flto=auto -ffat-lto-objects -fexceptions -g -grecord-gcc-switches -pipe -Wall -Werror=format-security -Wp,-D_FORTIFY_SOURCE=2 -Wp,-D_GLIBCXX_ASSERTIONS -specs=/usr/lib/rpm/redhat/redhat-hardened-cc1 -fstack-protector-strong -specs=/usr/lib/rpm/redhat/redhat-annobin-cc1  -m64  -mtune=generic -fasynchronous-unwind-tables -fstack-clash-protection -fcf-protection -fPIC -D_LARGEFILE64_SOURCE=1 -DHAVE_HIDDEN  -DPIC -c -o objs/trees.o trees.c
ar rc libz.a adler32.o crc32.o deflate.o infback.o inffast.o inflate.o inftrees.o trees.o zutil.o compress.o uncompr.o gzclose.o gzlib.o gzread.o gzwrite.o 
gcc -O2 -flto=auto -ffat-lto-objects -fexceptions -g -grecord-gcc-switches -pipe -Wall -Werror=format-security -Wp,-D_FORTIFY_SOURCE=2 -Wp,-D_GLIBCXX_ASSERTIONS -specs=/usr/lib/rpm/redhat/redhat-hardened-cc1 -fstack-protector-strong -specs=/usr/lib/rpm/redhat/redhat-annobin-cc1  -m64  -mtune=generic -fasynchronous-unwind-tables -fstack-clash-protection -fcf-protection -D_LARGEFILE64_SOURCE=1 -DHAVE_HIDDEN -I. -D_FILE_OFFSET_BITS=64 -c -o minigzip64.o test/minigzip.c
gcc -O2 -flto=auto -ffat-lto-objects -fexceptions -g -grecord-gcc-switches -pipe -Wall -Werror=format-security -Wp,-D_FORTIFY_SOURCE=2 -Wp,-D_GLIBCXX_ASSERTIONS -specs=/usr/lib/rpm/redhat/redhat-hardened-cc1 -fstack-protector-strong -specs=/usr/lib/rpm/redhat/redhat-annobin-cc1  -m64  -mtune=generic -fasynchronous-unwind-tables -fstack-clash-protection -fcf-protection -fPIC -D_LARGEFILE64_SOURCE=1 -DHAVE_HIDDEN  -DPIC -c -o objs/gzwrite.o gzwrite.c
gcc -O2 -flto=auto -ffat-lto-objects -fexceptions -g -grecord-gcc-switches -pipe -Wall -Werror=format-security -Wp,-D_FORTIFY_SOURCE=2 -Wp,-D_GLIBCXX_ASSERTIONS -specs=/usr/lib/rpm/redhat/redhat-hardened-cc1 -fstack-protector-strong -specs=/usr/lib/rpm/redhat/redhat-annobin-cc1  -m64  -mtune=generic -fasynchronous-unwind-tables -fstack-clash-protection -fcf-protection -fPIC -D_LARGEFILE64_SOURCE=1 -DHAVE_HIDDEN  -DPIC -c -o objs/gzread.o gzread.c
gcc -O2 -flto=auto -ffat-lto-objects -fexceptions -g -grecord-gcc-switches -pipe -Wall -Werror=format-security -Wp,-D_FORTIFY_SOURCE=2 -Wp,-D_GLIBCXX_ASSERTIONS -specs=/usr/lib/rpm/redhat/redhat-hardened-cc1 -fstack-protector-strong -specs=/usr/lib/rpm/redhat/redhat-annobin-cc1  -m64  -mtune=generic -fasynchronous-unwind-tables -fstack-clash-protection -fcf-protection -D_LARGEFILE64_SOURCE=1 -DHAVE_HIDDEN -I. -D_FILE_OFFSET_BITS=64 -c -o example64.o test/example.c
gcc -O2 -flto=auto -ffat-lto-objects -fexceptions -g -grecord-gcc-switches -pipe -Wall -Werror=format-security -Wp,-D_FORTIFY_SOURCE=2 -Wp,-D_GLIBCXX_ASSERTIONS -specs=/usr/lib/rpm/redhat/redhat-hardened-cc1 -fstack-protector-strong -specs=/usr/lib/rpm/redhat/redhat-annobin-cc1  -m64  -mtune=generic -fasynchronous-unwind-tables -fstack-clash-protection -fcf-protection -fPIC -D_LARGEFILE64_SOURCE=1 -DHAVE_HIDDEN  -DPIC -c -o objs/deflate.o deflate.c
gcc -O2 -flto=auto -ffat-lto-objects -fexceptions -g -grecord-gcc-switches -pipe -Wall -Werror=format-security -Wp,-D_FORTIFY_SOURCE=2 -Wp,-D_GLIBCXX_ASSERTIONS -specs=/usr/lib/rpm/redhat/redhat-hardened-cc1 -fstack-protector-strong -specs=/usr/lib/rpm/redhat/redhat-annobin-cc1  -m64  -mtune=generic -fasynchronous-unwind-tables -fstack-clash-protection -fcf-protection -fPIC -D_LARGEFILE64_SOURCE=1 -DHAVE_HIDDEN  -DPIC -c -o objs/inflate.o inflate.c
gcc -O2 -flto=auto -ffat-lto-objects -fexceptions -g -grecord-gcc-switches -pipe -Wall -Werror=format-security -Wp,-D_FORTIFY_SOURCE=2 -Wp,-D_GLIBCXX_ASSERTIONS -specs=/usr/lib/rpm/redhat/redhat-hardened-cc1 -fstack-protector-strong -specs=/usr/lib/rpm/redhat/redhat-annobin-cc1  -m64  -mtune=generic -fasynchronous-unwind-tables -fstack-clash-protection -fcf-protection -D_LARGEFILE64_SOURCE=1 -DHAVE_HIDDEN -o minigzip64 minigzip64.o -L. libz.a
gcc -O2 -flto=auto -ffat-lto-objects -fexceptions -g -grecord-gcc-switches -pipe -Wall -Werror=format-security -Wp,-D_FORTIFY_SOURCE=2 -Wp,-D_GLIBCXX_ASSERTIONS -specs=/usr/lib/rpm/redhat/redhat-hardened-cc1 -fstack-protector-strong -specs=/usr/lib/rpm/redhat/redhat-annobin-cc1  -m64  -mtune=generic -fasynchronous-unwind-tables -fstack-clash-protection -fcf-protection -D_LARGEFILE64_SOURCE=1 -DHAVE_HIDDEN -o example example.o -L. libz.a
gcc -O2 -flto=auto -ffat-lto-objects -fexceptions -g -grecord-gcc-switches -pipe -Wall -Werror=format-security -Wp,-D_FORTIFY_SOURCE=2 -Wp,-D_GLIBCXX_ASSERTIONS -specs=/usr/lib/rpm/redhat/redhat-hardened-cc1 -fstack-protector-strong -specs=/usr/lib/rpm/redhat/redhat-annobin-cc1  -m64  -mtune=generic -fasynchronous-unwind-tables -fstack-clash-protection -fcf-protection -D_LARGEFILE64_SOURCE=1 -DHAVE_HIDDEN -o minigzip minigzip.o -L. libz.a
gcc -shared -Wl,-soname,libz.so.1,--version-script,zlib.map -O2 -flto=auto -ffat-lto-objects -fexceptions -g -grecord-gcc-switches -pipe -Wall -Werror=format-security -Wp,-D_FORTIFY_SOURCE=2 -Wp,-D_GLIBCXX_ASSERTIONS -specs=/usr/lib/rpm/redhat/redhat-hardened-cc1 -fstack-protector-strong -specs=/usr/lib/rpm/redhat/redhat-annobin-cc1  -m64  -mtune=generic -fasynchronous-unwind-tables -fstack-clash-protection -fcf-protection -fPIC -D_LARGEFILE64_SOURCE=1 -DHAVE_HIDDEN -o libz.so.1.2.11 adler32.lo crc32.lo deflate.lo infback.lo inffast.lo inflate.lo inftrees.lo trees.lo zutil.lo compress.lo uncompr.lo gzclose.lo gzlib.lo gzread.lo gzwrite.lo  -lc -Wl,-z,relro -Wl,-z,now
rm -f libz.so libz.so.1
ln -s libz.so.1.2.11 libz.so
ln -s libz.so.1.2.11 libz.so.1
gcc -O2 -flto=auto -ffat-lto-objects -fexceptions -g -grecord-gcc-switches -pipe -Wall -Werror=format-security -Wp,-D_FORTIFY_SOURCE=2 -Wp,-D_GLIBCXX_ASSERTIONS -specs=/usr/lib/rpm/redhat/redhat-hardened-cc1 -fstack-protector-strong -specs=/usr/lib/rpm/redhat/redhat-annobin-cc1  -m64  -mtune=generic -fasynchronous-unwind-tables -fstack-clash-protection -fcf-protection -D_LARGEFILE64_SOURCE=1 -DHAVE_HIDDEN -o example64 example64.o -L. libz.a
gcc -O2 -flto=auto -ffat-lto-objects -fexceptions -g -grecord-gcc-switches -pipe -Wall -Werror=format-security -Wp,-D_FORTIFY_SOURCE=2 -Wp,-D_GLIBCXX_ASSERTIONS -specs=/usr/lib/rpm/redhat/redhat-hardened-cc1 -fstack-protector-strong -specs=/usr/lib/rpm/redhat/redhat-annobin-cc1  -m64  -mtune=generic -fasynchronous-unwind-tables -fstack-clash-protection -fcf-protection -D_LARGEFILE64_SOURCE=1 -DHAVE_HIDDEN -o minigzipsh minigzip.o -L. libz.so.1.2.11
gcc -O2 -flto=auto -ffat-lto-objects -fexceptions -g -grecord-gcc-switches -pipe -Wall -Werror=format-security -Wp,-D_FORTIFY_SOURCE=2 -Wp,-D_GLIBCXX_ASSERTIONS -specs=/usr/lib/rpm/redhat/redhat-hardened-cc1 -fstack-protector-strong -specs=/usr/lib/rpm/redhat/redhat-annobin-cc1  -m64  -mtune=generic -fasynchronous-unwind-tables -fstack-clash-protection -fcf-protection -D_LARGEFILE64_SOURCE=1 -DHAVE_HIDDEN -o examplesh example.o -L. libz.so.1.2.11
+ cd contrib/minizip
+ autoreconf --install
libtoolize: putting auxiliary files in '.'.
libtoolize: copying file './ltmain.sh'
libtoolize: Consider adding 'AC_CONFIG_MACRO_DIRS([m4])' to configure.ac,
libtoolize: and rerunning libtoolize and aclocal.
libtoolize: Consider adding '-I m4' to ACLOCAL_AMFLAGS in Makefile.am.
configure.ac:7: installing './compile'
configure.ac:7: installing './config.guess'
configure.ac:7: installing './config.sub'
configure.ac:6: installing './install-sh'
configure.ac:6: installing './missing'
Makefile.am: installing './depcomp'
+ CFLAGS='-O2 -flto=auto -ffat-lto-objects -fexceptions -g -grecord-gcc-switches -pipe -Wall -Werror=format-security -Wp,-D_FORTIFY_SOURCE=2 -Wp,-D_GLIBCXX_ASSERTIONS -specs=/usr/lib/rpm/redhat/redhat-hardened-cc1 -fstack-protector-strong -specs=/usr/lib/rpm/redhat/redhat-annobin-cc1  -m64  -mtune=generic -fasynchronous-unwind-tables -fstack-clash-protection -fcf-protection'
+ export CFLAGS
+ CXXFLAGS='-O2 -flto=auto -ffat-lto-objects -fexceptions -g -grecord-gcc-switches -pipe -Wall -Werror=format-security -Wp,-D_FORTIFY_SOURCE=2 -Wp,-D_GLIBCXX_ASSERTIONS -specs=/usr/lib/rpm/redhat/redhat-hardened-cc1 -fstack-protector-strong -specs=/usr/lib/rpm/redhat/redhat-annobin-cc1  -m64  -mtune=generic -fasynchronous-unwind-tables -fstack-clash-protection -fcf-protection'
+ export CXXFLAGS
+ FFLAGS='-O2 -flto=auto -ffat-lto-objects -fexceptions -g -grecord-gcc-switches -pipe -Wall -Werror=format-security -Wp,-D_FORTIFY_SOURCE=2 -Wp,-D_GLIBCXX_ASSERTIONS -specs=/usr/lib/rpm/redhat/redhat-hardened-cc1 -fstack-protector-strong -specs=/usr/lib/rpm/redhat/redhat-annobin-cc1  -m64  -mtune=generic -fasynchronous-unwind-tables -fstack-clash-protection -fcf-protection -I/usr/lib64/gfortran/modules'
+ export FFLAGS
+ FCFLAGS='-O2 -flto=auto -ffat-lto-objects -fexceptions -g -grecord-gcc-switches -pipe -Wall -Werror=format-security -Wp,-D_FORTIFY_SOURCE=2 -Wp,-D_GLIBCXX_ASSERTIONS -specs=/usr/lib/rpm/redhat/redhat-hardened-cc1 -fstack-protector-strong -specs=/usr/lib/rpm/redhat/redhat-annobin-cc1  -m64  -mtune=generic -fasynchronous-unwind-tables -fstack-clash-protection -fcf-protection -I/usr/lib64/gfortran/modules'
+ export FCFLAGS
+ LDFLAGS=' -Wl,-z,relro -Wl,-z,now'
+ export LDFLAGS
+ LT_SYS_LIBRARY_PATH=/usr/lib64:
+ export LT_SYS_LIBRARY_PATH
+ CC=gcc
+ export CC
+ CXX=g++
+ export CXX
+ '[' '-flto=auto -ffat-lto-objectsx' '!=' x ']'
++ find . -type f -name configure -print
+ for file in $(find . -type f -name configure -print)
+ /usr/bin/sed -r --in-place=.backup 's/^char \(\*f\) \(\) = /__attribute__ ((used)) char (*f) () = /g' ./configure
+ diff -u ./configure.backup ./configure
+ mv ./configure.backup ./configure
+ /usr/bin/sed -r --in-place=.backup 's/^char \(\*f\) \(\);/__attribute__ ((used)) char (*f) ();/g' ./configure
+ diff -u ./configure.backup ./configure
+ mv ./configure.backup ./configure
+ /usr/bin/sed -r --in-place=.backup 's/^char \$2 \(\);/__attribute__ ((used)) char \$2 ();/g' ./configure
+ diff -u ./configure.backup ./configure
--- ./configure.backup	2021-12-09 10:59:09.652991771 +0100
+++ ./configure	2021-12-09 10:59:10.083241507 +0100
@@ -1756,7 +1756,7 @@
 #ifdef __cplusplus
 extern "C"
 #endif
-char $2 ();
+__attribute__ ((used)) char $2 ();
 /* The GNU C library defines this for functions which it implements
     to always fail with ENOSYS.  Some functions are actually named
     something starting with __ and the normal name is an alias.  */
+ /usr/bin/sed --in-place=.backup '1{$!N;$!N};$!N;s/int x = 1;\nint y = 0;\nint z;\nint nan;/volatile int x = 1; volatile int y = 0; volatile int z, nan;/;P;D' ./configure
+ diff -u ./configure.backup ./configure
+ mv ./configure.backup ./configure
+ /usr/bin/sed --in-place=.backup 's#^lt_cv_sys_global_symbol_to_cdecl=.*#lt_cv_sys_global_symbol_to_cdecl="sed -n -e '\''s/^T .* \\(.*\\)$/extern int \\1();/p'\'' -e '\''s/^$symcode* .* \\(.*\\)$/extern char \\1;/p'\''"#' ./configure
+ diff -u ./configure.backup ./configure
--- ./configure.backup	2021-12-09 10:59:10.083241507 +0100
+++ ./configure	2021-12-09 10:59:10.096218877 +0100
@@ -5967,7 +5967,7 @@
 # Transform an extracted symbol line into a proper C declaration.
 # Some systems (esp. on ia64) link data and code symbols differently,
 # so use this general approach.
-lt_cv_sys_global_symbol_to_cdecl="sed -n"\
+lt_cv_sys_global_symbol_to_cdecl="sed -n -e 's/^T .* \(.*\)$/extern int \1();/p' -e 's/^$symcode* .* \(.*\)$/extern char \1;/p'"
 $lt_cdecl_hook\
 " -e 's/^T .* \(.*\)$/extern int \1();/p'"\
 " -e 's/^$symcode$symcode* .* \(.*\)$/extern char \1;/p'"
@@ -12801,7 +12801,7 @@
 compiler='`$ECHO "$compiler" | $SED "$delay_single_quote_subst"`'
 GCC='`$ECHO "$GCC" | $SED "$delay_single_quote_subst"`'
 lt_cv_sys_global_symbol_pipe='`$ECHO "$lt_cv_sys_global_symbol_pipe" | $SED "$delay_single_quote_subst"`'
-lt_cv_sys_global_symbol_to_cdecl='`$ECHO "$lt_cv_sys_global_symbol_to_cdecl" | $SED "$delay_single_quote_subst"`'
+lt_cv_sys_global_symbol_to_cdecl="sed -n -e 's/^T .* \(.*\)$/extern int \1();/p' -e 's/^$symcode* .* \(.*\)$/extern char \1;/p'"
 lt_cv_sys_global_symbol_to_import='`$ECHO "$lt_cv_sys_global_symbol_to_import" | $SED "$delay_single_quote_subst"`'
 lt_cv_sys_global_symbol_to_c_name_address='`$ECHO "$lt_cv_sys_global_symbol_to_c_name_address" | $SED "$delay_single_quote_subst"`'
 lt_cv_sys_global_symbol_to_c_name_address_lib_prefix='`$ECHO "$lt_cv_sys_global_symbol_to_c_name_address_lib_prefix" | $SED "$delay_single_quote_subst"`'
+ '[' 1 = 1 ']'
+++ dirname ./configure
++ find . -name config.guess -o -name config.sub
+ for i in $(find $(dirname ./configure) -name config.guess -o -name config.sub)
++ basename ./config.guess
+ '[' -f /usr/lib/rpm/redhat/config.guess ']'
+ /usr/bin/rm -f ./config.guess
++ basename ./config.guess
+ /usr/bin/cp -fv /usr/lib/rpm/redhat/config.guess ./config.guess
'/usr/lib/rpm/redhat/config.guess' -> './config.guess'
+ for i in $(find $(dirname ./configure) -name config.guess -o -name config.sub)
++ basename ./config.sub
+ '[' -f /usr/lib/rpm/redhat/config.sub ']'
+ /usr/bin/rm -f ./config.sub
++ basename ./config.sub
+ /usr/bin/cp -fv /usr/lib/rpm/redhat/config.sub ./config.sub
'/usr/lib/rpm/redhat/config.sub' -> './config.sub'
+ '[' 1 = 1 ']'
+ '[' x '!=' 'x-Wl,-z,now -specs=/usr/lib/rpm/redhat/redhat-hardened-ld' ']'
++ find . -name ltmain.sh
+ for i in $(find . -name ltmain.sh)
+ /usr/bin/sed -i.backup -e 's~compiler_flags=$~compiler_flags="-Wl,-z,now -specs=/usr/lib/rpm/redhat/redhat-hardened-ld"~' ./ltmain.sh
+ ./configure --build=x86_64-redhat-linux-gnu --host=x86_64-redhat-linux-gnu --program-prefix= --disable-dependency-tracking --prefix=/usr --exec-prefix=/usr --bindir=/usr/bin --sbindir=/usr/sbin --sysconfdir=/etc --datadir=/usr/share --includedir=/usr/include --libdir=/usr/lib64 --libexecdir=/usr/libexec --localstatedir=/var --sharedstatedir=/var/lib --mandir=/usr/share/man --infodir=/usr/share/info --enable-static=no
checking for a BSD-compatible install... /usr/bin/install -c
checking whether build environment is sane... yes
checking for a thread-safe mkdir -p... /usr/bin/mkdir -p
checking for gawk... gawk
checking whether make sets $(MAKE)... yes
checking whether make supports nested variables... yes
checking build system type... x86_64-redhat-linux-gnu
checking host system type... x86_64-redhat-linux-gnu
checking how to print strings... printf
checking whether make supports the include directive... yes (GNU style)
checking for x86_64-redhat-linux-gnu-gcc... gcc
checking whether the C compiler works... yes
checking for C compiler default output file name... a.out
checking for suffix of executables... 
checking whether we are cross compiling... no
checking for suffix of object files... o
checking whether we are using the GNU C compiler... yes
checking whether gcc accepts -g... yes
checking for gcc option to accept ISO C89... none needed
checking whether gcc understands -c and -o together... yes
checking dependency style of gcc... none
checking for a sed that does not truncate output... /usr/bin/sed
checking for grep that handles long lines and -e... /usr/bin/grep
checking for egrep... /usr/bin/grep -E
checking for fgrep... /usr/bin/grep -F
checking for ld used by gcc... /usr/bin/ld
checking if the linker (/usr/bin/ld) is GNU ld... yes
checking for BSD- or MS-compatible name lister (nm)... /usr/bin/nm -B
checking the name lister (/usr/bin/nm -B) interface... BSD nm
checking whether ln -s works... yes
checking the maximum length of command line arguments... 1572864
checking how to convert x86_64-redhat-linux-gnu file names to x86_64-redhat-linux-gnu format... func_convert_file_noop
checking how to convert x86_64-redhat-linux-gnu file names to toolchain format... func_convert_file_noop
checking for /usr/bin/ld option to reload object files... -r
checking for x86_64-redhat-linux-gnu-objdump... no
checking for objdump... objdump
checking how to recognize dependent libraries... pass_all
checking for x86_64-redhat-linux-gnu-dlltool... no
checking for dlltool... no
checking how to associate runtime and link libraries... printf %s\n
checking for x86_64-redhat-linux-gnu-ar... no
checking for ar... ar
checking for archiver @FILE support... @
checking for x86_64-redhat-linux-gnu-strip... no
checking for strip... strip
checking for x86_64-redhat-linux-gnu-ranlib... no
checking for ranlib... ranlib
checking command to parse /usr/bin/nm -B output from gcc object... ./configure: line 5973:  -e 's/^T .* \(.*\)$/extern int \1();/p' -e 's/^[ABCDGIRSTW][ABCDGIRSTW]* .* \(.*\)$/extern char \1;/p': No such file or directory
ok
checking for sysroot... no
checking for a working dd... /usr/bin/dd
checking how to truncate binary pipes... /usr/bin/dd bs=4096 count=1
checking for x86_64-redhat-linux-gnu-mt... no
checking for mt... no
checking if : is a manifest tool... no
checking how to run the C preprocessor... gcc -E
checking for ANSI C header files... yes
checking for sys/types.h... yes
checking for sys/stat.h... yes
checking for stdlib.h... yes
checking for string.h... yes
checking for memory.h... yes
checking for strings.h... yes
checking for inttypes.h... yes
checking for stdint.h... yes
checking for unistd.h... yes
checking for dlfcn.h... yes
checking for objdir... .libs
checking if gcc supports -fno-rtti -fno-exceptions... no
checking for gcc option to produce PIC... -fPIC -DPIC
checking if gcc PIC flag -fPIC -DPIC works... yes
checking if gcc static flag -static works... no
checking if gcc supports -c -o file.o... yes
checking if gcc supports -c -o file.o... (cached) yes
checking whether the gcc linker (/usr/bin/ld -m elf_x86_64) supports shared libraries... yes
checking whether -lc should be explicitly linked in... no
checking dynamic linker characteristics... GNU/Linux ld.so
checking how to hardcode library paths into programs... immediate
checking whether stripping libraries is possible... yes
checking if libtool supports shared libraries... yes
checking whether to build shared libraries... yes
checking whether to build static libraries... no
checking whether to build example programs... no
checking for unistd.h... (cached) yes
checking that generated files are newer than configure... done
configure: creating ./config.status
config.status: creating Makefile
config.status: creating minizip.pc
config.status: executing depfiles commands
config.status: executing libtool commands
+ /usr/bin/make -O -j8 V=1 VERBOSE=1
/bin/sh ./libtool  --tag=CC   --mode=compile gcc -DPACKAGE_NAME=\"minizip\" -DPACKAGE_TARNAME=\"minizip\" -DPACKAGE_VERSION=\"1.2.11\" -DPACKAGE_STRING=\"minizip\ 1.2.11\" -DPACKAGE_BUGREPORT=\"bugzilla.redhat.com\" -DPACKAGE_URL=\"\" -DPACKAGE=\"minizip\" -DVERSION=\"1.2.11\" -DSTDC_HEADERS=1 -DHAVE_SYS_TYPES_H=1 -DHAVE_SYS_STAT_H=1 -DHAVE_STDLIB_H=1 -DHAVE_STRING_H=1 -DHAVE_MEMORY_H=1 -DHAVE_STRINGS_H=1 -DHAVE_INTTYPES_H=1 -DHAVE_STDINT_H=1 -DHAVE_UNISTD_H=1 -DHAVE_DLFCN_H=1 -DLT_OBJDIR=\".libs/\" -I.  -I./../..   -O2 -flto=auto -ffat-lto-objects -fexceptions -g -grecord-gcc-switches -pipe -Wall -Werror=format-security -Wp,-D_FORTIFY_SOURCE=2 -Wp,-D_GLIBCXX_ASSERTIONS -specs=/usr/lib/rpm/redhat/redhat-hardened-cc1 -fstack-protector-strong -specs=/usr/lib/rpm/redhat/redhat-annobin-cc1  -m64  -mtune=generic -fasynchronous-unwind-tables -fstack-clash-protection -fcf-protection -c -o ioapi.lo ioapi.c
libtool: compile:  gcc -DPACKAGE_NAME=\"minizip\" -DPACKAGE_TARNAME=\"minizip\" -DPACKAGE_VERSION=\"1.2.11\" "-DPACKAGE_STRING=\"minizip 1.2.11\"" -DPACKAGE_BUGREPORT=\"bugzilla.redhat.com\" -DPACKAGE_URL=\"\" -DPACKAGE=\"minizip\" -DVERSION=\"1.2.11\" -DSTDC_HEADERS=1 -DHAVE_SYS_TYPES_H=1 -DHAVE_SYS_STAT_H=1 -DHAVE_STDLIB_H=1 -DHAVE_STRING_H=1 -DHAVE_MEMORY_H=1 -DHAVE_STRINGS_H=1 -DHAVE_INTTYPES_H=1 -DHAVE_STDINT_H=1 -DHAVE_UNISTD_H=1 -DHAVE_DLFCN_H=1 -DLT_OBJDIR=\".libs/\" -I. -I./../.. -O2 -flto=auto -ffat-lto-objects -fexceptions -g -grecord-gcc-switches -pipe -Wall -Werror=format-security -Wp,-D_FORTIFY_SOURCE=2 -Wp,-D_GLIBCXX_ASSERTIONS -specs=/usr/lib/rpm/redhat/redhat-hardened-cc1 -fstack-protector-strong -specs=/usr/lib/rpm/redhat/redhat-annobin-cc1 -m64 -mtune=generic -fasynchronous-unwind-tables -fstack-clash-protection -fcf-protection -c ioapi.c  -fPIC -DPIC -o .libs/ioapi.o
/bin/sh ./libtool  --tag=CC   --mode=compile gcc -DPACKAGE_NAME=\"minizip\" -DPACKAGE_TARNAME=\"minizip\" -DPACKAGE_VERSION=\"1.2.11\" -DPACKAGE_STRING=\"minizip\ 1.2.11\" -DPACKAGE_BUGREPORT=\"bugzilla.redhat.com\" -DPACKAGE_URL=\"\" -DPACKAGE=\"minizip\" -DVERSION=\"1.2.11\" -DSTDC_HEADERS=1 -DHAVE_SYS_TYPES_H=1 -DHAVE_SYS_STAT_H=1 -DHAVE_STDLIB_H=1 -DHAVE_STRING_H=1 -DHAVE_MEMORY_H=1 -DHAVE_STRINGS_H=1 -DHAVE_INTTYPES_H=1 -DHAVE_STDINT_H=1 -DHAVE_UNISTD_H=1 -DHAVE_DLFCN_H=1 -DLT_OBJDIR=\".libs/\" -I.  -I./../..   -O2 -flto=auto -ffat-lto-objects -fexceptions -g -grecord-gcc-switches -pipe -Wall -Werror=format-security -Wp,-D_FORTIFY_SOURCE=2 -Wp,-D_GLIBCXX_ASSERTIONS -specs=/usr/lib/rpm/redhat/redhat-hardened-cc1 -fstack-protector-strong -specs=/usr/lib/rpm/redhat/redhat-annobin-cc1  -m64  -mtune=generic -fasynchronous-unwind-tables -fstack-clash-protection -fcf-protection -c -o mztools.lo mztools.c
libtool: compile:  gcc -DPACKAGE_NAME=\"minizip\" -DPACKAGE_TARNAME=\"minizip\" -DPACKAGE_VERSION=\"1.2.11\" "-DPACKAGE_STRING=\"minizip 1.2.11\"" -DPACKAGE_BUGREPORT=\"bugzilla.redhat.com\" -DPACKAGE_URL=\"\" -DPACKAGE=\"minizip\" -DVERSION=\"1.2.11\" -DSTDC_HEADERS=1 -DHAVE_SYS_TYPES_H=1 -DHAVE_SYS_STAT_H=1 -DHAVE_STDLIB_H=1 -DHAVE_STRING_H=1 -DHAVE_MEMORY_H=1 -DHAVE_STRINGS_H=1 -DHAVE_INTTYPES_H=1 -DHAVE_STDINT_H=1 -DHAVE_UNISTD_H=1 -DHAVE_DLFCN_H=1 -DLT_OBJDIR=\".libs/\" -I. -I./../.. -O2 -flto=auto -ffat-lto-objects -fexceptions -g -grecord-gcc-switches -pipe -Wall -Werror=format-security -Wp,-D_FORTIFY_SOURCE=2 -Wp,-D_GLIBCXX_ASSERTIONS -specs=/usr/lib/rpm/redhat/redhat-hardened-cc1 -fstack-protector-strong -specs=/usr/lib/rpm/redhat/redhat-annobin-cc1 -m64 -mtune=generic -fasynchronous-unwind-tables -fstack-clash-protection -fcf-protection -c mztools.c  -fPIC -DPIC -o .libs/mztools.o
/bin/sh ./libtool  --tag=CC   --mode=compile gcc -DPACKAGE_NAME=\"minizip\" -DPACKAGE_TARNAME=\"minizip\" -DPACKAGE_VERSION=\"1.2.11\" -DPACKAGE_STRING=\"minizip\ 1.2.11\" -DPACKAGE_BUGREPORT=\"bugzilla.redhat.com\" -DPACKAGE_URL=\"\" -DPACKAGE=\"minizip\" -DVERSION=\"1.2.11\" -DSTDC_HEADERS=1 -DHAVE_SYS_TYPES_H=1 -DHAVE_SYS_STAT_H=1 -DHAVE_STDLIB_H=1 -DHAVE_STRING_H=1 -DHAVE_MEMORY_H=1 -DHAVE_STRINGS_H=1 -DHAVE_INTTYPES_H=1 -DHAVE_STDINT_H=1 -DHAVE_UNISTD_H=1 -DHAVE_DLFCN_H=1 -DLT_OBJDIR=\".libs/\" -I.  -I./../..   -O2 -flto=auto -ffat-lto-objects -fexceptions -g -grecord-gcc-switches -pipe -Wall -Werror=format-security -Wp,-D_FORTIFY_SOURCE=2 -Wp,-D_GLIBCXX_ASSERTIONS -specs=/usr/lib/rpm/redhat/redhat-hardened-cc1 -fstack-protector-strong -specs=/usr/lib/rpm/redhat/redhat-annobin-cc1  -m64  -mtune=generic -fasynchronous-unwind-tables -fstack-clash-protection -fcf-protection -c -o unzip.lo unzip.c
libtool: compile:  gcc -DPACKAGE_NAME=\"minizip\" -DPACKAGE_TARNAME=\"minizip\" -DPACKAGE_VERSION=\"1.2.11\" "-DPACKAGE_STRING=\"minizip 1.2.11\"" -DPACKAGE_BUGREPORT=\"bugzilla.redhat.com\" -DPACKAGE_URL=\"\" -DPACKAGE=\"minizip\" -DVERSION=\"1.2.11\" -DSTDC_HEADERS=1 -DHAVE_SYS_TYPES_H=1 -DHAVE_SYS_STAT_H=1 -DHAVE_STDLIB_H=1 -DHAVE_STRING_H=1 -DHAVE_MEMORY_H=1 -DHAVE_STRINGS_H=1 -DHAVE_INTTYPES_H=1 -DHAVE_STDINT_H=1 -DHAVE_UNISTD_H=1 -DHAVE_DLFCN_H=1 -DLT_OBJDIR=\".libs/\" -I. -I./../.. -O2 -flto=auto -ffat-lto-objects -fexceptions -g -grecord-gcc-switches -pipe -Wall -Werror=format-security -Wp,-D_FORTIFY_SOURCE=2 -Wp,-D_GLIBCXX_ASSERTIONS -specs=/usr/lib/rpm/redhat/redhat-hardened-cc1 -fstack-protector-strong -specs=/usr/lib/rpm/redhat/redhat-annobin-cc1 -m64 -mtune=generic -fasynchronous-unwind-tables -fstack-clash-protection -fcf-protection -c unzip.c  -fPIC -DPIC -o .libs/unzip.o
/bin/sh ./libtool  --tag=CC   --mode=compile gcc -DPACKAGE_NAME=\"minizip\" -DPACKAGE_TARNAME=\"minizip\" -DPACKAGE_VERSION=\"1.2.11\" -DPACKAGE_STRING=\"minizip\ 1.2.11\" -DPACKAGE_BUGREPORT=\"bugzilla.redhat.com\" -DPACKAGE_URL=\"\" -DPACKAGE=\"minizip\" -DVERSION=\"1.2.11\" -DSTDC_HEADERS=1 -DHAVE_SYS_TYPES_H=1 -DHAVE_SYS_STAT_H=1 -DHAVE_STDLIB_H=1 -DHAVE_STRING_H=1 -DHAVE_MEMORY_H=1 -DHAVE_STRINGS_H=1 -DHAVE_INTTYPES_H=1 -DHAVE_STDINT_H=1 -DHAVE_UNISTD_H=1 -DHAVE_DLFCN_H=1 -DLT_OBJDIR=\".libs/\" -I.  -I./../..   -O2 -flto=auto -ffat-lto-objects -fexceptions -g -grecord-gcc-switches -pipe -Wall -Werror=format-security -Wp,-D_FORTIFY_SOURCE=2 -Wp,-D_GLIBCXX_ASSERTIONS -specs=/usr/lib/rpm/redhat/redhat-hardened-cc1 -fstack-protector-strong -specs=/usr/lib/rpm/redhat/redhat-annobin-cc1  -m64  -mtune=generic -fasynchronous-unwind-tables -fstack-clash-protection -fcf-protection -c -o zip.lo zip.c
libtool: compile:  gcc -DPACKAGE_NAME=\"minizip\" -DPACKAGE_TARNAME=\"minizip\" -DPACKAGE_VERSION=\"1.2.11\" "-DPACKAGE_STRING=\"minizip 1.2.11\"" -DPACKAGE_BUGREPORT=\"bugzilla.redhat.com\" -DPACKAGE_URL=\"\" -DPACKAGE=\"minizip\" -DVERSION=\"1.2.11\" -DSTDC_HEADERS=1 -DHAVE_SYS_TYPES_H=1 -DHAVE_SYS_STAT_H=1 -DHAVE_STDLIB_H=1 -DHAVE_STRING_H=1 -DHAVE_MEMORY_H=1 -DHAVE_STRINGS_H=1 -DHAVE_INTTYPES_H=1 -DHAVE_STDINT_H=1 -DHAVE_UNISTD_H=1 -DHAVE_DLFCN_H=1 -DLT_OBJDIR=\".libs/\" -I. -I./../.. -O2 -flto=auto -ffat-lto-objects -fexceptions -g -grecord-gcc-switches -pipe -Wall -Werror=format-security -Wp,-D_FORTIFY_SOURCE=2 -Wp,-D_GLIBCXX_ASSERTIONS -specs=/usr/lib/rpm/redhat/redhat-hardened-cc1 -fstack-protector-strong -specs=/usr/lib/rpm/redhat/redhat-annobin-cc1 -m64 -mtune=generic -fasynchronous-unwind-tables -fstack-clash-protection -fcf-protection -c zip.c  -fPIC -DPIC -o .libs/zip.o
/builddir/build/BUILD/zlib-1.2.11/contrib/minizip/zip.c: In function 'zip64local_SearchCentralDir': <--[gcc]
/builddir/build/BUILD/zlib-1.2.11/contrib/minizip/zip.c:521:5: warning: this 'for' clause does not guard... [-Wmisleading-indentation] <--[gcc]
  521 |     for (i=(int)uReadSize-3; (i--)>0;)
      |     ^~~
/builddir/build/BUILD/zlib-1.2.11/contrib/minizip/zip.c:529:7: note: ...this statement, but the latter is misleadingly indented as if it were guarded by the 'for' <--[gcc]
  529 |       if (uPosFound!=0)
      |       ^~
/bin/sh ./libtool  --tag=CC   --mode=link gcc  -O2 -flto=auto -ffat-lto-objects -fexceptions -g -grecord-gcc-switches -pipe -Wall -Werror=format-security -Wp,-D_FORTIFY_SOURCE=2 -Wp,-D_GLIBCXX_ASSERTIONS -specs=/usr/lib/rpm/redhat/redhat-hardened-cc1 -fstack-protector-strong -specs=/usr/lib/rpm/redhat/redhat-annobin-cc1  -m64  -mtune=generic -fasynchronous-unwind-tables -fstack-clash-protection -fcf-protection -L./../.. -version-info 1:0:0 -lz -Wl,-z,relro -Wl,-z,now -o libminizip.la -rpath /usr/lib64 ioapi.lo mztools.lo unzip.lo zip.lo   
libtool: link: gcc -shared  -fPIC -DPIC  .libs/ioapi.o .libs/mztools.o .libs/unzip.o .libs/zip.o   -L./../.. -lz -Wl,-z,now -specs=/usr/lib/rpm/redhat/redhat-hardened-ld -O2 -flto=auto -g -grecord-gcc-switches -specs=/usr/lib/rpm/redhat/redhat-hardened-cc1 -fstack-protector-strong -specs=/usr/lib/rpm/redhat/redhat-annobin-cc1 -m64 -mtune=generic -Wl,-z -Wl,relro -Wl,-z -Wl,now   -Wl,-soname -Wl,libminizip.so.1 -o .libs/libminizip.so.1.0.0
libtool: link: (cd ".libs" && rm -f "libminizip.so.1" && ln -s "libminizip.so.1.0.0" "libminizip.so.1")
libtool: link: (cd ".libs" && rm -f "libminizip.so" && ln -s "libminizip.so.1.0.0" "libminizip.so")
libtool: link: ( cd ".libs" && rm -f "libminizip.la" && ln -s "../libminizip.la" "libminizip.la" )
+ RPM_EC=0
++ jobs -p
+ exit 0
Finish: chroot ['/bin/su mockbuild -l -c "PATH=/usr/lib64/cswrap:\\$PATH CSWRAP_CAP_FILE=\\$\'/builddir/cswrap-capture.err\' CSWRAP_TIMEOUT=\\$\'30\' CSWRAP_TIMEOUT_FOR=\\$\':\' CSWRAP_ADD_CFLAGS=\\$\'-Wno-unknown-pragmas:-Wl,--dynamic-linker,/usr/bin/csexec-loader\' CSWRAP_DEL_CFLAGS=\\$\'-Werror*:-fdiagnostics-color*:-no-canonical-prefixes:-Wno-error=deprecated-register\' CSWRAP_ADD_CXXFLAGS=\\$\'-Wl,--dynamic-linker,/usr/bin/csexec-loader\' CSWRAP_DEL_CXXFLAGS=\\$\'-Werror*:-fdiagnostics-color*:-no-canonical-prefixes:-Wno-error=deprecated-register\' sh -c \\"rpmbuild -bc --nodeps --short-circuit /builddir/build/SPECS/zlib.spec \'--define\' \'apidocs 0\' \'--define\' \'with_publican 0\' \'--without\' \'docs\' \'--without\' \'langpacks\'\\""']

>>> 2021-12-09 10:59:14	"/usr/bin/mock-unbuffered" "-r" "fedora-35-x86_64" "--plugin-option=tmpfs:keep_mounted=True" "--config-opts=print_main_output=True" "--chroot" "/bin/su mockbuild -l -c \"PATH=/usr/lib64/cswrap:\\\$PATH CSWRAP_CAP_FILE=\\\$'/builddir/cswrap-capture.err' CSWRAP_TIMEOUT=\\\$'30' CSWRAP_TIMEOUT_FOR=\\\$':' CSWRAP_ADD_CFLAGS=\\\$'-Wno-unknown-pragmas:-Wl,--dynamic-linker,/usr/bin/csexec-loader' CSWRAP_DEL_CFLAGS=\\\$'-Werror*:-fdiagnostics-color*:-no-canonical-prefixes:-Wno-error=deprecated-register' CSWRAP_ADD_CXXFLAGS=\\\$'-Wl,--dynamic-linker,/usr/bin/csexec-loader' CSWRAP_DEL_CXXFLAGS=\\\$'-Werror*:-fdiagnostics-color*:-no-canonical-prefixes:-Wno-error=deprecated-register' CSEXEC_WRAP_CMD=\\\$'/usr/bin/timeout\\\\a--signal=KILL\\\\a30\\\\a/usr/bin/valgrind\\\\a--xml=yes\\\\a--xml-file=/builddir/valgrind-capture/pid-%p-%n.xml\\\\a--log-file=/builddir/valgrind-capture/pid-%p-%n.log\\\\a--child-silent-after-fork=yes' sh -c \\\"rpmbuild -bi --nodeps --short-circuit /builddir/build/SPECS/zlib.spec '--define' 'apidocs 0' '--define' 'with_publican 0' '--without' 'docs' '--without' 'langpacks'\\\"\""
INFO: mock.py version 2.13 starting (python version = 3.9.7, NVR = mock-2.13-1.kdudka.1.fc34)...
Start(bootstrap): init plugins
INFO: selinux enabled
Finish(bootstrap): init plugins
Start: init plugins
INFO: selinux enabled
Finish: init plugins
INFO: Signal handler active
Start: run
Start(bootstrap): chroot init
INFO: calling preinit hooks
INFO: enabled root cache
INFO: enabled package manager cache
Start(bootstrap): cleaning package manager metadata
Finish(bootstrap): cleaning package manager metadata
INFO: enabled HW Info plugin
Mock Version: 2.13
INFO: Mock Version: 2.13
Finish(bootstrap): chroot init
Start: chroot init
INFO: calling preinit hooks
INFO: enabled root cache
INFO: enabled package manager cache
Start: cleaning package manager metadata
Finish: cleaning package manager metadata
INFO: enabled HW Info plugin
Mock Version: 2.13
INFO: Mock Version: 2.13
Finish: chroot init
INFO: Running in chroot: ['/bin/su mockbuild -l -c "PATH=/usr/lib64/cswrap:\\$PATH CSWRAP_CAP_FILE=\\$\'/builddir/cswrap-capture.err\' CSWRAP_TIMEOUT=\\$\'30\' CSWRAP_TIMEOUT_FOR=\\$\':\' CSWRAP_ADD_CFLAGS=\\$\'-Wno-unknown-pragmas:-Wl,--dynamic-linker,/usr/bin/csexec-loader\' CSWRAP_DEL_CFLAGS=\\$\'-Werror*:-fdiagnostics-color*:-no-canonical-prefixes:-Wno-error=deprecated-register\' CSWRAP_ADD_CXXFLAGS=\\$\'-Wl,--dynamic-linker,/usr/bin/csexec-loader\' CSWRAP_DEL_CXXFLAGS=\\$\'-Werror*:-fdiagnostics-color*:-no-canonical-prefixes:-Wno-error=deprecated-register\' CSEXEC_WRAP_CMD=\\$\'/usr/bin/timeout\\\\a--signal=KILL\\\\a30\\\\a/usr/bin/valgrind\\\\a--xml=yes\\\\a--xml-file=/builddir/valgrind-capture/pid-%p-%n.xml\\\\a--log-file=/builddir/valgrind-capture/pid-%p-%n.log\\\\a--child-silent-after-fork=yes\' sh -c \\"rpmbuild -bi --nodeps --short-circuit /builddir/build/SPECS/zlib.spec \'--define\' \'apidocs 0\' \'--define\' \'with_publican 0\' \'--without\' \'docs\' \'--without\' \'langpacks\'\\""']
Start: chroot ['/bin/su mockbuild -l -c "PATH=/usr/lib64/cswrap:\\$PATH CSWRAP_CAP_FILE=\\$\'/builddir/cswrap-capture.err\' CSWRAP_TIMEOUT=\\$\'30\' CSWRAP_TIMEOUT_FOR=\\$\':\' CSWRAP_ADD_CFLAGS=\\$\'-Wno-unknown-pragmas:-Wl,--dynamic-linker,/usr/bin/csexec-loader\' CSWRAP_DEL_CFLAGS=\\$\'-Werror*:-fdiagnostics-color*:-no-canonical-prefixes:-Wno-error=deprecated-register\' CSWRAP_ADD_CXXFLAGS=\\$\'-Wl,--dynamic-linker,/usr/bin/csexec-loader\' CSWRAP_DEL_CXXFLAGS=\\$\'-Werror*:-fdiagnostics-color*:-no-canonical-prefixes:-Wno-error=deprecated-register\' CSEXEC_WRAP_CMD=\\$\'/usr/bin/timeout\\\\a--signal=KILL\\\\a30\\\\a/usr/bin/valgrind\\\\a--xml=yes\\\\a--xml-file=/builddir/valgrind-capture/pid-%p-%n.xml\\\\a--log-file=/builddir/valgrind-capture/pid-%p-%n.log\\\\a--child-silent-after-fork=yes\' sh -c \\"rpmbuild -bi --nodeps --short-circuit /builddir/build/SPECS/zlib.spec \'--define\' \'apidocs 0\' \'--define\' \'with_publican 0\' \'--without\' \'docs\' \'--without\' \'langpacks\'\\""']
setting SOURCE_DATE_EPOCH=1627516800
Executing(%install): /bin/sh -e /var/tmp/rpm-tmp.0GiArC
+ umask 022
+ cd /builddir/build/BUILD
+ '[' /builddir/build/BUILDROOT/zlib-1.2.11-30.simplified.1.fc35.x86_64 '!=' / ']'
+ rm -rf /builddir/build/BUILDROOT/zlib-1.2.11-30.simplified.1.fc35.x86_64
++ dirname /builddir/build/BUILDROOT/zlib-1.2.11-30.simplified.1.fc35.x86_64
+ mkdir -p /builddir/build/BUILDROOT
+ mkdir /builddir/build/BUILDROOT/zlib-1.2.11-30.simplified.1.fc35.x86_64
+ cd zlib-1.2.11
+ /usr/bin/make install DESTDIR=/builddir/build/BUILDROOT/zlib-1.2.11-30.simplified.1.fc35.x86_64 'INSTALL=/usr/bin/install -p'
rm -f /builddir/build/BUILDROOT/zlib-1.2.11-30.simplified.1.fc35.x86_64/usr/lib64/libz.a
cp libz.a /builddir/build/BUILDROOT/zlib-1.2.11-30.simplified.1.fc35.x86_64/usr/lib64
chmod 644 /builddir/build/BUILDROOT/zlib-1.2.11-30.simplified.1.fc35.x86_64/usr/lib64/libz.a
cp libz.so.1.2.11 /builddir/build/BUILDROOT/zlib-1.2.11-30.simplified.1.fc35.x86_64/usr/lib64
chmod 755 /builddir/build/BUILDROOT/zlib-1.2.11-30.simplified.1.fc35.x86_64/usr/lib64/libz.so.1.2.11
rm -f /builddir/build/BUILDROOT/zlib-1.2.11-30.simplified.1.fc35.x86_64/usr/share/man/man3/zlib.3
cp zlib.3 /builddir/build/BUILDROOT/zlib-1.2.11-30.simplified.1.fc35.x86_64/usr/share/man/man3
chmod 644 /builddir/build/BUILDROOT/zlib-1.2.11-30.simplified.1.fc35.x86_64/usr/share/man/man3/zlib.3
rm -f /builddir/build/BUILDROOT/zlib-1.2.11-30.simplified.1.fc35.x86_64/usr/lib64/pkgconfig/zlib.pc
cp zlib.pc /builddir/build/BUILDROOT/zlib-1.2.11-30.simplified.1.fc35.x86_64/usr/lib64/pkgconfig
chmod 644 /builddir/build/BUILDROOT/zlib-1.2.11-30.simplified.1.fc35.x86_64/usr/lib64/pkgconfig/zlib.pc
rm -f /builddir/build/BUILDROOT/zlib-1.2.11-30.simplified.1.fc35.x86_64/usr/include/zlib.h /builddir/build/BUILDROOT/zlib-1.2.11-30.simplified.1.fc35.x86_64/usr/include/zconf.h
cp zlib.h zconf.h /builddir/build/BUILDROOT/zlib-1.2.11-30.simplified.1.fc35.x86_64/usr/include
chmod 644 /builddir/build/BUILDROOT/zlib-1.2.11-30.simplified.1.fc35.x86_64/usr/include/zlib.h /builddir/build/BUILDROOT/zlib-1.2.11-30.simplified.1.fc35.x86_64/usr/include/zconf.h
+ /usr/bin/make install DESTDIR=/builddir/build/BUILDROOT/zlib-1.2.11-30.simplified.1.fc35.x86_64 'INSTALL=/usr/bin/install -p' -C contrib/minizip
make.orig: Entering directory '/builddir/build/BUILD/zlib-1.2.11/contrib/minizip'
make.orig[1]: Entering directory '/builddir/build/BUILD/zlib-1.2.11/contrib/minizip'
 /usr/bin/mkdir -p '/builddir/build/BUILDROOT/zlib-1.2.11-30.simplified.1.fc35.x86_64/usr/lib64'
 /bin/sh ./libtool   --mode=install /usr/bin/install -p   libminizip.la '/builddir/build/BUILDROOT/zlib-1.2.11-30.simplified.1.fc35.x86_64/usr/lib64'
libtool: install: /usr/bin/install -p .libs/libminizip.so.1.0.0 /builddir/build/BUILDROOT/zlib-1.2.11-30.simplified.1.fc35.x86_64/usr/lib64/libminizip.so.1.0.0
libtool: install: (cd /builddir/build/BUILDROOT/zlib-1.2.11-30.simplified.1.fc35.x86_64/usr/lib64 && { ln -s -f libminizip.so.1.0.0 libminizip.so.1 || { rm -f libminizip.so.1 && ln -s libminizip.so.1.0.0 libminizip.so.1; }; })
libtool: install: (cd /builddir/build/BUILDROOT/zlib-1.2.11-30.simplified.1.fc35.x86_64/usr/lib64 && { ln -s -f libminizip.so.1.0.0 libminizip.so || { rm -f libminizip.so && ln -s libminizip.so.1.0.0 libminizip.so; }; })
libtool: install: /usr/bin/install -p .libs/libminizip.lai /builddir/build/BUILDROOT/zlib-1.2.11-30.simplified.1.fc35.x86_64/usr/lib64/libminizip.la
libtool: warning: remember to run 'libtool --finish /usr/lib64'
 /usr/bin/mkdir -p '/builddir/build/BUILDROOT/zlib-1.2.11-30.simplified.1.fc35.x86_64/usr/include/minizip'
 /usr/bin/install -p -m 644 crypt.h ioapi.h mztools.h unzip.h zip.h '/builddir/build/BUILDROOT/zlib-1.2.11-30.simplified.1.fc35.x86_64/usr/include/minizip'
 /usr/bin/mkdir -p '/builddir/build/BUILDROOT/zlib-1.2.11-30.simplified.1.fc35.x86_64/usr/lib64/pkgconfig'
 /usr/bin/install -p -m 644 minizip.pc '/builddir/build/BUILDROOT/zlib-1.2.11-30.simplified.1.fc35.x86_64/usr/lib64/pkgconfig'
make.orig[1]: Leaving directory '/builddir/build/BUILD/zlib-1.2.11/contrib/minizip'
make.orig: Leaving directory '/builddir/build/BUILD/zlib-1.2.11/contrib/minizip'
+ rm /builddir/build/BUILDROOT/zlib-1.2.11-30.simplified.1.fc35.x86_64/usr/include/minizip/crypt.h
+ find /builddir/build/BUILDROOT/zlib-1.2.11-30.simplified.1.fc35.x86_64 -name '*.la' -delete
+ /usr/bin/find-debuginfo -j8 --strict-build-id -m -i --build-id-seed 1.2.11-30.simplified.1.fc35 --unique-debug-suffix -1.2.11-30.simplified.1.fc35.x86_64 --unique-debug-src-base zlib-1.2.11-30.simplified.1.fc35.x86_64 --run-dwz --dwz-low-mem-die-limit 10000000 --dwz-max-die-limit 110000000 -S debugsourcefiles.list /builddir/build/BUILD/zlib-1.2.11
extracting debug info from /builddir/build/BUILDROOT/zlib-1.2.11-30.simplified.1.fc35.x86_64/usr/lib64/libminizip.so.1.0.0
extracting debug info from /builddir/build/BUILDROOT/zlib-1.2.11-30.simplified.1.fc35.x86_64/usr/lib64/libz.so.1.2.11
original debug info size: 396kB, size after compression: 376kB
/usr/bin/sepdebugcrcfix: Updated 2 CRC32s, 0 CRC32s did match.
1381 blocks
+ /usr/lib/rpm/check-buildroot
+ /usr/lib/rpm/redhat/brp-ldconfig
+ /usr/lib/rpm/brp-compress
+ /usr/lib/rpm/redhat/brp-strip-lto /usr/bin/strip
/usr/bin/strip: /builddir/build/BUILDROOT/zlib-1.2.11-30.simplified.1.fc35.x86_64/usr/lib64/stUo5KKl/adler32.o: cannot set time: Invalid argument
/usr/bin/strip: /builddir/build/BUILDROOT/zlib-1.2.11-30.simplified.1.fc35.x86_64/usr/lib64/stUo5KKl/crc32.o: cannot set time: Invalid argument
/usr/bin/strip: /builddir/build/BUILDROOT/zlib-1.2.11-30.simplified.1.fc35.x86_64/usr/lib64/stUo5KKl/deflate.o: cannot set time: Invalid argument
/usr/bin/strip: /builddir/build/BUILDROOT/zlib-1.2.11-30.simplified.1.fc35.x86_64/usr/lib64/stUo5KKl/infback.o: cannot set time: Invalid argument
/usr/bin/strip: /builddir/build/BUILDROOT/zlib-1.2.11-30.simplified.1.fc35.x86_64/usr/lib64/stUo5KKl/inffast.o: cannot set time: Invalid argument
/usr/bin/strip: /builddir/build/BUILDROOT/zlib-1.2.11-30.simplified.1.fc35.x86_64/usr/lib64/stUo5KKl/inflate.o: cannot set time: Invalid argument
/usr/bin/strip: /builddir/build/BUILDROOT/zlib-1.2.11-30.simplified.1.fc35.x86_64/usr/lib64/stUo5KKl/inftrees.o: cannot set time: Invalid argument
/usr/bin/strip: /builddir/build/BUILDROOT/zlib-1.2.11-30.simplified.1.fc35.x86_64/usr/lib64/stUo5KKl/trees.o: cannot set time: Invalid argument
/usr/bin/strip: /builddir/build/BUILDROOT/zlib-1.2.11-30.simplified.1.fc35.x86_64/usr/lib64/stUo5KKl/zutil.o: cannot set time: Invalid argument
/usr/bin/strip: /builddir/build/BUILDROOT/zlib-1.2.11-30.simplified.1.fc35.x86_64/usr/lib64/stUo5KKl/compress.o: cannot set time: Invalid argument
/usr/bin/strip: /builddir/build/BUILDROOT/zlib-1.2.11-30.simplified.1.fc35.x86_64/usr/lib64/stUo5KKl/uncompr.o: cannot set time: Invalid argument
/usr/bin/strip: /builddir/build/BUILDROOT/zlib-1.2.11-30.simplified.1.fc35.x86_64/usr/lib64/stUo5KKl/gzclose.o: cannot set time: Invalid argument
/usr/bin/strip: /builddir/build/BUILDROOT/zlib-1.2.11-30.simplified.1.fc35.x86_64/usr/lib64/stUo5KKl/gzlib.o: cannot set time: Invalid argument
/usr/bin/strip: /builddir/build/BUILDROOT/zlib-1.2.11-30.simplified.1.fc35.x86_64/usr/lib64/stUo5KKl/gzread.o: cannot set time: Invalid argument
/usr/bin/strip: /builddir/build/BUILDROOT/zlib-1.2.11-30.simplified.1.fc35.x86_64/usr/lib64/stUo5KKl/gzwrite.o: cannot set time: Invalid argument
+ /usr/lib/rpm/brp-strip-static-archive /usr/bin/strip
+ /usr/lib/rpm/check-rpaths
+ /usr/lib/rpm/redhat/brp-mangle-shebangs
+ /usr/lib/rpm/redhat/brp-python-bytecompile '' 1 0
+ /usr/lib/rpm/redhat/brp-python-hardlink
Executing(%check): /bin/sh -e /var/tmp/rpm-tmp.1RASKv
+ umask 022
+ cd /builddir/build/BUILD
+ cd zlib-1.2.11
+ make test
hello world
zlib version 1.2.11 = 0x12b0, compile flags = 0xa9
uncompress(): hello, hello!
gzread(): hello, hello!
gzgets() after gzseek:  hello!
inflate(): hello, hello!
large_inflate(): OK
after inflateSync(): hello, hello!
inflate with dictionary: hello, hello!
		*** zlib test OK ***
hello world
zlib version 1.2.11 = 0x12b0, compile flags = 0xa9
uncompress(): hello, hello!
gzread(): hello, hello!
gzgets() after gzseek:  hello!
inflate(): hello, hello!
large_inflate(): OK
after inflateSync(): hello, hello!
inflate with dictionary: hello, hello!
		*** zlib shared test OK ***
hello world
zlib version 1.2.11 = 0x12b0, compile flags = 0xa9
uncompress(): hello, hello!
gzread(): hello, hello!
gzgets() after gzseek:  hello!
inflate(): hello, hello!
large_inflate(): OK
after inflateSync(): hello, hello!
inflate with dictionary: hello, hello!
		*** zlib 64-bit test OK ***
+ RPM_EC=0
++ jobs -p
+ exit 0
Processing files: zlib-1.2.11-30.simplified.1.fc35.x86_64
Executing(%doc): /bin/sh -e /var/tmp/rpm-tmp.yN5VGg
+ umask 022
+ cd /builddir/build/BUILD
+ cd zlib-1.2.11
+ DOCDIR=/builddir/build/BUILDROOT/zlib-1.2.11-30.simplified.1.fc35.x86_64/usr/share/doc/zlib
+ export LC_ALL=C
+ LC_ALL=C
+ export DOCDIR
+ /usr/bin/mkdir -p /builddir/build/BUILDROOT/zlib-1.2.11-30.simplified.1.fc35.x86_64/usr/share/doc/zlib
+ cp -pr ChangeLog /builddir/build/BUILDROOT/zlib-1.2.11-30.simplified.1.fc35.x86_64/usr/share/doc/zlib
+ cp -pr FAQ /builddir/build/BUILDROOT/zlib-1.2.11-30.simplified.1.fc35.x86_64/usr/share/doc/zlib
+ RPM_EC=0
++ jobs -p
+ exit 0
Executing(%license): /bin/sh -e /var/tmp/rpm-tmp.5bltbZ
+ umask 022
+ cd /builddir/build/BUILD
+ cd zlib-1.2.11
+ LICENSEDIR=/builddir/build/BUILDROOT/zlib-1.2.11-30.simplified.1.fc35.x86_64/usr/share/licenses/zlib
+ export LC_ALL=C
+ LC_ALL=C
+ export LICENSEDIR
+ /usr/bin/mkdir -p /builddir/build/BUILDROOT/zlib-1.2.11-30.simplified.1.fc35.x86_64/usr/share/licenses/zlib
+ cp -pr README /builddir/build/BUILDROOT/zlib-1.2.11-30.simplified.1.fc35.x86_64/usr/share/licenses/zlib
+ RPM_EC=0
++ jobs -p
+ exit 0
Provides: libz.so.1()(64bit) libz.so.1(ZLIB_1.2.0)(64bit) libz.so.1(ZLIB_1.2.0.2)(64bit) libz.so.1(ZLIB_1.2.0.8)(64bit) libz.so.1(ZLIB_1.2.2)(64bit) libz.so.1(ZLIB_1.2.2.3)(64bit) libz.so.1(ZLIB_1.2.2.4)(64bit) libz.so.1(ZLIB_1.2.3.3)(64bit) libz.so.1(ZLIB_1.2.3.4)(64bit) libz.so.1(ZLIB_1.2.3.5)(64bit) libz.so.1(ZLIB_1.2.5.1)(64bit) libz.so.1(ZLIB_1.2.5.2)(64bit) libz.so.1(ZLIB_1.2.7.1)(64bit) libz.so.1(ZLIB_1.2.9)(64bit) zlib = 1.2.11-30.simplified.1.fc35 zlib(x86-64) = 1.2.11-30.simplified.1.fc35
Requires(rpmlib): rpmlib(CompressedFileNames) <= 3.0.4-1 rpmlib(FileDigests) <= 4.6.0-1 rpmlib(PayloadFilesHavePrefix) <= 4.0-1
Requires: libc.so.6()(64bit) libc.so.6(GLIBC_2.14)(64bit) libc.so.6(GLIBC_2.2.5)(64bit) libc.so.6(GLIBC_2.3.4)(64bit) libc.so.6(GLIBC_2.4)(64bit) rtld(GNU_HASH)
Processing files: zlib-devel-1.2.11-30.simplified.1.fc35.x86_64
Executing(%doc): /bin/sh -e /var/tmp/rpm-tmp.mBJ7iJ
+ umask 022
+ cd /builddir/build/BUILD
+ cd zlib-1.2.11
+ DOCDIR=/builddir/build/BUILDROOT/zlib-1.2.11-30.simplified.1.fc35.x86_64/usr/share/doc/zlib-devel
+ export LC_ALL=C
+ LC_ALL=C
+ export DOCDIR
+ /usr/bin/mkdir -p /builddir/build/BUILDROOT/zlib-1.2.11-30.simplified.1.fc35.x86_64/usr/share/doc/zlib-devel
+ cp -pr doc/algorithm.txt /builddir/build/BUILDROOT/zlib-1.2.11-30.simplified.1.fc35.x86_64/usr/share/doc/zlib-devel
+ cp -pr test/example.c /builddir/build/BUILDROOT/zlib-1.2.11-30.simplified.1.fc35.x86_64/usr/share/doc/zlib-devel
+ RPM_EC=0
++ jobs -p
+ exit 0
Provides: pkgconfig(zlib) = 1.2.11 zlib-devel = 1.2.11-30.simplified.1.fc35 zlib-devel(x86-64) = 1.2.11-30.simplified.1.fc35
Requires(rpmlib): rpmlib(CompressedFileNames) <= 3.0.4-1 rpmlib(FileDigests) <= 4.6.0-1 rpmlib(PayloadFilesHavePrefix) <= 4.0-1
Requires: /usr/bin/pkg-config libz.so.1()(64bit)
Processing files: zlib-static-1.2.11-30.simplified.1.fc35.x86_64
Executing(%license): /bin/sh -e /var/tmp/rpm-tmp.UXWVWC
+ umask 022
+ cd /builddir/build/BUILD
+ cd zlib-1.2.11
+ LICENSEDIR=/builddir/build/BUILDROOT/zlib-1.2.11-30.simplified.1.fc35.x86_64/usr/share/licenses/zlib-static
+ export LC_ALL=C
+ LC_ALL=C
+ export LICENSEDIR
+ /usr/bin/mkdir -p /builddir/build/BUILDROOT/zlib-1.2.11-30.simplified.1.fc35.x86_64/usr/share/licenses/zlib-static
+ cp -pr README /builddir/build/BUILDROOT/zlib-1.2.11-30.simplified.1.fc35.x86_64/usr/share/licenses/zlib-static
+ RPM_EC=0
++ jobs -p
+ exit 0
Provides: zlib-static = 1.2.11-30.simplified.1.fc35 zlib-static(x86-64) = 1.2.11-30.simplified.1.fc35
Requires(rpmlib): rpmlib(CompressedFileNames) <= 3.0.4-1 rpmlib(FileDigests) <= 4.6.0-1 rpmlib(PayloadFilesHavePrefix) <= 4.0-1
Processing files: minizip-compat-1.2.11-30.simplified.1.fc35.x86_64
Executing(%doc): /bin/sh -e /var/tmp/rpm-tmp.OTx7qf
+ umask 022
+ cd /builddir/build/BUILD
+ cd zlib-1.2.11
+ DOCDIR=/builddir/build/BUILDROOT/zlib-1.2.11-30.simplified.1.fc35.x86_64/usr/share/doc/minizip-compat
+ export LC_ALL=C
+ LC_ALL=C
+ export DOCDIR
+ /usr/bin/mkdir -p /builddir/build/BUILDROOT/zlib-1.2.11-30.simplified.1.fc35.x86_64/usr/share/doc/minizip-compat
+ cp -pr contrib/minizip/MiniZip64_info.txt /builddir/build/BUILDROOT/zlib-1.2.11-30.simplified.1.fc35.x86_64/usr/share/doc/minizip-compat
+ cp -pr contrib/minizip/MiniZip64_Changes.txt /builddir/build/BUILDROOT/zlib-1.2.11-30.simplified.1.fc35.x86_64/usr/share/doc/minizip-compat
+ RPM_EC=0
++ jobs -p
+ exit 0
Provides: libminizip.so.1()(64bit) minizip-compat = 1.2.11-30.simplified.1.fc35 minizip-compat(x86-64) = 1.2.11-30.simplified.1.fc35
Requires(rpmlib): rpmlib(CompressedFileNames) <= 3.0.4-1 rpmlib(FileDigests) <= 4.6.0-1 rpmlib(PayloadFilesHavePrefix) <= 4.0-1
Requires: libc.so.6()(64bit) libc.so.6(GLIBC_2.14)(64bit) libc.so.6(GLIBC_2.2.5)(64bit) libc.so.6(GLIBC_2.4)(64bit) libc.so.6(GLIBC_2.7)(64bit) libz.so.1()(64bit) rtld(GNU_HASH)
Processing files: minizip-compat-devel-1.2.11-30.simplified.1.fc35.x86_64
Provides: minizip-compat-devel = 1.2.11-30.simplified.1.fc35 minizip-compat-devel(x86-64) = 1.2.11-30.simplified.1.fc35
Requires(rpmlib): rpmlib(CompressedFileNames) <= 3.0.4-1 rpmlib(FileDigests) <= 4.6.0-1 rpmlib(PayloadFilesHavePrefix) <= 4.0-1
Requires: /usr/bin/pkg-config libminizip.so.1()(64bit)
Conflicts: minizip-devel
Processing files: zlib-debugsource-1.2.11-30.simplified.1.fc35.x86_64
Provides: zlib-debugsource = 1.2.11-30.simplified.1.fc35 zlib-debugsource(x86-64) = 1.2.11-30.simplified.1.fc35
Requires(rpmlib): rpmlib(CompressedFileNames) <= 3.0.4-1 rpmlib(FileDigests) <= 4.6.0-1 rpmlib(PayloadFilesHavePrefix) <= 4.0-1
Processing files: zlib-debuginfo-1.2.11-30.simplified.1.fc35.x86_64
Provides: debuginfo(build-id) = 1e2a583f9f318b7034a94779883affbf97f62e06 libz.so.1.2.11-1.2.11-30.simplified.1.fc35.x86_64.debug()(64bit) zlib-debuginfo = 1.2.11-30.simplified.1.fc35 zlib-debuginfo(x86-64) = 1.2.11-30.simplified.1.fc35
Requires(rpmlib): rpmlib(CompressedFileNames) <= 3.0.4-1 rpmlib(FileDigests) <= 4.6.0-1 rpmlib(PayloadFilesHavePrefix) <= 4.0-1
Recommends: zlib-debugsource(x86-64) = 1.2.11-30.simplified.1.fc35
Processing files: minizip-compat-debuginfo-1.2.11-30.simplified.1.fc35.x86_64
Provides: debuginfo(build-id) = 1558ce992048389cead19399dea8c29058374b78 libminizip.so.1.0.0-1.2.11-30.simplified.1.fc35.x86_64.debug()(64bit) minizip-compat-debuginfo = 1.2.11-30.simplified.1.fc35 minizip-compat-debuginfo(x86-64) = 1.2.11-30.simplified.1.fc35
Requires(rpmlib): rpmlib(CompressedFileNames) <= 3.0.4-1 rpmlib(FileDigests) <= 4.6.0-1 rpmlib(PayloadFilesHavePrefix) <= 4.0-1
Recommends: zlib-debugsource(x86-64) = 1.2.11-30.simplified.1.fc35
Checking for unpackaged file(s): /usr/lib/rpm/check-files /builddir/build/BUILDROOT/zlib-1.2.11-30.simplified.1.fc35.x86_64
Finish: chroot ['/bin/su mockbuild -l -c "PATH=/usr/lib64/cswrap:\\$PATH CSWRAP_CAP_FILE=\\$\'/builddir/cswrap-capture.err\' CSWRAP_TIMEOUT=\\$\'30\' CSWRAP_TIMEOUT_FOR=\\$\':\' CSWRAP_ADD_CFLAGS=\\$\'-Wno-unknown-pragmas:-Wl,--dynamic-linker,/usr/bin/csexec-loader\' CSWRAP_DEL_CFLAGS=\\$\'-Werror*:-fdiagnostics-color*:-no-canonical-prefixes:-Wno-error=deprecated-register\' CSWRAP_ADD_CXXFLAGS=\\$\'-Wl,--dynamic-linker,/usr/bin/csexec-loader\' CSWRAP_DEL_CXXFLAGS=\\$\'-Werror*:-fdiagnostics-color*:-no-canonical-prefixes:-Wno-error=deprecated-register\' CSEXEC_WRAP_CMD=\\$\'/usr/bin/timeout\\\\a--signal=KILL\\\\a30\\\\a/usr/bin/valgrind\\\\a--xml=yes\\\\a--xml-file=/builddir/valgrind-capture/pid-%p-%n.xml\\\\a--log-file=/builddir/valgrind-capture/pid-%p-%n.log\\\\a--child-silent-after-fork=yes\' sh -c \\"rpmbuild -bi --nodeps --short-circuit /builddir/build/SPECS/zlib.spec \'--define\' \'apidocs 0\' \'--define\' \'with_publican 0\' \'--without\' \'docs\' \'--without\' \'langpacks\'\\""']

>>> 2021-12-09 10:59:19	"'/usr/bin/mock-unbuffered' '-r' 'fedora-35-x86_64' '--plugin-option=tmpfs:keep_mounted=True' '--config-opts=print_main_output=True' '--quiet' '--shell' 'tar -c --remove-files '/builddir/valgrind-capture' '/builddir/cswrap-capture.err'' | tar -xC '/home/kdudka/git/aufover-benchmark/workdir-for-sync/rpm-pkgs/zlib-1.2.11-30.simplified.1.fc35/valgrind/output/debug/raw-results'"
tar: Removing leading `/' from member names
tar: Removing leading `/' from hard link targets

>>> 2021-12-09 10:59:20	"find" "/home/kdudka/git/aufover-benchmark/workdir-for-sync/rpm-pkgs/zlib-1.2.11-30.simplified.1.fc35/valgrind/output/debug/raw-results/builddir/valgrind-capture" "-name" "pid-*.log" "-empty" "-delete"

>>> 2021-12-09 10:59:20	"chmod" "-R" "+r" "/home/kdudka/git/aufover-benchmark/workdir-for-sync/rpm-pkgs/zlib-1.2.11-30.simplified.1.fc35/valgrind/output/debug/raw-results/builddir/valgrind-capture"

>>> 2021-12-09 10:59:20	"cd '/home/kdudka/git/aufover-benchmark/workdir-for-sync/rpm-pkgs/zlib-1.2.11-30.simplified.1.fc35/valgrind/output/debug/raw-results/builddir/valgrind-capture' && csgrep --mode=json --quiet --remove-duplicates *.xml > '/home/kdudka/git/aufover-benchmark/workdir-for-sync/rpm-pkgs/zlib-1.2.11-30.simplified.1.fc35/valgrind/output/debug/uni-results/valgrind-capture.js'"

scan.ini: time-finished = 2021-12-09 10:59:20
scan.ini: exit-code = 0
>>> 2021-12-09 10:59:20	"cslinker --quiet --cwelist '/usr/share/csmock/cwe-map.csv' --inifile '/home/kdudka/git/aufover-benchmark/workdir-for-sync/rpm-pkgs/zlib-1.2.11-30.simplified.1.fc35/valgrind/output/scan.ini' '/home/kdudka/git/aufover-benchmark/workdir-for-sync/rpm-pkgs/zlib-1.2.11-30.simplified.1.fc35/valgrind/output/debug/uni-results'/* > '/home/kdudka/git/aufover-benchmark/workdir-for-sync/rpm-pkgs/zlib-1.2.11-30.simplified.1.fc35/valgrind/output/debug/scan-results-all.js'"

>>> 2021-12-09 10:59:20	"'/usr/bin/mock-unbuffered' '-r' 'fedora-35-x86_64' '--plugin-option=tmpfs:keep_mounted=True' '--config-opts=print_main_output=True' '--quiet' '--shell' 'csgrep --mode=json --embed-context 3' < '/home/kdudka/git/aufover-benchmark/workdir-for-sync/rpm-pkgs/zlib-1.2.11-30.simplified.1.fc35/valgrind/output/debug/scan-results-all.js' > '/home/kdudka/git/aufover-benchmark/workdir-for-sync/rpm-pkgs/zlib-1.2.11-30.simplified.1.fc35/valgrind/output/debug/scan-results-all.js.tmp'"

>>> 2021-12-09 10:59:21	"/usr/bin/mock-unbuffered" "-r" "fedora-35-x86_64" "--plugin-option=tmpfs:keep_mounted=True" "--config-opts=print_main_output=True" "--quiet" "--clean"

>>> 2021-12-09 10:59:23	"cat '/home/kdudka/git/aufover-benchmark/workdir-for-sync/rpm-pkgs/zlib-1.2.11-30.simplified.1.fc35/valgrind/output/debug/scan-results-all.js' | csgrep --mode=json --path '^/builddir/build/BUILD/' --strip-path-prefix /builddir/build/BUILD/ | csgrep --mode=json --invert-match --path '^ksh-.*[0-9]+\\.c\$' | csgrep --mode=json --invert-match --path 'CMakeFiles/CMakeTmp|conftest.c' | csdiff --json-output --show-internal \"/usr/share/csmock/known-false-positives.js\" - | cssort --key=path > '/home/kdudka/git/aufover-benchmark/workdir-for-sync/rpm-pkgs/zlib-1.2.11-30.simplified.1.fc35/valgrind/output/scan-results.js'"

>>> 2021-12-09 10:59:23	"sed 's|/builddir/build/BUILDROOT/[^/]*/|/builddir/build/BUILD//|' '/home/kdudka/git/aufover-benchmark/workdir-for-sync/rpm-pkgs/zlib-1.2.11-30.simplified.1.fc35/valgrind/output/debug/scan-results-all.js' | csgrep --mode=json --strip-path-prefix /builddir/build/BUILD/ | csdiff --show-internal '/home/kdudka/git/aufover-benchmark/workdir-for-sync/rpm-pkgs/zlib-1.2.11-30.simplified.1.fc35/valgrind/output/scan-results.js' - | cssort > '/home/kdudka/git/aufover-benchmark/workdir-for-sync/rpm-pkgs/zlib-1.2.11-30.simplified.1.fc35/valgrind/output/debug/suppressed-results.js'"

>>> 2021-12-09 10:59:23	"csgrep --mode=grep --invert-match --event \"internal warning\" --prune-events=1 '/home/kdudka/git/aufover-benchmark/workdir-for-sync/rpm-pkgs/zlib-1.2.11-30.simplified.1.fc35/valgrind/output/debug/suppressed-results.js' > '/home/kdudka/git/aufover-benchmark/workdir-for-sync/rpm-pkgs/zlib-1.2.11-30.simplified.1.fc35/valgrind/output/debug/suppressed-results.err'"

>>> 2021-12-09 10:59:23	"csgrep --mode=json --invert-match --event \"internal warning\" --prune-events=1 '/home/kdudka/git/aufover-benchmark/workdir-for-sync/rpm-pkgs/zlib-1.2.11-30.simplified.1.fc35/valgrind/output/debug/suppressed-results.js' | cshtml - > '/home/kdudka/git/aufover-benchmark/workdir-for-sync/rpm-pkgs/zlib-1.2.11-30.simplified.1.fc35/valgrind/output/debug/suppressed-results.html'"

>>> 2021-12-09 10:59:23	"csgrep --mode=evtstat --invert-match --event \"internal warning\" --prune-events=1 '/home/kdudka/git/aufover-benchmark/workdir-for-sync/rpm-pkgs/zlib-1.2.11-30.simplified.1.fc35/valgrind/output/debug/suppressed-results.js' | tee '/home/kdudka/git/aufover-benchmark/workdir-for-sync/rpm-pkgs/zlib-1.2.11-30.simplified.1.fc35/valgrind/output/debug/suppressed-results-summary.txt'"

>>> 2021-12-09 10:59:23	"csgrep --mode=grep --invert-match --event \"internal warning\" --prune-events=1 '/home/kdudka/git/aufover-benchmark/workdir-for-sync/rpm-pkgs/zlib-1.2.11-30.simplified.1.fc35/valgrind/output/scan-results.js' > '/home/kdudka/git/aufover-benchmark/workdir-for-sync/rpm-pkgs/zlib-1.2.11-30.simplified.1.fc35/valgrind/output/scan-results.err'"

>>> 2021-12-09 10:59:23	"csgrep --mode=json --invert-match --event \"internal warning\" --prune-events=1 '/home/kdudka/git/aufover-benchmark/workdir-for-sync/rpm-pkgs/zlib-1.2.11-30.simplified.1.fc35/valgrind/output/scan-results.js' | cshtml - > '/home/kdudka/git/aufover-benchmark/workdir-for-sync/rpm-pkgs/zlib-1.2.11-30.simplified.1.fc35/valgrind/output/scan-results.html'"

>>> 2021-12-09 10:59:23	"csgrep --mode=evtstat --invert-match --event \"internal warning\" --prune-events=1 '/home/kdudka/git/aufover-benchmark/workdir-for-sync/rpm-pkgs/zlib-1.2.11-30.simplified.1.fc35/valgrind/output/scan-results.js' | tee '/home/kdudka/git/aufover-benchmark/workdir-for-sync/rpm-pkgs/zlib-1.2.11-30.simplified.1.fc35/valgrind/output/scan-results-summary.txt'"
      1	COMPILER_WARNING                                	warning[-Wmisleading-indentation]

<<< 2021-12-09 10:59:23	csmock exit code: 0

