scan.ini: [scan]
scan.ini: tool = csmock
scan.ini: tool-version = csmock-3.1.0.20211130.175245.g27e99a8.internal-1.el7
scan.ini: tool-args = '/usr/bin/csmock' '-o' '/home/kdudka/aufover-benchmark/workdir-for-sync/rpm-pkgs/diffutils-3.8-1.fc35/divine/output' '-f' '/home/kdudka/aufover-benchmark/workdir-for-sync/rpm-pkgs/diffutils-3.8-1.fc35/diffutils-3.8-1.fc35.src.rpm' '-r' 'fedora-35-x86_64' '-t' 'divine' '--divine-timeout=8' '--keep-going'
scan.ini: host = cov03.lab.eng.brq.redhat.com
scan.ini: store-results-to = /home/kdudka/aufover-benchmark/workdir-for-sync/rpm-pkgs/diffutils-3.8-1.fc35/divine/output
scan.ini: time-created = 2021-12-02 00:35:04
scan.ini: enabled-plugins = divine, gcc
scan.ini: mock-config = fedora-35-x86_64
scan.ini: project-name = diffutils-3.8-1.fc35
scan.ini: known-false-positives = /usr/share/csmock/known-false-positives.js
>>> 2021-12-02 00:35:04	"rpm -qa | sort -V > '/home/kdudka/aufover-benchmark/workdir-for-sync/rpm-pkgs/diffutils-3.8-1.fc35/divine/output/debug/rpm-list-host.txt'"

>>> 2021-12-02 00:35:04	"/usr/bin/mock-unbuffered" "-r" "fedora-35-x86_64" "--plugin-option=tmpfs:keep_mounted=True" "--config-opts=print_main_output=True" "--init"
INFO: mock.py version 2.13 starting (python version = 3.6.8, NVR = mock-2.13-1.kdudka.1.el7)...
Start(bootstrap): init plugins
INFO: selinux enabled
Finish(bootstrap): init plugins
Start: init plugins
INFO: selinux enabled
Finish: init plugins
INFO: Signal handler active
Start: run
Start: clean chroot
Finish: clean chroot
Start(bootstrap): chroot init
INFO: calling preinit hooks
INFO: enabled root cache
INFO: enabled package manager cache
Start(bootstrap): cleaning package manager metadata
Finish(bootstrap): cleaning package manager metadata
INFO: enabled HW Info plugin
Mock Version: 2.13
INFO: Mock Version: 2.13
Finish(bootstrap): chroot init
Start: chroot init
INFO: calling preinit hooks
INFO: enabled root cache
Start: unpacking root cache
Finish: unpacking root cache
INFO: enabled package manager cache
Start: cleaning package manager metadata
Finish: cleaning package manager metadata
INFO: enabled HW Info plugin
Mock Version: 2.13
INFO: Mock Version: 2.13
Finish: chroot init
Finish: run

>>> 2021-12-02 00:35:07	"/usr/bin/mock-unbuffered" "-r" "fedora-35-x86_64" "--plugin-option=tmpfs:keep_mounted=True" "--config-opts=print_main_output=True" "--quiet" "--installdeps" "/tmp/csmock50ndxpkn/diffutils-3.8-1.fc35.src.rpm"
No matches found for the following disable plugin patterns: local, spacewalk, versionlock
Dependencies resolved.
================================================================================
 Package                      Arch    Version                  Repository  Size
================================================================================
Installing:
 [1mautoconf                    [m noarch  2.69-37.fc35             f35-build  666 k
 [1mautomake                    [m noarch  1.16.2-5.fc35            f35-build  662 k
 [1mgcc                         [m x86_64  11.2.1-1.fc35            f35-build   31 M
 [1mhelp2man                    [m noarch  1.48.5-1.fc35            f35-build  156 k
 [1mmake                        [m x86_64  1:4.3-6.fc35             f35-build  533 k
 [1mtexinfo                     [m x86_64  6.8-2.fc35               f35-build  1.0 M
Installing dependencies:
 [1mannobin-docs                [m noarch  9.87-3.fc35              f35-build   78 k
 [1mannobin-plugin-gcc          [m x86_64  9.87-3.fc35              f35-build   42 k
 [1mcpp                         [m x86_64  11.2.1-1.fc35            f35-build   10 M
 [1memacs-filesystem            [m noarch  1:27.2-9.fc35            f35-build  9.0 k
 [1mgc                          [m x86_64  8.0.4-6.fc35             f35-build  103 k
 [1mglibc-devel                 [m x86_64  2.34-8.fc35              f35-build  146 k
 [1mglibc-headers-x86           [m noarch  2.34-8.fc35              f35-build  544 k
 [1mgroff-base                  [m x86_64  1.22.4-8.fc35            f35-build  1.0 M
 [1mguile22                     [m x86_64  2.2.7-3.fc35             f35-build  6.4 M
 [1mkernel-headers              [m x86_64  5.15.4-200.fc35          f35-build  1.3 M
 [1mlibmpc                      [m x86_64  1.2.1-3.fc35             f35-build   62 k
 [1mlibtool-ltdl                [m x86_64  2.4.6-42.fc35            f35-build   36 k
 [1mlibxcrypt-devel             [m x86_64  4.4.26-4.fc35            f35-build   29 k
 [1mm4                          [m x86_64  1.4.19-2.fc35            f35-build  294 k
 [1mncurses                     [m x86_64  6.2-8.20210508.fc35      f35-build  400 k
 [1mperl-B                      [m x86_64  1.82-482.fc35            f35-build  188 k
 [1mperl-Carp                   [m noarch  1.52-478.fc35            f35-build   29 k
 [1mperl-Class-Struct           [m noarch  0.66-482.fc35            f35-build   30 k
 [1mperl-Data-Dumper            [m x86_64  2.183-2.fc35             f35-build   56 k
 [1mperl-DynaLoader             [m x86_64  1.50-482.fc35            f35-build   34 k
 [1mperl-Encode                 [m x86_64  4:3.15-482.fc35          f35-build  1.7 M
 [1mperl-Errno                  [m x86_64  1.33-482.fc35            f35-build   23 k
 [1mperl-Exporter               [m noarch  5.76-479.fc35            f35-build   31 k
 [1mperl-Fcntl                  [m x86_64  1.14-482.fc35            f35-build   28 k
 [1mperl-File-Basename          [m noarch  2.85-482.fc35            f35-build   25 k
 [1mperl-File-Compare           [m noarch  1.100.600-482.fc35       f35-build   21 k
 [1mperl-File-Copy              [m noarch  2.35-482.fc35            f35-build   28 k
 [1mperl-File-Find              [m noarch  1.39-482.fc35            f35-build   33 k
 [1mperl-File-Path              [m noarch  2.18-478.fc35            f35-build   35 k
 [1mperl-File-Temp              [m noarch  1:0.231.100-478.fc35     f35-build   59 k
 [1mperl-File-stat              [m noarch  1.09-482.fc35            f35-build   25 k
 [1mperl-Getopt-Long            [m noarch  1:2.52-478.fc35          f35-build   60 k
 [1mperl-Getopt-Std             [m noarch  1.13-482.fc35            f35-build   23 k
 [1mperl-HTTP-Tiny              [m noarch  0.080-1.fc35             f35-build   55 k
 [1mperl-IO                     [m x86_64  1.46-482.fc35            f35-build   95 k
 [1mperl-IPC-Open3              [m noarch  1.21-482.fc35            f35-build   31 k
 [1mperl-MIME-Base64            [m x86_64  3.16-478.fc35            f35-build   30 k
 [1mperl-POSIX                  [m x86_64  1.97-482.fc35            f35-build  105 k
 [1mperl-PathTools              [m x86_64  3.80-478.fc35            f35-build   85 k
 [1mperl-Pod-Escapes            [m noarch  1:1.07-478.fc35          f35-build   20 k
 [1mperl-Pod-Perldoc            [m noarch  3.28.01-479.fc35         f35-build   84 k
 [1mperl-Pod-Simple             [m noarch  1:3.43-2.fc35            f35-build  215 k
 [1mperl-Pod-Usage              [m noarch  4:2.01-478.fc35          f35-build   40 k
 [1mperl-Scalar-List-Utils      [m x86_64  5:1.60-462.fc35          f35-build   72 k
 [1mperl-SelectSaver            [m noarch  1.02-482.fc35            f35-build   19 k
 [1mperl-Socket                 [m x86_64  4:2.032-2.fc35           f35-build   55 k
 [1mperl-Storable               [m x86_64  1:3.25-1.fc35            f35-build   95 k
 [1mperl-Symbol                 [m noarch  1.09-482.fc35            f35-build   22 k
 [1mperl-Term-ANSIColor         [m noarch  5.01-479.fc35            f35-build   48 k
 [1mperl-Term-Cap               [m noarch  1.17-478.fc35            f35-build   22 k
 [1mperl-Text-ParseWords        [m noarch  3.30-478.fc35            f35-build   16 k
 [1mperl-Text-Tabs+Wrap         [m noarch  2021.0814-1.fc35         f35-build   22 k
 [1mperl-Text-Unidecode         [m noarch  1.30-16.fc35             f35-build  138 k
 [1mperl-Thread-Queue           [m noarch  3.14-478.fc35            f35-build   21 k
 [1mperl-Time-Local             [m noarch  2:1.300-478.fc35         f35-build   33 k
 [1mperl-Unicode-EastAsianWidth [m noarch  12.0-7.fc35              f35-build   19 k
 [1mperl-Unicode-Normalize      [m x86_64  1.28-478.fc35            f35-build   89 k
 [1mperl-base                   [m noarch  2.27-482.fc35            f35-build   24 k
 [1mperl-constant               [m noarch  1.33-479.fc35            f35-build   23 k
 [1mperl-if                     [m noarch  0.60.900-482.fc35        f35-build   22 k
 [1mperl-interpreter            [m x86_64  4:5.34.0-482.fc35        f35-build   79 k
 [1mperl-libintl-perl           [m x86_64  1.32-4.fc35              f35-build  796 k
 [1mperl-libs                   [m x86_64  4:5.34.0-482.fc35        f35-build  2.1 M
 [1mperl-locale                 [m noarch  1.10-482.fc35            f35-build   21 k
 [1mperl-mro                    [m x86_64  1.25-482.fc35            f35-build   36 k
 [1mperl-overload               [m noarch  1.33-482.fc35            f35-build   53 k
 [1mperl-overloading            [m noarch  0.02-482.fc35            f35-build   21 k
 [1mperl-parent                 [m noarch  1:0.238-478.fc35         f35-build   14 k
 [1mperl-podlators              [m noarch  1:4.14-478.fc35          f35-build  111 k
 [1mperl-subs                   [m noarch  1.04-482.fc35            f35-build   19 k
 [1mperl-threads                [m x86_64  1:2.26-448.fc35          f35-build   57 k
 [1mperl-threads-shared         [m x86_64  1.62-478.fc35            f35-build   43 k
 [1mperl-vars                   [m noarch  1.05-482.fc35            f35-build   21 k

Transaction Summary
================================================================================
Install  79 Packages

Total size: 62 M
Total download size: 156 k
Installed size: 203 M
Downloading Packages:
--------------------------------------------------------------------------------
Total                                           248 kB/s | 156 kB     00:00     
Running transaction check
Transaction check succeeded.
Running transaction test
Transaction test succeeded.
Running transaction

Installed:
  annobin-docs-9.87-3.fc35.noarch                                               
  annobin-plugin-gcc-9.87-3.fc35.x86_64                                         
  autoconf-2.69-37.fc35.noarch                                                  
  automake-1.16.2-5.fc35.noarch                                                 
  cpp-11.2.1-1.fc35.x86_64                                                      
  emacs-filesystem-1:27.2-9.fc35.noarch                                         
  gc-8.0.4-6.fc35.x86_64                                                        
  gcc-11.2.1-1.fc35.x86_64                                                      
  glibc-devel-2.34-8.fc35.x86_64                                                
  glibc-headers-x86-2.34-8.fc35.noarch                                          
  groff-base-1.22.4-8.fc35.x86_64                                               
  guile22-2.2.7-3.fc35.x86_64                                                   
  help2man-1.48.5-1.fc35.noarch                                                 
  kernel-headers-5.15.4-200.fc35.x86_64                                         
  libmpc-1.2.1-3.fc35.x86_64                                                    
  libtool-ltdl-2.4.6-42.fc35.x86_64                                             
  libxcrypt-devel-4.4.26-4.fc35.x86_64                                          
  m4-1.4.19-2.fc35.x86_64                                                       
  make-1:4.3-6.fc35.x86_64                                                      
  ncurses-6.2-8.20210508.fc35.x86_64                                            
  perl-B-1.82-482.fc35.x86_64                                                   
  perl-Carp-1.52-478.fc35.noarch                                                
  perl-Class-Struct-0.66-482.fc35.noarch                                        
  perl-Data-Dumper-2.183-2.fc35.x86_64                                          
  perl-DynaLoader-1.50-482.fc35.x86_64                                          
  perl-Encode-4:3.15-482.fc35.x86_64                                            
  perl-Errno-1.33-482.fc35.x86_64                                               
  perl-Exporter-5.76-479.fc35.noarch                                            
  perl-Fcntl-1.14-482.fc35.x86_64                                               
  perl-File-Basename-2.85-482.fc35.noarch                                       
  perl-File-Compare-1.100.600-482.fc35.noarch                                   
  perl-File-Copy-2.35-482.fc35.noarch                                           
  perl-File-Find-1.39-482.fc35.noarch                                           
  perl-File-Path-2.18-478.fc35.noarch                                           
  perl-File-Temp-1:0.231.100-478.fc35.noarch                                    
  perl-File-stat-1.09-482.fc35.noarch                                           
  perl-Getopt-Long-1:2.52-478.fc35.noarch                                       
  perl-Getopt-Std-1.13-482.fc35.noarch                                          
  perl-HTTP-Tiny-0.080-1.fc35.noarch                                            
  perl-IO-1.46-482.fc35.x86_64                                                  
  perl-IPC-Open3-1.21-482.fc35.noarch                                           
  perl-MIME-Base64-3.16-478.fc35.x86_64                                         
  perl-POSIX-1.97-482.fc35.x86_64                                               
  perl-PathTools-3.80-478.fc35.x86_64                                           
  perl-Pod-Escapes-1:1.07-478.fc35.noarch                                       
  perl-Pod-Perldoc-3.28.01-479.fc35.noarch                                      
  perl-Pod-Simple-1:3.43-2.fc35.noarch                                          
  perl-Pod-Usage-4:2.01-478.fc35.noarch                                         
  perl-Scalar-List-Utils-5:1.60-462.fc35.x86_64                                 
  perl-SelectSaver-1.02-482.fc35.noarch                                         
  perl-Socket-4:2.032-2.fc35.x86_64                                             
  perl-Storable-1:3.25-1.fc35.x86_64                                            
  perl-Symbol-1.09-482.fc35.noarch                                              
  perl-Term-ANSIColor-5.01-479.fc35.noarch                                      
  perl-Term-Cap-1.17-478.fc35.noarch                                            
  perl-Text-ParseWords-3.30-478.fc35.noarch                                     
  perl-Text-Tabs+Wrap-2021.0814-1.fc35.noarch                                   
  perl-Text-Unidecode-1.30-16.fc35.noarch                                       
  perl-Thread-Queue-3.14-478.fc35.noarch                                        
  perl-Time-Local-2:1.300-478.fc35.noarch                                       
  perl-Unicode-EastAsianWidth-12.0-7.fc35.noarch                                
  perl-Unicode-Normalize-1.28-478.fc35.x86_64                                   
  perl-base-2.27-482.fc35.noarch                                                
  perl-constant-1.33-479.fc35.noarch                                            
  perl-if-0.60.900-482.fc35.noarch                                              
  perl-interpreter-4:5.34.0-482.fc35.x86_64                                     
  perl-libintl-perl-1.32-4.fc35.x86_64                                          
  perl-libs-4:5.34.0-482.fc35.x86_64                                            
  perl-locale-1.10-482.fc35.noarch                                              
  perl-mro-1.25-482.fc35.x86_64                                                 
  perl-overload-1.33-482.fc35.noarch                                            
  perl-overloading-0.02-482.fc35.noarch                                         
  perl-parent-1:0.238-478.fc35.noarch                                           
  perl-podlators-1:4.14-478.fc35.noarch                                         
  perl-subs-1.04-482.fc35.noarch                                                
  perl-threads-1:2.26-448.fc35.x86_64                                           
  perl-threads-shared-1.62-478.fc35.x86_64                                      
  perl-vars-1.05-482.fc35.noarch                                                
  texinfo-6.8-2.fc35.x86_64                                                     

Complete!

>>> 2021-12-02 00:35:17	"/usr/bin/mock-unbuffered" "-r" "fedora-35-x86_64" "--plugin-option=tmpfs:keep_mounted=True" "--config-opts=print_main_output=True" "--quiet" "--addrepo" "https://download.copr.fedorainfracloud.org/results/@aufover/divine/fedora-\$releasever-\$basearch/" "--install" "divine"
No matches found for the following disable plugin patterns: local, spacewalk, versionlock
Dependencies resolved.
====================================================================================================================================================
 Package                   Arch    Version                   Repository                                                                         Size
====================================================================================================================================================
Installing:
 [1mdivine                   [m x86_64  4.4.2_4_gd47985e0b-7.fc35 downloadcoprfedorainfracloudorg_results_aufover_divine_fedorareleaseverbasearch_   68 M
Installing dependencies:
 [1mexpat                    [m x86_64  2.4.1-2.fc35              f35-build                                                                         110 k
 [1mlibedit                  [m x86_64  3.1-40.20210910cvs.fc35   f35-build                                                                         105 k
 [1mlibyaml                  [m x86_64  0.2.5-6.fc35              f35-build                                                                          60 k
 [1mmpdecimal                [m x86_64  2.5.1-2.fc35              f35-build                                                                          99 k
 [1mpython-pip-wheel         [m noarch  21.2.3-4.fc35             f35-build                                                                         1.1 M
 [1mpython-setuptools-wheel  [m noarch  57.4.0-1.fc35             f35-build                                                                         505 k
 [1mpython3                  [m x86_64  3.10.0-1.fc35             f35-build                                                                          25 k
 [1mpython3-libs             [m x86_64  3.10.0-1.fc35             f35-build                                                                         7.5 M
 [1mpython3-pygments         [m noarch  2.9.0-2.fc35              f35-build                                                                         1.9 M
 [1mpython3-pyyaml           [m x86_64  5.4.1-4.fc35              f35-build                                                                         191 k
 [1mz3                       [m x86_64  4.8.13-1.fc35             f35-build                                                                         5.9 M
 [1mz3-libs                  [m x86_64  4.8.13-1.fc35             f35-build                                                                         5.8 M

Transaction Summary
====================================================================================================================================================
Install  13 Packages

Total size: 91 M
Installed size: 481 M
Downloading Packages:
Running transaction check
Transaction check succeeded.
Running transaction test
Transaction test succeeded.
Running transaction

Installed:
  divine-4.4.2_4_gd47985e0b-7.fc35.x86_64                                       
  expat-2.4.1-2.fc35.x86_64                                                     
  libedit-3.1-40.20210910cvs.fc35.x86_64                                        
  libyaml-0.2.5-6.fc35.x86_64                                                   
  mpdecimal-2.5.1-2.fc35.x86_64                                                 
  python-pip-wheel-21.2.3-4.fc35.noarch                                         
  python-setuptools-wheel-57.4.0-1.fc35.noarch                                  
  python3-3.10.0-1.fc35.x86_64                                                  
  python3-libs-3.10.0-1.fc35.x86_64                                             
  python3-pygments-2.9.0-2.fc35.noarch                                          
  python3-pyyaml-5.4.1-4.fc35.x86_64                                            
  z3-4.8.13-1.fc35.x86_64                                                       
  z3-libs-4.8.13-1.fc35.x86_64                                                  

Complete!

>>> 2021-12-02 00:35:29	"'/usr/bin/mock-unbuffered' '-r' 'fedora-35-x86_64' '--plugin-option=tmpfs:keep_mounted=True' '--config-opts=print_main_output=True' '--quiet' '--shell' 'rpm -qa' | sort -V > /home/kdudka/aufover-benchmark/workdir-for-sync/rpm-pkgs/diffutils-3.8-1.fc35/divine/output/debug/rpm-list-mock.txt"

>>> 2021-12-02 00:35:31	"'/usr/bin/mock-unbuffered' '-r' 'fedora-35-x86_64' '--plugin-option=tmpfs:keep_mounted=True' '--config-opts=print_main_output=True' '--quiet' '--shell' 'rpm -qa --provides' | sort -V > /tmp/csmock50ndxpkn/rpm-list-mock-provides.txt"

>>> 2021-12-02 00:35:33	"/usr/bin/mock-unbuffered" "-r" "fedora-35-x86_64" "--plugin-option=tmpfs:keep_mounted=True" "--config-opts=print_main_output=True" "--quiet" "--copyin" "/tmp/csmock50ndxpkn/diffutils-3.8-1.fc35.src.rpm" "/builddir/diffutils-3.8-1.fc35.src.rpm"

>>> 2021-12-02 00:35:35	"/usr/bin/mock-unbuffered" "-r" "fedora-35-x86_64" "--plugin-option=tmpfs:keep_mounted=True" "--config-opts=print_main_output=True" "--quiet" "--chroot" "chown mockbuild -R /builddir"

>>> 2021-12-02 00:35:36	"/usr/bin/mock-unbuffered" "-r" "fedora-35-x86_64" "--plugin-option=tmpfs:keep_mounted=True" "--config-opts=print_main_output=True" "--quiet" "--chroot" "/bin/su mockbuild -l -c \"rpm -Uvh --nodeps '/builddir/diffutils-3.8-1.fc35.src.rpm'\""
Updating / installing...
diffutils-3.8-1.fc35                  ########################################

>>> 2021-12-02 00:35:38	"/usr/bin/mock-unbuffered" "-r" "fedora-35-x86_64" "--plugin-option=tmpfs:keep_mounted=True" "--config-opts=print_main_output=True" "--quiet" "--chroot" "/bin/su mockbuild -l -c \"sed -e 's|^ExclusiveArch:.*\\\$||' -i /builddir/build/SPECS/diffutils.spec\""

>>> 2021-12-02 00:35:40	"/usr/bin/mock-unbuffered" "-r" "fedora-35-x86_64" "--plugin-option=tmpfs:keep_mounted=True" "--config-opts=print_main_output=True" "--quiet" "--chroot" "/bin/su mockbuild -l -c \"rpmbuild -bs --nodeps /builddir/build/SPECS/diffutils.spec '--define' 'apidocs 0' '--define' 'with_publican 0' '--without' 'docs' '--without' 'langpacks' '--define' '__cc dioscc' '--define' '__cxx diosc++' '--define' '__cpp dioscc -E' '--define' 'toolchain clang' '--define' 'optflags -O0' '--define' 'build_ldflags -O0' && sh -c 'cd /builddir/build/SRPMS && eval mv -v *.src.rpm /builddir/diffutils-3.8-1.fc35.src.rpm || :'\""
setting SOURCE_DATE_EPOCH=1627862400
Wrote: /builddir/build/SRPMS/diffutils-3.8-1.fc35.src.rpm
renamed 'diffutils-3.8-1.fc35.src.rpm' -> '/builddir/diffutils-3.8-1.fc35.src.rpm'

>>> 2021-12-02 00:35:42	"/usr/bin/mock-unbuffered" "-r" "fedora-35-x86_64" "--plugin-option=tmpfs:keep_mounted=True" "--config-opts=print_main_output=True" "--quiet" "--disable-plugin=selinux" "--copyout" "/builddir/diffutils-3.8-1.fc35.src.rpm" "/tmp/csmock50ndxpkn/diffutils-3.8-1.fc35.src.rpm"

>>> 2021-12-02 00:35:43	"/usr/bin/mock-unbuffered" "-r" "fedora-35-x86_64" "--plugin-option=tmpfs:keep_mounted=True" "--config-opts=print_main_output=True" "--quiet" "--installdeps" "/tmp/csmock50ndxpkn/diffutils-3.8-1.fc35.src.rpm"
No matches found for the following disable plugin patterns: local, spacewalk, versionlock
Package autoconf-2.69-37.fc35.noarch is already installed.
Package automake-1.16.2-5.fc35.noarch is already installed.
Package gcc-11.2.1-1.fc35.x86_64 is already installed.
Package help2man-1.48.5-1.fc35.noarch is already installed.
Package make-1:4.3-6.fc35.x86_64 is already installed.
Package texinfo-6.8-2.fc35.x86_64 is already installed.
Dependencies resolved.
Nothing to do.
Complete!

>>> 2021-12-02 00:35:48	"/usr/bin/mock-unbuffered" "-r" "fedora-35-x86_64" "--plugin-option=tmpfs:keep_mounted=True" "--config-opts=print_main_output=True" "--quiet" "--addrepo" "https://download.copr.fedorainfracloud.org/results/@aufover/divine/fedora-\$releasever-\$basearch/" "--install" "divine"
No matches found for the following disable plugin patterns: local, spacewalk, versionlock
Package divine-4.4.2_4_gd47985e0b-7.fc35.x86_64 is already installed.
Dependencies resolved.
Nothing to do.
Complete!

>>> 2021-12-02 00:35:54	"'/usr/bin/mock-unbuffered' '-r' 'fedora-35-x86_64' '--plugin-option=tmpfs:keep_mounted=True' '--config-opts=print_main_output=True' '--quiet' '--shell' 'rpm -qa' | sort -V > /home/kdudka/aufover-benchmark/workdir-for-sync/rpm-pkgs/diffutils-3.8-1.fc35/divine/output/debug/rpm-list-mock.txt"

>>> 2021-12-02 00:35:55	"'/usr/bin/mock-unbuffered' '-r' 'fedora-35-x86_64' '--plugin-option=tmpfs:keep_mounted=True' '--config-opts=print_main_output=True' '--quiet' '--shell' 'rpm -qa --provides' | sort -V > /tmp/csmock50ndxpkn/rpm-list-mock-provides.txt"

>>> 2021-12-02 00:35:57	"/usr/bin/mock-unbuffered" "-r" "fedora-35-x86_64" "--plugin-option=tmpfs:keep_mounted=True" "--config-opts=print_main_output=True" "--quiet" "--addrepo" "https://download.copr.fedorainfracloud.org/results/@aufover/divine/fedora-\$releasever-\$basearch/" "--install" "csdiff"
No matches found for the following disable plugin patterns: local, spacewalk, versionlock
Dependencies resolved.
================================================================================
 Package                    Arch        Version            Repository      Size
================================================================================
Installing:
 [1mcsdiff                    [m x86_64      2.2.0-1.fc35       f35-build      895 k
Installing dependencies:
 [1mboost-filesystem          [m x86_64      1.76.0-4.fc35      f35-build       60 k
 [1mboost-program-options     [m x86_64      1.76.0-4.fc35      f35-build      108 k
 [1mboost-system              [m x86_64      1.76.0-4.fc35      f35-build       15 k

Transaction Summary
================================================================================
Install  4 Packages

Total size: 1.1 M
Installed size: 4.8 M
Downloading Packages:
Running transaction check
Transaction check succeeded.
Running transaction test
Transaction test succeeded.
Running transaction

Installed:
  boost-filesystem-1.76.0-4.fc35.x86_64                                         
  boost-program-options-1.76.0-4.fc35.x86_64                                    
  boost-system-1.76.0-4.fc35.x86_64                                             
  csdiff-2.2.0-1.fc35.x86_64                                                    

Complete!

>>> 2021-12-02 00:36:02	"'/usr/bin/mock-unbuffered' '-r' 'fedora-35-x86_64' '--plugin-option=tmpfs:keep_mounted=True' '--config-opts=print_main_output=True' '--quiet' '--shell' 'rpm -qa' | sort -V > /home/kdudka/aufover-benchmark/workdir-for-sync/rpm-pkgs/diffutils-3.8-1.fc35/divine/output/debug/rpm-list-mock.txt"

>>> 2021-12-02 00:36:04	"'/usr/bin/mock-unbuffered' '-r' 'fedora-35-x86_64' '--plugin-option=tmpfs:keep_mounted=True' '--config-opts=print_main_output=True' '--quiet' '--shell' 'rpm -qa --provides' | sort -V > /tmp/csmock50ndxpkn/rpm-list-mock-provides.txt"

>>> 2021-12-02 00:36:06	"tar -cP '/usr/share/csmock/scripts' '/usr/bin/cswrap' '/usr/lib64/cswrap' '/usr/bin/csexec' '/usr/bin/csexec-loader' '/usr/lib64/libcsexec-preload.so' '/tmp/csmock50ndxpkn/diffutils-3.8-1.fc35.src.rpm' | '/usr/bin/mock-unbuffered' '-r' 'fedora-35-x86_64' '--plugin-option=tmpfs:keep_mounted=True' '--config-opts=print_main_output=True' '--quiet' '--shell' 'tar -xC/'"
tar: Removing leading `/' from member names
tar: Removing leading `/' from hard link targets

scan.ini: analyzer-version-divine = 4.4.2_4_gd47985e0b
>>> 2021-12-02 00:36:08	"/usr/bin/mock-unbuffered" "-r" "fedora-35-x86_64" "--plugin-option=tmpfs:keep_mounted=True" "--config-opts=print_main_output=True" "--quiet" "--chroot" "/bin/su mockbuild -l -c \"mkdir -pv '/builddir/divine-capture'\""
mkdir: created directory '/builddir/divine-capture'

scan.ini: analyzer-version-gcc = 11.2.1
>>> 2021-12-02 00:36:09	"/usr/bin/mock-unbuffered" "-r" "fedora-35-x86_64" "--plugin-option=tmpfs:keep_mounted=True" "--config-opts=print_main_output=True" "--quiet" "--chroot" "rpm -Uvh --nodeps '/tmp/csmock50ndxpkn/diffutils-3.8-1.fc35.src.rpm'"
Updating / installing...
diffutils-3.8-1.fc35                  ########################################

>>> 2021-12-02 00:36:11	"/usr/bin/mock-unbuffered" "-r" "fedora-35-x86_64" "--plugin-option=tmpfs:keep_mounted=True" "--config-opts=print_main_output=True" "--quiet" "--chroot" "chmod -R +r /builddir"

>>> 2021-12-02 00:36:13	"/usr/bin/mock-unbuffered" "-r" "fedora-35-x86_64" "--plugin-option=tmpfs:keep_mounted=True" "--config-opts=print_main_output=True" "--quiet" "--chroot" "ln -fv '/usr/share/csmock/scripts/enable-keep-going.sh' '/usr/share/csmock/scripts/chroot-fixups'"
'/usr/share/csmock/scripts/chroot-fixups/enable-keep-going.sh' => '/usr/share/csmock/scripts/enable-keep-going.sh'

>>> 2021-12-02 00:36:15	"/usr/bin/mock-unbuffered" "-r" "fedora-35-x86_64" "--plugin-option=tmpfs:keep_mounted=True" "--config-opts=print_main_output=True" "--quiet" "--shell" "for i in /usr/share/csmock/scripts/chroot-fixups/*; do test -x \$i && echo RUN: \$i >&2 && \$i; done"
RUN: /usr/share/csmock/scripts/chroot-fixups/enable-keep-going.sh
renamed '/usr/bin/make' -> '/usr/bin/make.orig'
+ ls -l /usr/bin/make
-rwxr-xr-x. 1 root root 42 Dec  2 00:36 /usr/bin/make
+ cat /usr/bin/make
#!/bin/sh
exec /usr/bin/make.orig -k "$@"
RUN: /usr/share/csmock/scripts/chroot-fixups/gdk-pixbuf2-triggers.sh
RUN: /usr/share/csmock/scripts/chroot-fixups/glib2-triggers.sh
RUN: /usr/share/csmock/scripts/chroot-fixups/kpathsea-texhash.sh
RUN: /usr/share/csmock/scripts/chroot-fixups/openssl-public-header-files.sh
RUN: /usr/share/csmock/scripts/chroot-fixups/qt5-core-abi.sh
RUN: /usr/share/csmock/scripts/chroot-fixups/rpm-build-scripts.sh
+ sed -e s/fail=1/fail=0/ -i /usr/lib/rpm/redhat/brp-mangle-shebangs
'/usr/lib/rpm/brp-strip-static-archive' -> '/bin/true'
RUN: /usr/share/csmock/scripts/chroot-fixups/rpm-macros.sh
RUN: /usr/share/csmock/scripts/chroot-fixups/rpm-python-extras.sh
RUN: /usr/share/csmock/scripts/chroot-fixups/shared-mime-info-triggers.sh
RUN: /usr/share/csmock/scripts/chroot-fixups/simplify-cpp-includes.sh
RUN: /usr/share/csmock/scripts/chroot-fixups/simplify-glib-includes.sh
RUN: /usr/share/csmock/scripts/chroot-fixups/simplify-systemd-includes.sh

>>> 2021-12-02 00:36:16	"/usr/bin/mock-unbuffered" "-r" "fedora-35-x86_64" "--plugin-option=tmpfs:keep_mounted=True" "--config-opts=print_main_output=True" "--chroot" "/bin/su mockbuild -l -c \"rpmbuild -bp --nodeps /builddir/build/SPECS/diffutils.spec '--define' 'apidocs 0' '--define' 'with_publican 0' '--without' 'docs' '--without' 'langpacks' '--define' '__cc dioscc' '--define' '__cxx diosc++' '--define' '__cpp dioscc -E' '--define' 'toolchain clang' '--define' 'optflags -O0' '--define' 'build_ldflags -O0'\""
INFO: mock.py version 2.13 starting (python version = 3.6.8, NVR = mock-2.13-1.kdudka.1.el7)...
Start(bootstrap): init plugins
INFO: selinux enabled
Finish(bootstrap): init plugins
Start: init plugins
INFO: selinux enabled
Finish: init plugins
INFO: Signal handler active
Start: run
Start(bootstrap): chroot init
INFO: calling preinit hooks
INFO: enabled root cache
INFO: enabled package manager cache
Start(bootstrap): cleaning package manager metadata
Finish(bootstrap): cleaning package manager metadata
INFO: enabled HW Info plugin
Mock Version: 2.13
INFO: Mock Version: 2.13
Finish(bootstrap): chroot init
Start: chroot init
INFO: calling preinit hooks
INFO: enabled root cache
INFO: enabled package manager cache
Start: cleaning package manager metadata
Finish: cleaning package manager metadata
INFO: enabled HW Info plugin
Mock Version: 2.13
INFO: Mock Version: 2.13
Finish: chroot init
INFO: Running in chroot: ['/bin/su mockbuild -l -c "rpmbuild -bp --nodeps /builddir/build/SPECS/diffutils.spec \'--define\' \'apidocs 0\' \'--define\' \'with_publican 0\' \'--without\' \'docs\' \'--without\' \'langpacks\' \'--define\' \'__cc dioscc\' \'--define\' \'__cxx diosc++\' \'--define\' \'__cpp dioscc -E\' \'--define\' \'toolchain clang\' \'--define\' \'optflags -O0\' \'--define\' \'build_ldflags -O0\'"']
Start: chroot ['/bin/su mockbuild -l -c "rpmbuild -bp --nodeps /builddir/build/SPECS/diffutils.spec \'--define\' \'apidocs 0\' \'--define\' \'with_publican 0\' \'--without\' \'docs\' \'--without\' \'langpacks\' \'--define\' \'__cc dioscc\' \'--define\' \'__cxx diosc++\' \'--define\' \'__cpp dioscc -E\' \'--define\' \'toolchain clang\' \'--define\' \'optflags -O0\' \'--define\' \'build_ldflags -O0\'"']
setting SOURCE_DATE_EPOCH=1627862400
Executing(%prep): /bin/sh -e /var/tmp/rpm-tmp.8iNSfS
+ umask 022
+ cd /builddir/build/BUILD
+ cd /builddir/build/BUILD
+ rm -rf diffutils-3.8
+ /usr/bin/xz -dc /builddir/build/SOURCES/diffutils-3.8.tar.xz
+ /usr/bin/tar -xof -
+ STATUS=0
+ '[' 0 -ne 0 ']'
+ cd diffutils-3.8
+ /usr/bin/chmod -Rf a+rX,u+w,g-w,o-w .
+ echo 'Patch #1 (diffutils-cmp-s-empty.patch):'
Patch #1 (diffutils-cmp-s-empty.patch):
+ /usr/bin/patch --no-backup-if-mismatch -f -p1 -b --suffix .cmp-s-empty --fuzz=0
patching file src/cmp.c
Hunk #1 succeeded at 329 (offset -1 lines).
Patch #2 (diffutils-i18n.patch):
+ echo 'Patch #2 (diffutils-i18n.patch):'
+ /usr/bin/patch --no-backup-if-mismatch -f -p1 -b --suffix .i18n --fuzz=0
patching file src/diff.c
patching file src/diff.h
patching file src/io.c
patching file src/util.c
+ autoreconf
+ RPM_EC=0
++ jobs -p
+ exit 0
Finish: chroot ['/bin/su mockbuild -l -c "rpmbuild -bp --nodeps /builddir/build/SPECS/diffutils.spec \'--define\' \'apidocs 0\' \'--define\' \'with_publican 0\' \'--without\' \'docs\' \'--without\' \'langpacks\' \'--define\' \'__cc dioscc\' \'--define\' \'__cxx diosc++\' \'--define\' \'__cpp dioscc -E\' \'--define\' \'toolchain clang\' \'--define\' \'optflags -O0\' \'--define\' \'build_ldflags -O0\'"']

>>> 2021-12-02 00:36:27	"/usr/bin/mock-unbuffered" "-r" "fedora-35-x86_64" "--plugin-option=tmpfs:keep_mounted=True" "--config-opts=print_main_output=True" "--quiet" "--chroot" "chmod -R +r /builddir/build"

>>> 2021-12-02 00:36:28	"/usr/bin/mock-unbuffered" "-r" "fedora-35-x86_64" "--plugin-option=tmpfs:keep_mounted=True" "--config-opts=print_main_output=True" "--chroot" "/bin/su mockbuild -l -c \"PATH=/usr/lib64/cswrap:\\\$PATH CSWRAP_CAP_FILE=\\\$'/builddir/cswrap-capture.err' CSWRAP_TIMEOUT=\\\$'30' CSWRAP_TIMEOUT_FOR=\\\$':' CC=\\\$'dioscc' CXX=\\\$'diosc++' CSEXEC_WRAP_CMD=\\\$'--skip-ld-linux\\\\acsexec-divine\\\\a-l\\\\a/builddir/divine-capture\\\\a-d\\\\acheck --lart stubs -o ignore:exit --max-time 8 ' CSWRAP_ADD_CFLAGS=\\\$'-Wno-unknown-pragmas:-Wno-unknown-warning-option:-O0:-g:-Wl,--dynamic-linker,/usr/bin/csexec-loader:-Wno-unknown-pragmas:-Wl,--dynamic-linker,/usr/bin/csexec-loader' CSWRAP_DEL_CFLAGS=\\\$'-Werror*:-fdiagnostics-color*:-no-canonical-prefixes:-Wno-error=deprecated-register:-O1:-O2:-O3:-Os:-Ofast:-Og:-Werror*:-fdiagnostics-color*:-no-canonical-prefixes:-Wno-error=deprecated-register' CSWRAP_ADD_CXXFLAGS=\\\$'-Wno-unknown-warning-option:-O0:-g:-Wl,--dynamic-linker,/usr/bin/csexec-loader:-Wl,--dynamic-linker,/usr/bin/csexec-loader' CSWRAP_DEL_CXXFLAGS=\\\$'-Werror*:-fdiagnostics-color*:-no-canonical-prefixes:-Wno-error=deprecated-register:-O1:-O2:-O3:-Os:-Ofast:-Og:-Werror*:-fdiagnostics-color*:-no-canonical-prefixes:-Wno-error=deprecated-register' sh -c \\\"rpmbuild -bc --nodeps --short-circuit /builddir/build/SPECS/diffutils.spec '--define' 'apidocs 0' '--define' 'with_publican 0' '--without' 'docs' '--without' 'langpacks' '--define' '__cc dioscc' '--define' '__cxx diosc++' '--define' '__cpp dioscc -E' '--define' 'toolchain clang' '--define' 'optflags -O0' '--define' 'build_ldflags -O0'\\\"\""
INFO: mock.py version 2.13 starting (python version = 3.6.8, NVR = mock-2.13-1.kdudka.1.el7)...
Start(bootstrap): init plugins
INFO: selinux enabled
Finish(bootstrap): init plugins
Start: init plugins
INFO: selinux enabled
Finish: init plugins
INFO: Signal handler active
Start: run
Start(bootstrap): chroot init
INFO: calling preinit hooks
INFO: enabled root cache
INFO: enabled package manager cache
Start(bootstrap): cleaning package manager metadata
Finish(bootstrap): cleaning package manager metadata
INFO: enabled HW Info plugin
Mock Version: 2.13
INFO: Mock Version: 2.13
Finish(bootstrap): chroot init
Start: chroot init
INFO: calling preinit hooks
INFO: enabled root cache
INFO: enabled package manager cache
Start: cleaning package manager metadata
Finish: cleaning package manager metadata
INFO: enabled HW Info plugin
Mock Version: 2.13
INFO: Mock Version: 2.13
Finish: chroot init
INFO: Running in chroot: ['/bin/su mockbuild -l -c "PATH=/usr/lib64/cswrap:\\$PATH CSWRAP_CAP_FILE=\\$\'/builddir/cswrap-capture.err\' CSWRAP_TIMEOUT=\\$\'30\' CSWRAP_TIMEOUT_FOR=\\$\':\' CC=\\$\'dioscc\' CXX=\\$\'diosc++\' CSEXEC_WRAP_CMD=\\$\'--skip-ld-linux\\\\acsexec-divine\\\\a-l\\\\a/builddir/divine-capture\\\\a-d\\\\acheck --lart stubs -o ignore:exit --max-time 8 \' CSWRAP_ADD_CFLAGS=\\$\'-Wno-unknown-pragmas:-Wno-unknown-warning-option:-O0:-g:-Wl,--dynamic-linker,/usr/bin/csexec-loader:-Wno-unknown-pragmas:-Wl,--dynamic-linker,/usr/bin/csexec-loader\' CSWRAP_DEL_CFLAGS=\\$\'-Werror*:-fdiagnostics-color*:-no-canonical-prefixes:-Wno-error=deprecated-register:-O1:-O2:-O3:-Os:-Ofast:-Og:-Werror*:-fdiagnostics-color*:-no-canonical-prefixes:-Wno-error=deprecated-register\' CSWRAP_ADD_CXXFLAGS=\\$\'-Wno-unknown-warning-option:-O0:-g:-Wl,--dynamic-linker,/usr/bin/csexec-loader:-Wl,--dynamic-linker,/usr/bin/csexec-loader\' CSWRAP_DEL_CXXFLAGS=\\$\'-Werror*:-fdiagnostics-color*:-no-canonical-prefixes:-Wno-error=deprecated-register:-O1:-O2:-O3:-Os:-Ofast:-Og:-Werror*:-fdiagnostics-color*:-no-canonical-prefixes:-Wno-error=deprecated-register\' sh -c \\"rpmbuild -bc --nodeps --short-circuit /builddir/build/SPECS/diffutils.spec \'--define\' \'apidocs 0\' \'--define\' \'with_publican 0\' \'--without\' \'docs\' \'--without\' \'langpacks\' \'--define\' \'__cc dioscc\' \'--define\' \'__cxx diosc++\' \'--define\' \'__cpp dioscc -E\' \'--define\' \'toolchain clang\' \'--define\' \'optflags -O0\' \'--define\' \'build_ldflags -O0\'\\""']
Start: chroot ['/bin/su mockbuild -l -c "PATH=/usr/lib64/cswrap:\\$PATH CSWRAP_CAP_FILE=\\$\'/builddir/cswrap-capture.err\' CSWRAP_TIMEOUT=\\$\'30\' CSWRAP_TIMEOUT_FOR=\\$\':\' CC=\\$\'dioscc\' CXX=\\$\'diosc++\' CSEXEC_WRAP_CMD=\\$\'--skip-ld-linux\\\\acsexec-divine\\\\a-l\\\\a/builddir/divine-capture\\\\a-d\\\\acheck --lart stubs -o ignore:exit --max-time 8 \' CSWRAP_ADD_CFLAGS=\\$\'-Wno-unknown-pragmas:-Wno-unknown-warning-option:-O0:-g:-Wl,--dynamic-linker,/usr/bin/csexec-loader:-Wno-unknown-pragmas:-Wl,--dynamic-linker,/usr/bin/csexec-loader\' CSWRAP_DEL_CFLAGS=\\$\'-Werror*:-fdiagnostics-color*:-no-canonical-prefixes:-Wno-error=deprecated-register:-O1:-O2:-O3:-Os:-Ofast:-Og:-Werror*:-fdiagnostics-color*:-no-canonical-prefixes:-Wno-error=deprecated-register\' CSWRAP_ADD_CXXFLAGS=\\$\'-Wno-unknown-warning-option:-O0:-g:-Wl,--dynamic-linker,/usr/bin/csexec-loader:-Wl,--dynamic-linker,/usr/bin/csexec-loader\' CSWRAP_DEL_CXXFLAGS=\\$\'-Werror*:-fdiagnostics-color*:-no-canonical-prefixes:-Wno-error=deprecated-register:-O1:-O2:-O3:-Os:-Ofast:-Og:-Werror*:-fdiagnostics-color*:-no-canonical-prefixes:-Wno-error=deprecated-register\' sh -c \\"rpmbuild -bc --nodeps --short-circuit /builddir/build/SPECS/diffutils.spec \'--define\' \'apidocs 0\' \'--define\' \'with_publican 0\' \'--without\' \'docs\' \'--without\' \'langpacks\' \'--define\' \'__cc dioscc\' \'--define\' \'__cxx diosc++\' \'--define\' \'__cpp dioscc -E\' \'--define\' \'toolchain clang\' \'--define\' \'optflags -O0\' \'--define\' \'build_ldflags -O0\'\\""']
setting SOURCE_DATE_EPOCH=1627862400
Executing(%build): /bin/sh -e /var/tmp/rpm-tmp.1H4Are
+ umask 022
+ cd /builddir/build/BUILD
+ cd diffutils-3.8
+ CFLAGS=-O0
+ export CFLAGS
+ CXXFLAGS=-O0
+ export CXXFLAGS
+ FFLAGS='-O0 -I/usr/lib64/gfortran/modules'
+ export FFLAGS
+ FCFLAGS='-O0 -I/usr/lib64/gfortran/modules'
+ export FCFLAGS
+ LDFLAGS=-O0
+ export LDFLAGS
+ LT_SYS_LIBRARY_PATH=/usr/lib64:
+ export LT_SYS_LIBRARY_PATH
+ CC=dioscc
+ export CC
+ CXX=diosc++
+ export CXX
+ '[' -fltox '!=' x ']'
++ find . -type f -name configure -print
+ for file in $(find . -type f -name configure -print)
+ /usr/bin/sed -r --in-place=.backup 's/^char \(\*f\) \(\) = /__attribute__ ((used)) char (*f) () = /g' ./configure
+ diff -u ./configure.backup ./configure
+ mv ./configure.backup ./configure
+ /usr/bin/sed -r --in-place=.backup 's/^char \(\*f\) \(\);/__attribute__ ((used)) char (*f) ();/g' ./configure
+ diff -u ./configure.backup ./configure
+ mv ./configure.backup ./configure
+ /usr/bin/sed -r --in-place=.backup 's/^char \$2 \(\);/__attribute__ ((used)) char \$2 ();/g' ./configure
+ diff -u ./configure.backup ./configure
--- ./configure.backup	2021-12-02 00:36:24.940133733 +0100
+++ ./configure	2021-12-02 00:36:30.378104641 +0100
@@ -2990,7 +2990,7 @@
 #ifdef __cplusplus
 extern "C"
 #endif
-char $2 ();
+__attribute__ ((used)) char $2 ();
 /* The GNU C library defines this for functions which it implements
     to always fail with ENOSYS.  Some functions are actually named
     something starting with __ and the normal name is an alias.  */
+ /usr/bin/sed --in-place=.backup '1{$!N;$!N};$!N;s/int x = 1;\nint y = 0;\nint z;\nint nan;/volatile int x = 1; volatile int y = 0; volatile int z, nan;/;P;D' ./configure
+ diff -u ./configure.backup ./configure
+ mv ./configure.backup ./configure
+ /usr/bin/sed --in-place=.backup 's#^lt_cv_sys_global_symbol_to_cdecl=.*#lt_cv_sys_global_symbol_to_cdecl="sed -n -e '\''s/^T .* \\(.*\\)$/extern int \\1();/p'\'' -e '\''s/^$symcode* .* \\(.*\\)$/extern char \\1;/p'\''"#' ./configure
+ diff -u ./configure.backup ./configure
+ mv ./configure.backup ./configure
+ '[' 1 = 1 ']'
+++ dirname ./configure
++ find . -name config.guess -o -name config.sub
+ for i in $(find $(dirname ./configure) -name config.guess -o -name config.sub)
++ basename ./build-aux/config.guess
+ '[' -f /usr/lib/rpm/redhat/config.guess ']'
+ /usr/bin/rm -f ./build-aux/config.guess
++ basename ./build-aux/config.guess
+ /usr/bin/cp -fv /usr/lib/rpm/redhat/config.guess ./build-aux/config.guess
'/usr/lib/rpm/redhat/config.guess' -> './build-aux/config.guess'
+ for i in $(find $(dirname ./configure) -name config.guess -o -name config.sub)
++ basename ./build-aux/config.sub
+ '[' -f /usr/lib/rpm/redhat/config.sub ']'
+ /usr/bin/rm -f ./build-aux/config.sub
++ basename ./build-aux/config.sub
+ /usr/bin/cp -fv /usr/lib/rpm/redhat/config.sub ./build-aux/config.sub
'/usr/lib/rpm/redhat/config.sub' -> './build-aux/config.sub'
+ '[' 1 = 1 ']'
+ '[' x '!=' 'x-Wl,-z,now ' ']'
++ find . -name ltmain.sh
+ ./configure --build=x86_64-redhat-linux-gnu --host=x86_64-redhat-linux-gnu --program-prefix= --disable-dependency-tracking --prefix=/usr --exec-prefix=/usr --bindir=/usr/bin --sbindir=/usr/sbin --sysconfdir=/etc --datadir=/usr/share --includedir=/usr/include --libdir=/usr/lib64 --libexecdir=/usr/libexec --localstatedir=/var --sharedstatedir=/var/lib --mandir=/usr/share/man --infodir=/usr/share/info
checking for a BSD-compatible install... /usr/bin/install -c
checking whether build environment is sane... yes
checking for a thread-safe mkdir -p... /usr/bin/mkdir -p
checking for gawk... gawk
checking whether make sets $(MAKE)... yes
checking whether make supports nested variables... yes
checking whether make supports nested variables... (cached) yes
checking for gawk... (cached) gawk
checking for x86_64-redhat-linux-gnu-gcc... dioscc
checking whether the C compiler works... yes
checking for C compiler default output file name... a.out
checking for suffix of executables... 
checking whether we are cross compiling... no
checking for suffix of object files... o
checking whether we are using the GNU C compiler... yes
checking whether dioscc accepts -g... yes
checking for dioscc option to accept ISO C89... none needed
checking whether dioscc understands -c and -o together... yes
checking whether the compiler is clang... yes
checking for compiler option needed when checking for declarations... -Werror=implicit-function-declaration
checking whether make supports the include directive... yes (GNU style)
checking dependency style of dioscc... none
checking for x86_64-redhat-linux-gnu-ranlib... no
checking for ranlib... ranlib
checking how to run the C preprocessor... dioscc -E
checking for grep that handles long lines and -e... /usr/bin/grep
checking for egrep... /usr/bin/grep -E
checking for ANSI C header files... yes
checking for sys/types.h... yes
checking for sys/stat.h... yes
checking for stdlib.h... yes
checking for string.h... yes
checking for memory.h... no
checking for strings.h... yes
checking for inttypes.h... yes
checking for stdint.h... yes
checking for unistd.h... yes
checking for wchar.h... yes
checking for minix/config.h... no
checking for sys/socket.h... yes
checking for unistd.h... (cached) yes
checking for fnmatch.h... yes
checking for sys/stat.h... (cached) yes
checking for getopt.h... yes
checking for sys/cdefs.h... yes
checking for sys/time.h... yes
checking for threads.h... yes
checking for iconv.h... no
checking for limits.h... yes
checking for inttypes.h... (cached) yes
checking for sys/types.h... (cached) yes
checking for stdint.h... (cached) yes
checking for crtdefs.h... no
checking for wctype.h... yes
checking for langinfo.h... no
checking for xlocale.h... no
checking for sys/mman.h... yes
checking for sys/param.h... yes
checking for malloc.h... no
checking for strings.h... (cached) yes
checking for sys/random.h... no
checking for sys/wait.h... yes
checking for features.h... no
checking for arpa/inet.h... yes
checking for netdb.h... yes
checking for netinet/in.h... yes
checking for sys/select.h... yes
checking for pthread.h... yes
checking for sys/ioctl.h... yes
checking for sys/uio.h... yes
checking whether it is safe to define __EXTENSIONS__... yes
checking whether _XOPEN_SOURCE should be defined... no
checking build system type... x86_64-redhat-linux-gnu
checking host system type... x86_64-redhat-linux-gnu
checking for Minix Amsterdam compiler... no
checking for x86_64-redhat-linux-gnu-ar... no
checking for ar... ar
checking for special C compiler options needed for large files... no
checking for _FILE_OFFSET_BITS value needed for large files... no
checking for dioscc option to accept ISO C99... none needed
checking for size_t... yes
checking for working alloca.h... no
checking for alloca... yes
checking whether <wchar.h> uses 'inline' correctly... yes
checking for btowc... yes
checking for readlinkat... yes
checking for _set_invalid_parameter_handler... no
checking for fcntl... yes
checking for symlink... yes
checking for mempcpy... yes
checking for fnmatch... no
checking for mbsrtowcs... yes
checking for getdtablesize... no
checking for getprogname... no
checking for getexecname... no
checking for getrandom... no
checking for gettimeofday... yes
checking for isblank... yes
checking for iswcntrl... yes
checking for iswblank... yes
checking for lstat... yes
checking for mbsinit... yes
checking for mbrtowc... yes
checking for mbslen... no
checking for mprotect... no
checking for mkstemp... yes
checking for nl_langinfo... no
checking for readlink... yes
checking for iswctype... yes
checking for setenv... yes
checking for sigaltstack... no
checking for setrlimit... yes
checking for getrlimit... yes
checking for strerror_r... yes
checking for __xpg_strerror_r... yes
checking for strptime... no
checking for strtoimax... yes
checking for localtime_r... yes
checking for timegm... yes
checking for vasnprintf... no
checking for snprintf... yes
checking for wcrtomb... yes
checking for wcwidth... no
checking for wmempcpy... no
checking for ftruncate... yes
checking for duplocale... no
checking for newlocale... yes
checking for pipe... yes
checking for pthread_sigmask... yes
checking for sigaction... yes
checking for siginterrupt... no
checking for sleep... yes
checking for catgets... yes
checking for shutdown... no
checking for wctob... yes
checking for sigprocmask... yes
checking for strcasecoll... no
checking for stricoll... no
checking for nl_langinfo and CODESET... no
checking for a traditional french locale... none
checking whether malloc is ptrdiff_t safe... yes
checking whether malloc, realloc, calloc set errno on failure... yes
checking for C/C++ restrict keyword... __restrict__
checking whether the preprocessor supports include_next... yes
checking whether source code line length is unlimited... yes
checking if environ is properly declared... yes
checking for complete errno.h... yes
checking whether strerror_r is declared... yes
checking for strerror_r... (cached) yes
checking whether strerror_r returns char *... yes
checking for working fcntl.h... yes
checking for pid_t... yes
checking for mode_t... yes
checking for mbstate_t... yes
checking whether stat file-mode macros are broken... no
checking for nlink_t... yes
checking whether getdtablesize is declared... no
checking for getopt.h... (cached) yes
checking for getopt_long_only... yes
checking whether getopt is POSIX compatible... yes
checking for working GNU getopt function... yes
checking for working GNU getopt_long function... yes
checking for struct timeval... yes
checking for wide-enough struct timeval.tv_sec member... yes
checking for pthread.h... (cached) yes
checking for pthread_kill in -lpthread... no
checking whether POSIX threads API is available... yes
checking whether setlocale (LC_ALL, NULL) is multithread-safe... yes
checking whether setlocale (category, NULL) is multithread-safe... yes
checking host CPU and C ABI... x86_64
checking for ld used by dioscc... /usr/bin/ld
checking if the linker (/usr/bin/ld) is GNU ld... yes
checking for shared library run path origin... done
checking 32-bit host C ABI... no
checking for ELF binary format... yes
checking for the common suffixes of directories in the library search path... lib,lib,lib64
checking for iconv... no, consider installing GNU libiconv
checking for inline... inline
checking for off_t... yes
checking whether limits.h has WORD_BIT, BOOL_WIDTH etc.... no
checking for wint_t... yes
checking whether wint_t is large enough... yes
checking whether the compiler produces multi-arch binaries... no
checking whether stdint.h conforms to C99... no
checking sys/inttypes.h usability... no
checking sys/inttypes.h presence... no
checking for sys/inttypes.h... no
checking sys/bitypes.h usability... yes
checking sys/bitypes.h presence... yes
checking for sys/bitypes.h... yes
checking for bit size of ptrdiff_t... 64
checking for bit size of size_t... 64
checking for bit size of sig_atomic_t... 32
checking for bit size of wchar_t... 32
checking for bit size of wint_t... 32
checking whether sig_atomic_t is signed... yes
checking whether wchar_t is signed... yes
checking whether wint_t is signed... yes
checking for ptrdiff_t integer literal suffix... l
checking for size_t integer literal suffix... ul
checking for sig_atomic_t integer literal suffix... 
checking for wchar_t integer literal suffix... 
checking for wint_t integer literal suffix... 
checking whether INT32_MAX < INTMAX_MAX... yes
checking whether INT64_MAX == LONG_MAX... yes
checking whether UINT32_MAX < UINTMAX_MAX... yes
checking whether UINT64_MAX == ULONG_MAX... yes
checking whether iswcntrl works... yes
checking for towlower... yes
checking for wctype_t... yes
checking for wctrans_t... yes
checking for a traditional japanese locale... none
checking for a french Unicode locale... none
checking for a transitional chinese locale... none
checking for wchar_t... yes
checking for good max_align_t... no
checking whether NULL can be used in arbitrary expressions... no
checking whether locale.h defines locale_t... yes
checking whether locale.h conforms to POSIX:2001... yes
checking whether struct lconv is properly defined... yes
checking whether imported symbols can be declared weak... no
checking for multithread API to use... posix
checking whether lstat correctly handles trailing slash... yes
checking for a sed that does not truncate output... /usr/bin/sed
checking whether malloc (0) returns nonnull... yes
checking for mmap... yes
checking for MAP_ANONYMOUS... yes
checking whether memchr works... yes
checking whether <limits.h> defines MIN and MAX... no
checking whether <sys/param.h> defines MIN and MAX... no
checking whether time_t is signed... yes
checking whether alarm is declared... yes
checking for working mktime... yes
checking whether struct tm is in sys/time.h or time.h... time.h
checking for struct tm.tm_zone... yes
checking for struct tm.tm_gmtoff... yes
checking for O_CLOEXEC... yes
checking for promoted mode_t type... mode_t
checking for sigset_t... yes
checking whether setenv is declared... no
checking search.h usability... no
checking search.h presence... yes
configure: WARNING: search.h: present but cannot be compiled
configure: WARNING: search.h:     check for missing prerequisite headers?
configure: WARNING: search.h: see the Autoconf documentation
configure: WARNING: search.h:     section "Present But Cannot Be Compiled"
configure: WARNING: search.h: proceeding with the compiler's result
configure: WARNING:     ## ------------------------------------ ##
configure: WARNING:     ## Report this to bug-diffutils@gnu.org ##
configure: WARNING:     ## ------------------------------------ ##
checking for search.h... no
checking for tsearch... no
checking for uid_t in sys/types.h... yes
checking for volatile sig_atomic_t... yes
checking for sighandler_t... no
checking for stdbool.h that conforms to C99... yes
checking for _Bool... yes
checking whether fcloseall is declared... no
checking which flavor of printf attribute matches inttypes macros... system
checking whether ecvt is declared... no
checking whether fcvt is declared... no
checking whether gcvt is declared... no
checking whether strerror(0) succeeds... yes
checking for strerror_r with POSIX signature... no
checking whether __xpg_strerror_r works... yes
checking whether strnlen is declared... yes
checking whether strtoimax is declared... yes
checking for struct timespec in <time.h>... yes
checking for TIME_UTC in <time.h>... yes
checking whether execvpe is declared... no
checking whether clearerr_unlocked is declared... yes
checking whether feof_unlocked is declared... yes
checking whether ferror_unlocked is declared... yes
checking whether fflush_unlocked is declared... yes
checking whether fgets_unlocked is declared... yes
checking whether fputc_unlocked is declared... yes
checking whether fputs_unlocked is declared... yes
checking whether fread_unlocked is declared... yes
checking whether fwrite_unlocked is declared... yes
checking whether getc_unlocked is declared... yes
checking whether getchar_unlocked is declared... yes
checking whether putc_unlocked is declared... yes
checking whether putchar_unlocked is declared... yes
checking whether unsetenv is declared... no
checking for inttypes.h... yes
checking for stdint.h... yes
checking for intmax_t... yes
checking where to find the exponent in a 'double'... word 1 bit 20
checking whether snprintf returns a byte count as in C99... yes
checking whether snprintf truncates the result as in C99... yes
checking for snprintf... (cached) yes
checking for strnlen... yes
checking for wcslen... yes
checking for wcsnlen... no
checking for mbrtowc... (cached) yes
checking for wcrtomb... (cached) yes
checking whether _snprintf is declared... no
checking whether wcsdup is declared... no
checking for C compiler option to allow warnings... -Wno-error
checking for C++ compiler option to allow warnings... -Wno-error
checking whether <sys/socket.h> is self-contained... yes
checking for shutdown... (cached) no
checking for struct sockaddr_storage... yes
checking for sa_family_t... yes
checking for struct sockaddr_storage.ss_family... yes
checking whether getcwd (NULL, 0) allocates memory for result... yes
checking for getcwd with POSIX signature... yes
checking for IPv4 sockets... yes
checking for IPv6 sockets... no
checking whether <sys/select.h> is self-contained... yes
checking for library containing setsockopt... none needed
checking whether select supports a 0 argument... yes
checking whether select detects invalid fds... yes
checking whether strerror_r is declared... (cached) yes
checking for pthread_t... yes
checking for pthread_spinlock_t... yes
checking for PTHREAD_CREATE_DETACHED... yes
checking for PTHREAD_MUTEX_RECURSIVE... yes
checking for PTHREAD_MUTEX_ROBUST... no
checking for PTHREAD_PROCESS_SHARED... yes
checking for sched.h... yes
checking for struct sched_param... yes
checking whether snprintf is declared... yes
checking whether <sys/ioctl.h> declares ioctl... yes
checking whether btowc(0) is correct... yes
checking whether btowc(EOF) is correct... guessing yes
checking for __builtin_expect... yes
checking whether calloc (0, n) and calloc (n, 0) return nonnull... yes
checking for library containing clock_gettime... none required
checking for clock_gettime... yes
checking for clock_settime... yes
checking whether // is distinct from /... no
checking whether dup2 works... yes
checking for error_at_line... no
checking whether fcntl handles F_DUPFD correctly... yes
checking whether fcntl understands F_DUPFD_CLOEXEC... yes
checking for flexible array member... yes
checking whether conversion from 'int' to 'long double' works... yes
checking whether fopen recognizes a trailing slash... yes
checking whether fopen supports the mode character 'x'... yes
checking whether fopen supports the mode character 'e'... yes
checking whether free is known to preserve errno... no
checking whether freopen works on closed fds... yes
checking for getpagesize... yes
checking whether getpagesize is declared... yes
checking whether program_invocation_name is declared... no
checking whether program_invocation_short_name is declared... no
checking whether __argv is declared... no
checking whether __progname is defined in default libraries... yes
checking for gettimeofday with POSIX signature... almost
checking whether the compiler generally respects inline... no
checking whether iswblank is declared... yes
checking whether iswdigit is ISO C compliant... guessing yes
checking whether iswxdigit is ISO C compliant... guessing yes
checking whether the compiler supports the __inline keyword... yes
checking for pthread_rwlock_t... yes
checking whether pthread_rwlock_rdlock prefers a writer to a reader... no
checking whether malloc (0) returns nonnull... (cached) yes
checking whether mbrtowc handles incomplete characters... guessing yes
checking whether mbrtowc works as well as mbtowc... guessing yes
checking whether mbrtowc handles a NULL pwc argument... guessing yes
checking whether mbrtowc handles a NULL string argument... guessing yes
checking whether mbrtowc has a correct return value... guessing yes
checking whether mbrtowc returns 0 when parsing a NUL character... guessing yes
checking whether mbrtowc stores incomplete characters... guessing no
checking whether mbrtowc works on empty input... yes
checking whether the C locale is free of encoding errors... no
checking whether mbrtowc handles incomplete characters... (cached) guessing yes
checking whether mbrtowc works as well as mbtowc... (cached) guessing yes
checking whether mbrtowc handles incomplete characters... (cached) guessing yes
checking whether mbrtowc works as well as mbtowc... (cached) guessing yes
checking whether mbsrtowcs works... guessing yes
checking for mbtowc... yes
checking for mempcpy... (cached) yes
checking whether mkdir handles trailing slash... yes
checking whether mkdir handles trailing dot... yes
checking for working mkstemp... yes
checking for __mktime_internal... no
checking whether open recognizes a trailing slash... yes
checking whether program_invocation_name is declared... (cached) no
checking whether program_invocation_short_name is declared... (cached) no
checking for raise... yes
checking for sigprocmask... (cached) yes
checking for rawmemchr... yes
checking whether readlink signature is correct... yes
checking whether readlink handles trailing slash correctly... yes
checking whether readlink truncates results correctly... yes
checking whether realloc (0, 0) returns nonnull... yes
checking for reallocarray... yes
checking for working re_compile_pattern... no
checking libintl.h usability... no
checking libintl.h presence... yes
configure: WARNING: libintl.h: present but cannot be compiled
configure: WARNING: libintl.h:     check for missing prerequisite headers?
configure: WARNING: libintl.h: see the Autoconf documentation
configure: WARNING: libintl.h:     section "Present But Cannot Be Compiled"
configure: WARNING: libintl.h: proceeding with the compiler's result
configure: WARNING:     ## ------------------------------------ ##
configure: WARNING:     ## Report this to bug-diffutils@gnu.org ##
configure: WARNING:     ## ------------------------------------ ##
checking for libintl.h... no
checking whether isblank is declared... yes
checking whether setenv validates arguments... yes
checking whether setlocale (LC_ALL, NULL) is multithread-safe... (cached) yes
checking whether setlocale (category, NULL) is multithread-safe... (cached) yes
checking for stack direction... grows down
checking for working sigaltstack... no
checking for stdint.h... (cached) yes
checking for SIZE_MAX... yes
checking for ssize_t... yes
checking whether stat handles trailing slashes on files... yes
checking for struct stat.st_atim.tv_nsec... yes
checking whether struct stat.st_atim is of type struct timespec... yes
checking for struct stat.st_birthtimespec.tv_nsec... no
checking for struct stat.st_birthtimensec... no
checking for struct stat.st_birthtim.tv_nsec... no
checking for working stdalign.h... yes
checking for va_copy... yes
checking for strcasecmp... yes
checking for strncasecmp... yes
checking whether strncasecmp is declared... yes
checking for working strerror function... yes
checking for working strnlen... yes
checking whether strtoimax works... yes
checking for strtoll... yes
checking whether strtoll works... yes
checking whether localtime_r is declared... no
checking whether localtime_r is compatible with its POSIX signature... no
checking whether localtime works even near extrema... yes
checking for timezone_t... no
checking for unsetenv... yes
checking for unsetenv() return type... int
checking whether unsetenv obeys POSIX... yes
checking for ptrdiff_t... yes
checking for vasprintf... yes
checking whether mbrtowc handles incomplete characters... (cached) guessing yes
checking whether mbrtowc works as well as mbtowc... (cached) guessing yes
checking whether wcrtomb works in the C locale... yes
checking whether wcrtomb return value is correct... guessing yes
checking whether wcwidth is declared... no
checking whether wcwidth is a macro... no
checking for wmemchr... yes
checking for stdint.h... (cached) yes
checking for atoll... yes
checking for a traditional french locale... (cached) none
checking for a french Unicode locale... (cached) none
checking for a traditional french locale... (cached) none
checking for a turkish Unicode locale... none
checking whether fdopen sets errno... yes
checking for library containing inet_pton... none required
checking whether inet_pton is declared... yes
checking whether byte ordering is bigendian... no
checking for ioctl... yes
checking for ioctl with POSIX signature... no
checking for a traditional french locale... (cached) none
checking for a french Unicode locale... (cached) none
checking for a traditional japanese locale... (cached) none
checking for a transitional chinese locale... (cached) none
checking for a traditional french locale... (cached) none
checking for a french Unicode locale... (cached) none
checking for a traditional japanese locale... (cached) none
checking for a transitional chinese locale... (cached) none
checking for a traditional french locale... (cached) none
checking for a french Unicode locale... (cached) none
checking for a traditional japanese locale... (cached) none
checking for a transitional chinese locale... (cached) none
checking for a turkish Unicode locale... (cached) none
checking for a french Unicode locale... (cached) none
checking for a traditional french locale... (cached) none
checking for a french Unicode locale... (cached) none
checking for a traditional japanese locale... (cached) none
checking for a transitional chinese locale... (cached) none
checking for a french Unicode locale... (cached) none
checking for a transitional chinese locale... (cached) none
checking for library containing nanosleep... none required
checking for working nanosleep... no (mishandles large arguments)
checking whether <netinet/in.h> is self-contained... yes
checking for a traditional french locale... (cached) none
checking for a french Unicode locale... (cached) none
checking whether perror matches strerror... yes
checking whether pthread_create exists as a global function... yes
checking whether pthread_sigmask is a macro... no
checking whether pthread_sigmask works without -lpthread... yes
checking whether pthread_sigmask returns error numbers... yes
checking whether pthread_sigmask unblocks signals correctly... no
checking for putenv compatible with GNU and SVID... yes
checking whether select supports a 0 argument... (cached) yes
checking whether select detects invalid fds... (cached) yes
checking for struct sigaction.sa_sigaction... yes
checking for sigprocmask... (cached) yes
checking whether sleep is declared... yes
checking for working sleep... yes
checking for snprintf... (cached) yes
checking whether snprintf respects a size of 1... yes
checking whether printf supports POSIX/XSI format strings with positions... yes
checking for socklen_t... yes
checking whether symlink handles trailing slash correctly... yes
checking for pthread_atfork... yes
checking for a traditional french locale... (cached) none
checking for a french Unicode locale... (cached) none
checking for a traditional japanese locale... (cached) none
checking for a transitional chinese locale... (cached) none
checking whether wctob works... guessing yes
checking whether wctob is declared... yes
checking for inline... (cached) inline
checking for pr... /usr/bin/pr
checking for struct stat.st_blksize... yes
checking for struct stat.st_rdev... yes
checking for dirent.h that defines DIR... yes
checking for library containing opendir... none required
checking for sys/wait.h that is POSIX.1 compatible... (cached) yes
checking for pid_t... (cached) yes
checking whether closedir returns void... no
checking vfork.h usability... no
checking vfork.h presence... no
checking for vfork.h... no
checking for fork... yes
checking for vfork... no
checking for working fork... yes
checking whether NLS is requested... yes
checking for msgfmt... no
checking for gmsgfmt... :
checking for xgettext... no
checking for msgmerge... no
checking for CFPreferencesCopyAppValue... no
checking for CFLocaleCopyCurrent... no
checking for GNU gettext in libc... no
checking for iconv... (cached) no, consider installing GNU libiconv
checking for GNU gettext in libintl... no
checking whether to use NLS... no
checking that generated files are newer than configure... done
configure: creating ./config.status
config.status: creating Makefile
config.status: creating doc/Makefile
config.status: creating lib/Makefile
config.status: creating src/Makefile
config.status: creating tests/Makefile
config.status: creating gnulib-tests/Makefile
config.status: creating man/Makefile
config.status: creating po/Makefile.in
config.status: creating lib/config.h
config.status: executing depfiles commands
config.status: executing po-directories commands
config.status: creating po/POTFILES
config.status: creating po/Makefile
+ make PR_PROGRAM=/usr/bin/pr
Making all in lib
make.orig[1]: Entering directory '/builddir/build/BUILD/diffutils-3.8/lib'
  GEN      alloca.h
  GEN      ctype.h
  GEN      malloc/dynarray.gl.h
  GEN      malloc/dynarray-skeleton.gl.h
  GEN      fcntl.h
  GEN      fnmatch.h
  GEN      inttypes.h
  GEN      langinfo.h
  GEN      limits.h
  GEN      locale.h
  GEN      signal.h
  GEN      sigsegv.h
  GEN      stddef.h
  GEN      stdint.h
  GEN      stdio.h
  GEN      stdlib.h
  GEN      string.h
  GEN      strings.h
  GEN      sys/random.h
  GEN      sys/stat.h
  GEN      sys/time.h
  GEN      sys/types.h
  GEN      sys/wait.h
  GEN      time.h
  GEN      unistd.h
  GEN      unistr.h
  GEN      unitypes.h
  GEN      uniwidth.h
  GEN      wchar.h
  GEN      wctype.h
/usr/bin/make.orig  all-am
make.orig[2]: Entering directory '/builddir/build/BUILD/diffutils-3.8/lib'
  CC       allocator.o
  CC       areadlink.o
  CC       argmatch.o
  CC       basename-lgpl.o
  CC       binary-io.o
  CC       bitrotate.o
  CC       c-ctype.o
  CC       c-stack.o
  CC       c-strcasecmp.o
  CC       c-strncasecmp.o
  CC       careadlinkat.o
  CC       cloexec.o
  CC       dirname.o
  CC       basename.o
  CC       dirname-lgpl.o
  CC       stripslash.o
  CC       malloc/dynarray_at_failure.o
  CC       malloc/dynarray_emplace_enlarge.o
  CC       malloc/dynarray_finalize.o
  CC       malloc/dynarray_resize.o
  CC       malloc/dynarray_resize_clear.o
  CC       exclude.o
  CC       exitfail.o
  CC       fd-hook.o
  CC       file-type.o
  CC       filenamecat.o
  CC       filenamecat-lgpl.o
  CC       getprogname.o
  CC       gettime.o
  CC       hard-locale.o
  CC       hash.o
  CC       ialloc.o
In file included from /builddir/build/BUILD/diffutils-3.8/lib/ialloc.c:21: <--[dioscc]
/builddir/build/BUILD/diffutils-3.8/lib/ialloc.h:86:13: warning: implicit declaration of function 'reallocarray' is invalid in C99 <--[dioscc]
          ? reallocarray (p, n, s)
            ^
/builddir/build/BUILD/diffutils-3.8/lib/ialloc.h:86:11: warning: pointer/integer type mismatch in conditional expression ('int' and 'void *') <--[dioscc]
          ? reallocarray (p, n, s)
          ^ ~~~~~~~~~~~~~~~~~~~~~~
2 warnings generated.
  CC       imaxtostr.o
  CC       inttostr.o
  CC       offtostr.o
  CC       uinttostr.o
  CC       umaxtostr.o
  CC       localcharset.o
  CC       glthread/lock.o
  CC       malloca.o
  CC       mbchar.o
  CC       mbiter.o
  CC       mbscasecmp.o
  CC       mbslen.o
  CC       mbsstr.o
  CC       mbuiter.o
  CC       nstrftime.o
  CC       progname.o
  CC       propername.o
  CC       quotearg.o
  CC       setlocale_null.o
  CC       sh-quote.o
  CC       sigsegv.o
  CC       stackvma.o
  CC       stat-time.o
  CC       stdopen.o
  CC       striconv.o
  CC       strnlen1.o
  CC       system-quote.o
  CC       tempname.o
  CC       glthread/threadlib.o
  CC       timespec.o
  CC       trim.o
  CC       unistd.o
  CC       unistr/u8-mbtoucr.o
  CC       unistr/u8-uctomb.o
  CC       unistr/u8-uctomb-aux.o
  CC       uniwidth/width.o
  CC       version-etc.o
  CC       version-etc-fsf.o
  CC       wctype-h.o
  CC       xmalloc.o
In file included from /builddir/build/BUILD/diffutils-3.8/lib/xmalloc.c:24: <--[dioscc]
/builddir/build/BUILD/diffutils-3.8/lib/ialloc.h:86:13: warning: implicit declaration of function 'reallocarray' is invalid in C99 <--[dioscc]
          ? reallocarray (p, n, s)
            ^
/builddir/build/BUILD/diffutils-3.8/lib/ialloc.h:86:11: warning: pointer/integer type mismatch in conditional expression ('int' and 'void *') <--[dioscc]
          ? reallocarray (p, n, s)
          ^ ~~~~~~~~~~~~~~~~~~~~~~
/builddir/build/BUILD/diffutils-3.8/lib/xmalloc.c:77:13: warning: implicit declaration of function 'reallocarray' is invalid in C99 <--[dioscc]
  void *r = reallocarray (p, n, s);
            ^
/builddir/build/BUILD/diffutils-3.8/lib/xmalloc.c:77:9: warning: incompatible integer to pointer conversion initializing 'void *' with an expression of type 'int' <--[dioscc]
  void *r = reallocarray (p, n, s);
        ^   ~~~~~~~~~~~~~~~~~~~~~~
4 warnings generated.
  CC       xalloc-die.o
  CC       xfreopen.o
  CC       xmalloca.o
  CC       xreadlink.o
  CC       xsize.o
  CC       xstdopen.o
  CC       xstriconv.o
  CC       xstrtoimax.o
  CC       xstrtol.o
  CC       xstrtoul.o
  CC       xvasprintf.o
  CC       xasprintf.o
  CC       cmpbuf.o
  CC       prepargs.o
  CC       asnprintf.o
  CC       error.o
  CC       fnmatch.o
  CC       free.o
  CC       getdtablesize.o
  CC       getrandom.o
  CC       mbrtowc.o
  CC       mktime.o
  CC       nl_langinfo.o
  CC       printf-args.o
  CC       printf-parse.o
  CC       regex.o
  CC       strptime.o
  CC       time_r.o
  CC       time_rz.o
/builddir/build/BUILD/diffutils-3.8/lib/time_rz.c:289:12: warning: implicit declaration of function 'timegm' is invalid in C99 <--[dioscc]
    return timegm (tm);
           ^
1 warning generated.
  CC       vasnprintf.o
  CC       wcwidth.o
  CC       wmempcpy.o
  AR       libdiffutils.a
make.orig[2]: Leaving directory '/builddir/build/BUILD/diffutils-3.8/lib'
make.orig[1]: Leaving directory '/builddir/build/BUILD/diffutils-3.8/lib'
Making all in src
make.orig[1]: Entering directory '/builddir/build/BUILD/diffutils-3.8/src'
  GEN      paths.h
  GEN      version.c
  GEN      version.h
/usr/bin/make.orig  all-am
make.orig[2]: Entering directory '/builddir/build/BUILD/diffutils-3.8/src'
  CC       cmp.o
  CC       version.o
  AR       libver.a
  CCLD     cmp
  CC       analyze.o
  CC       context.o
  CC       diff.o
/builddir/build/BUILD/diffutils-3.8/src/diff.c:1082:13: warning: taking address of packed member '' of class or structure 'stat' may result in an unaligned pointer value <--[dioscc]
  gettime (&STAT_TIMESPEC (st, st_mtim));
            ^~~~~~~~~~~~~~~~~~~~~~~~~~~
/builddir/build/BUILD/diffutils-3.8/lib/stat-time.h:52:39: note: expanded from macro 'STAT_TIMESPEC' <--[dioscc]
#  define STAT_TIMESPEC(st, st_xtim) ((st)->st_xtim)
                                      ^~~~~~~~~~~~~
1 warning generated.
  CC       dir.o
  CC       ed.o
  CC       ifdef.o
  CC       io.o
  CC       normal.o
  CC       side.o
  CC       util.o
/builddir/build/BUILD/diffutils-3.8/src/util.c:881:13: warning: implicit declaration of function 'execv' is invalid in C99 <--[dioscc]
            execv (pr_program, (char **) argv);
            ^
1 warning generated.
  CCLD     diff
Symbol undefined (function): execv
make.orig[2]: *** [Makefile:1712: diff] Error 1
  CC       diff3.o
/builddir/build/BUILD/diffutils-3.8/src/diff3.c:1258:7: warning: implicit declaration of function 'execvp' is invalid in C99 <--[dioscc]
      execvp (diff_program, (char **) argv);
      ^
1 warning generated.
  CCLD     diff3
  CC       sdiff.o
/builddir/build/BUILD/diffutils-3.8/src/sdiff.c:582:7: warning: implicit declaration of function 'execvp' is invalid in C99 <--[dioscc]
      execvp (diffargv[0], (char **) diffargv);
      ^
/builddir/build/BUILD/diffutils-3.8/src/sdiff.c:648:13: warning: implicit declaration of function 'execvp' is invalid in C99 <--[dioscc]
            execvp (diffargv[0], (char **) diffargv);
            ^
/builddir/build/BUILD/diffutils-3.8/src/sdiff.c:757:17: warning: taking address of packed member '' of class or structure 'sigaction' may result in an unaligned pointer value <--[dioscc]
  sigemptyset (&catchaction.sa_mask);
                ^~~~~~~~~~~~~~~~~~~
/builddir/build/BUILD/diffutils-3.8/src/sdiff.c:759:17: warning: taking address of packed member '' of class or structure 'sigaction' may result in an unaligned pointer value <--[dioscc]
    sigaddset (&catchaction.sa_mask, sigs[i]);
                ^~~~~~~~~~~~~~~~~~~
/builddir/build/BUILD/diffutils-3.8/src/sdiff.c:1037:21: warning: implicit declaration of function 'execvp' is invalid in C99 <--[dioscc]
                    execvp (editor_program, (char **) argv);
                    ^
5 warnings generated.
  CCLD     sdiff
Symbol undefined (function): getchar_unlocked
make.orig[2]: *** [Makefile:1720: sdiff] Error 1
make.orig[2]: Leaving directory '/builddir/build/BUILD/diffutils-3.8/src'
make.orig[2]: Target 'all-am' not remade because of errors.
make.orig[1]: *** [Makefile:1622: all] Error 2
make.orig[1]: Leaving directory '/builddir/build/BUILD/diffutils-3.8/src'
Making all in tests
make.orig[1]: Entering directory '/builddir/build/BUILD/diffutils-3.8/tests'
make.orig[1]: Nothing to be done for 'all'.
make.orig[1]: Leaving directory '/builddir/build/BUILD/diffutils-3.8/tests'
Making all in doc
make.orig[1]: Entering directory '/builddir/build/BUILD/diffutils-3.8/doc'
make.orig[1]: Leaving directory '/builddir/build/BUILD/diffutils-3.8/doc'
Making all in man
make.orig[1]: Entering directory '/builddir/build/BUILD/diffutils-3.8/man'
  GEN      cmp.1
  GEN      diff.1
make.orig[1]: Leaving directory '/builddir/build/BUILD/diffutils-3.8/man'
Making all in po
make.orig[1]: Entering directory '/builddir/build/BUILD/diffutils-3.8/po'
make.orig[1]: Nothing to be done for 'all'.
make.orig[1]: Leaving directory '/builddir/build/BUILD/diffutils-3.8/po'
Making all in gnulib-tests
make.orig[1]: Entering directory '/builddir/build/BUILD/diffutils-3.8/gnulib-tests'
  GEN      arpa/inet.h
  GEN      pthread.h
  GEN      sched.h
  GEN      sys/ioctl.h
  GEN      sys/select.h
  GEN      sys/socket.h
  GEN      sys/uio.h
## ---------------------------------------------------- ##
## ------------------- Gnulib tests ------------------- ##
## You can ignore compiler warnings in this directory.  ##
## ---------------------------------------------------- ##
/usr/bin/make.orig  all-recursive
make.orig[2]: Entering directory '/builddir/build/BUILD/diffutils-3.8/gnulib-tests'
Making all in .
make.orig[3]: Entering directory '/builddir/build/BUILD/diffutils-3.8/gnulib-tests'
  CC       locale.o
  CC       dtotimespec.o
  CC       hash-pjw.o
  CC       sig-handler.o
  CC       sockets.o
  CC       sys_socket.o
  CC       glthread/thread.o
  CC       timespec-add.o
  CC       timespec-sub.o
  CC       xstrtol-error.o
  CC       ioctl.o
  CC       nanosleep.o
  CC       pthread_sigmask.o
/builddir/build/BUILD/diffutils-3.8/gnulib-tests/pthread_sigmask.c:52:9: warning: implicit declaration of function 'pthread_sigmask' is invalid in C99 <--[dioscc]
  ret = pthread_sigmask (how, new_mask, old_mask_ptr);
        ^
1 warning generated.
  CC       strerror_r.o
/builddir/build/BUILD/diffutils-3.8/gnulib-tests/strerror_r.c:205:9: warning: incompatible pointer to integer conversion assigning to 'int' from 'char *' <--[dioscc]
    ret = strerror_r (errnum, buf, buflen);
        ^ ~~~~~~~~~~~~~~~~~~~~~~~~~~~~~~~~
/builddir/build/BUILD/diffutils-3.8/gnulib-tests/strerror_r.c:242:60: warning: comparison between pointer and integer ('char *' and 'int') <--[dioscc]
        if (strerror_r (errnum, stackbuf, sizeof stackbuf) == ERANGE)
            ~~~~~~~~~~~~~~~~~~~~~~~~~~~~~~~~~~~~~~~~~~~~~~ ^  ~~~~~~
2 warnings generated.
  AR       libtests.a
  CCLD     current-locale
  CC       test-localcharset.o
  CCLD     test-localcharset
make.orig[3]: Leaving directory '/builddir/build/BUILD/diffutils-3.8/gnulib-tests'
make.orig[2]: Leaving directory '/builddir/build/BUILD/diffutils-3.8/gnulib-tests'
make.orig[1]: Leaving directory '/builddir/build/BUILD/diffutils-3.8/gnulib-tests'
make.orig[1]: Entering directory '/builddir/build/BUILD/diffutils-3.8'
make.orig[1]: Nothing to be done for 'all-am'.
make.orig[1]: Leaving directory '/builddir/build/BUILD/diffutils-3.8'
make.orig: *** [Makefile:1648: all-recursive] Error 1
make.orig: Target 'all' not remade because of errors.


RPM build errors:
error: Bad exit status from /var/tmp/rpm-tmp.1H4Are (%build)
    Bad exit status from /var/tmp/rpm-tmp.1H4Are (%build)
Finish: chroot ['/bin/su mockbuild -l -c "PATH=/usr/lib64/cswrap:\\$PATH CSWRAP_CAP_FILE=\\$\'/builddir/cswrap-capture.err\' CSWRAP_TIMEOUT=\\$\'30\' CSWRAP_TIMEOUT_FOR=\\$\':\' CC=\\$\'dioscc\' CXX=\\$\'diosc++\' CSEXEC_WRAP_CMD=\\$\'--skip-ld-linux\\\\acsexec-divine\\\\a-l\\\\a/builddir/divine-capture\\\\a-d\\\\acheck --lart stubs -o ignore:exit --max-time 8 \' CSWRAP_ADD_CFLAGS=\\$\'-Wno-unknown-pragmas:-Wno-unknown-warning-option:-O0:-g:-Wl,--dynamic-linker,/usr/bin/csexec-loader:-Wno-unknown-pragmas:-Wl,--dynamic-linker,/usr/bin/csexec-loader\' CSWRAP_DEL_CFLAGS=\\$\'-Werror*:-fdiagnostics-color*:-no-canonical-prefixes:-Wno-error=deprecated-register:-O1:-O2:-O3:-Os:-Ofast:-Og:-Werror*:-fdiagnostics-color*:-no-canonical-prefixes:-Wno-error=deprecated-register\' CSWRAP_ADD_CXXFLAGS=\\$\'-Wno-unknown-warning-option:-O0:-g:-Wl,--dynamic-linker,/usr/bin/csexec-loader:-Wl,--dynamic-linker,/usr/bin/csexec-loader\' CSWRAP_DEL_CXXFLAGS=\\$\'-Werror*:-fdiagnostics-color*:-no-canonical-prefixes:-Wno-error=deprecated-register:-O1:-O2:-O3:-Os:-Ofast:-Og:-Werror*:-fdiagnostics-color*:-no-canonical-prefixes:-Wno-error=deprecated-register\' sh -c \\"rpmbuild -bc --nodeps --short-circuit /builddir/build/SPECS/diffutils.spec \'--define\' \'apidocs 0\' \'--define\' \'with_publican 0\' \'--without\' \'docs\' \'--without\' \'langpacks\' \'--define\' \'__cc dioscc\' \'--define\' \'__cxx diosc++\' \'--define\' \'__cpp dioscc -E\' \'--define\' \'toolchain clang\' \'--define\' \'optflags -O0\' \'--define\' \'build_ldflags -O0\'\\""']

!!! 2021-12-02 00:37:25	error: %build failed

>>> 2021-12-02 00:37:25	"/usr/bin/mock-unbuffered" "-r" "fedora-35-x86_64" "--plugin-option=tmpfs:keep_mounted=True" "--config-opts=print_main_output=True" "--chroot" "/bin/su mockbuild -l -c \"PATH=/usr/lib64/cswrap:\\\$PATH CSWRAP_CAP_FILE=\\\$'/builddir/cswrap-capture.err' CSWRAP_TIMEOUT=\\\$'30' CSWRAP_TIMEOUT_FOR=\\\$':' CC=\\\$'dioscc' CXX=\\\$'diosc++' CSEXEC_WRAP_CMD=\\\$'--skip-ld-linux\\\\acsexec-divine\\\\a-l\\\\a/builddir/divine-capture\\\\a-d\\\\acheck --lart stubs -o ignore:exit --max-time 8 ' CSWRAP_ADD_CFLAGS=\\\$'-Wno-unknown-pragmas:-Wno-unknown-warning-option:-O0:-g:-Wl,--dynamic-linker,/usr/bin/csexec-loader:-Wno-unknown-pragmas:-Wl,--dynamic-linker,/usr/bin/csexec-loader' CSWRAP_DEL_CFLAGS=\\\$'-Werror*:-fdiagnostics-color*:-no-canonical-prefixes:-Wno-error=deprecated-register:-O1:-O2:-O3:-Os:-Ofast:-Og:-Werror*:-fdiagnostics-color*:-no-canonical-prefixes:-Wno-error=deprecated-register' CSWRAP_ADD_CXXFLAGS=\\\$'-Wno-unknown-warning-option:-O0:-g:-Wl,--dynamic-linker,/usr/bin/csexec-loader:-Wl,--dynamic-linker,/usr/bin/csexec-loader' CSWRAP_DEL_CXXFLAGS=\\\$'-Werror*:-fdiagnostics-color*:-no-canonical-prefixes:-Wno-error=deprecated-register:-O1:-O2:-O3:-Os:-Ofast:-Og:-Werror*:-fdiagnostics-color*:-no-canonical-prefixes:-Wno-error=deprecated-register' sh -c \\\"rpmbuild -bi --nodeps --short-circuit /builddir/build/SPECS/diffutils.spec '--define' 'apidocs 0' '--define' 'with_publican 0' '--without' 'docs' '--without' 'langpacks' '--define' '__cc dioscc' '--define' '__cxx diosc++' '--define' '__cpp dioscc -E' '--define' 'toolchain clang' '--define' 'optflags -O0' '--define' 'build_ldflags -O0'\\\"\""
INFO: mock.py version 2.13 starting (python version = 3.6.8, NVR = mock-2.13-1.kdudka.1.el7)...
Start(bootstrap): init plugins
INFO: selinux enabled
Finish(bootstrap): init plugins
Start: init plugins
INFO: selinux enabled
Finish: init plugins
INFO: Signal handler active
Start: run
Start(bootstrap): chroot init
INFO: calling preinit hooks
INFO: enabled root cache
INFO: enabled package manager cache
Start(bootstrap): cleaning package manager metadata
Finish(bootstrap): cleaning package manager metadata
INFO: enabled HW Info plugin
Mock Version: 2.13
INFO: Mock Version: 2.13
Finish(bootstrap): chroot init
Start: chroot init
INFO: calling preinit hooks
INFO: enabled root cache
INFO: enabled package manager cache
Start: cleaning package manager metadata
Finish: cleaning package manager metadata
INFO: enabled HW Info plugin
Mock Version: 2.13
INFO: Mock Version: 2.13
Finish: chroot init
INFO: Running in chroot: ['/bin/su mockbuild -l -c "PATH=/usr/lib64/cswrap:\\$PATH CSWRAP_CAP_FILE=\\$\'/builddir/cswrap-capture.err\' CSWRAP_TIMEOUT=\\$\'30\' CSWRAP_TIMEOUT_FOR=\\$\':\' CC=\\$\'dioscc\' CXX=\\$\'diosc++\' CSEXEC_WRAP_CMD=\\$\'--skip-ld-linux\\\\acsexec-divine\\\\a-l\\\\a/builddir/divine-capture\\\\a-d\\\\acheck --lart stubs -o ignore:exit --max-time 8 \' CSWRAP_ADD_CFLAGS=\\$\'-Wno-unknown-pragmas:-Wno-unknown-warning-option:-O0:-g:-Wl,--dynamic-linker,/usr/bin/csexec-loader:-Wno-unknown-pragmas:-Wl,--dynamic-linker,/usr/bin/csexec-loader\' CSWRAP_DEL_CFLAGS=\\$\'-Werror*:-fdiagnostics-color*:-no-canonical-prefixes:-Wno-error=deprecated-register:-O1:-O2:-O3:-Os:-Ofast:-Og:-Werror*:-fdiagnostics-color*:-no-canonical-prefixes:-Wno-error=deprecated-register\' CSWRAP_ADD_CXXFLAGS=\\$\'-Wno-unknown-warning-option:-O0:-g:-Wl,--dynamic-linker,/usr/bin/csexec-loader:-Wl,--dynamic-linker,/usr/bin/csexec-loader\' CSWRAP_DEL_CXXFLAGS=\\$\'-Werror*:-fdiagnostics-color*:-no-canonical-prefixes:-Wno-error=deprecated-register:-O1:-O2:-O3:-Os:-Ofast:-Og:-Werror*:-fdiagnostics-color*:-no-canonical-prefixes:-Wno-error=deprecated-register\' sh -c \\"rpmbuild -bi --nodeps --short-circuit /builddir/build/SPECS/diffutils.spec \'--define\' \'apidocs 0\' \'--define\' \'with_publican 0\' \'--without\' \'docs\' \'--without\' \'langpacks\' \'--define\' \'__cc dioscc\' \'--define\' \'__cxx diosc++\' \'--define\' \'__cpp dioscc -E\' \'--define\' \'toolchain clang\' \'--define\' \'optflags -O0\' \'--define\' \'build_ldflags -O0\'\\""']
Start: chroot ['/bin/su mockbuild -l -c "PATH=/usr/lib64/cswrap:\\$PATH CSWRAP_CAP_FILE=\\$\'/builddir/cswrap-capture.err\' CSWRAP_TIMEOUT=\\$\'30\' CSWRAP_TIMEOUT_FOR=\\$\':\' CC=\\$\'dioscc\' CXX=\\$\'diosc++\' CSEXEC_WRAP_CMD=\\$\'--skip-ld-linux\\\\acsexec-divine\\\\a-l\\\\a/builddir/divine-capture\\\\a-d\\\\acheck --lart stubs -o ignore:exit --max-time 8 \' CSWRAP_ADD_CFLAGS=\\$\'-Wno-unknown-pragmas:-Wno-unknown-warning-option:-O0:-g:-Wl,--dynamic-linker,/usr/bin/csexec-loader:-Wno-unknown-pragmas:-Wl,--dynamic-linker,/usr/bin/csexec-loader\' CSWRAP_DEL_CFLAGS=\\$\'-Werror*:-fdiagnostics-color*:-no-canonical-prefixes:-Wno-error=deprecated-register:-O1:-O2:-O3:-Os:-Ofast:-Og:-Werror*:-fdiagnostics-color*:-no-canonical-prefixes:-Wno-error=deprecated-register\' CSWRAP_ADD_CXXFLAGS=\\$\'-Wno-unknown-warning-option:-O0:-g:-Wl,--dynamic-linker,/usr/bin/csexec-loader:-Wl,--dynamic-linker,/usr/bin/csexec-loader\' CSWRAP_DEL_CXXFLAGS=\\$\'-Werror*:-fdiagnostics-color*:-no-canonical-prefixes:-Wno-error=deprecated-register:-O1:-O2:-O3:-Os:-Ofast:-Og:-Werror*:-fdiagnostics-color*:-no-canonical-prefixes:-Wno-error=deprecated-register\' sh -c \\"rpmbuild -bi --nodeps --short-circuit /builddir/build/SPECS/diffutils.spec \'--define\' \'apidocs 0\' \'--define\' \'with_publican 0\' \'--without\' \'docs\' \'--without\' \'langpacks\' \'--define\' \'__cc dioscc\' \'--define\' \'__cxx diosc++\' \'--define\' \'__cpp dioscc -E\' \'--define\' \'toolchain clang\' \'--define\' \'optflags -O0\' \'--define\' \'build_ldflags -O0\'\\""']
setting SOURCE_DATE_EPOCH=1627862400
Executing(%install): /bin/sh -e /var/tmp/rpm-tmp.5SLJer
+ umask 022
+ cd /builddir/build/BUILD
+ '[' /builddir/build/BUILDROOT/diffutils-3.8-1.fc35.x86_64 '!=' / ']'
+ rm -rf /builddir/build/BUILDROOT/diffutils-3.8-1.fc35.x86_64
++ dirname /builddir/build/BUILDROOT/diffutils-3.8-1.fc35.x86_64
+ mkdir -p /builddir/build/BUILDROOT
+ mkdir /builddir/build/BUILDROOT/diffutils-3.8-1.fc35.x86_64
+ cd diffutils-3.8
+ /usr/bin/make install DESTDIR=/builddir/build/BUILDROOT/diffutils-3.8-1.fc35.x86_64 'INSTALL=/usr/bin/install -p'
Making install in lib
make.orig[1]: Entering directory '/builddir/build/BUILD/diffutils-3.8/lib'
/usr/bin/make.orig  install-am
make.orig[2]: Entering directory '/builddir/build/BUILD/diffutils-3.8/lib'
make.orig[3]: Entering directory '/builddir/build/BUILD/diffutils-3.8/lib'
make.orig[3]: Nothing to be done for 'install-exec-am'.
make.orig[3]: Nothing to be done for 'install-data-am'.
make.orig[3]: Leaving directory '/builddir/build/BUILD/diffutils-3.8/lib'
make.orig[2]: Leaving directory '/builddir/build/BUILD/diffutils-3.8/lib'
make.orig[1]: Leaving directory '/builddir/build/BUILD/diffutils-3.8/lib'
Making install in src
make.orig[1]: Entering directory '/builddir/build/BUILD/diffutils-3.8/src'
/usr/bin/make.orig  install-am
make.orig[2]: Entering directory '/builddir/build/BUILD/diffutils-3.8/src'
make.orig[3]: Entering directory '/builddir/build/BUILD/diffutils-3.8/src'
 /usr/bin/mkdir -p '/builddir/build/BUILDROOT/diffutils-3.8-1.fc35.x86_64/usr/bin'
  /usr/bin/install -p cmp diff diff3 sdiff '/builddir/build/BUILDROOT/diffutils-3.8-1.fc35.x86_64/usr/bin'
make.orig[3]: Nothing to be done for 'install-data-am'.
make.orig[3]: Leaving directory '/builddir/build/BUILD/diffutils-3.8/src'
make.orig[2]: Leaving directory '/builddir/build/BUILD/diffutils-3.8/src'
make.orig[1]: Leaving directory '/builddir/build/BUILD/diffutils-3.8/src'
Making install in tests
make.orig[1]: Entering directory '/builddir/build/BUILD/diffutils-3.8/tests'
make.orig[2]: Entering directory '/builddir/build/BUILD/diffutils-3.8/tests'
make.orig[2]: Nothing to be done for 'install-exec-am'.
make.orig[2]: Nothing to be done for 'install-data-am'.
make.orig[2]: Leaving directory '/builddir/build/BUILD/diffutils-3.8/tests'
make.orig[1]: Leaving directory '/builddir/build/BUILD/diffutils-3.8/tests'
Making install in doc
make.orig[1]: Entering directory '/builddir/build/BUILD/diffutils-3.8/doc'
make.orig[2]: Entering directory '/builddir/build/BUILD/diffutils-3.8/doc'
make.orig[2]: Nothing to be done for 'install-exec-am'.
 /usr/bin/mkdir -p '/builddir/build/BUILDROOT/diffutils-3.8-1.fc35.x86_64/usr/share/info'
 /usr/bin/install -p -m 644 ./diffutils.info '/builddir/build/BUILDROOT/diffutils-3.8-1.fc35.x86_64/usr/share/info'
 install-info --info-dir='/builddir/build/BUILDROOT/diffutils-3.8-1.fc35.x86_64/usr/share/info' '/builddir/build/BUILDROOT/diffutils-3.8-1.fc35.x86_64/usr/share/info/diffutils.info'
make.orig[2]: Leaving directory '/builddir/build/BUILD/diffutils-3.8/doc'
make.orig[1]: Leaving directory '/builddir/build/BUILD/diffutils-3.8/doc'
Making install in man
make.orig[1]: Entering directory '/builddir/build/BUILD/diffutils-3.8/man'
make.orig[2]: Entering directory '/builddir/build/BUILD/diffutils-3.8/man'
make.orig[2]: Nothing to be done for 'install-exec-am'.
 /usr/bin/mkdir -p '/builddir/build/BUILDROOT/diffutils-3.8-1.fc35.x86_64/usr/share/man/man1'
 /usr/bin/install -p -m 644 cmp.1 diff.1 diff3.1 sdiff.1 '/builddir/build/BUILDROOT/diffutils-3.8-1.fc35.x86_64/usr/share/man/man1'
make.orig[2]: Leaving directory '/builddir/build/BUILD/diffutils-3.8/man'
make.orig[1]: Leaving directory '/builddir/build/BUILD/diffutils-3.8/man'
Making install in po
make.orig[1]: Entering directory '/builddir/build/BUILD/diffutils-3.8/po'
if test "diffutils" = "gettext-tools"; then \
  /usr/bin/mkdir -p /builddir/build/BUILDROOT/diffutils-3.8-1.fc35.x86_64/usr/share/gettext/po; \
  for file in Makefile.in.in remove-potcdate.sin quot.sed boldquot.sed en@quot.header en@boldquot.header insert-header.sin Rules-quot   Makevars.template; do \
    /usr/bin/install -p -m 644 ./$file \
		    /builddir/build/BUILDROOT/diffutils-3.8-1.fc35.x86_64/usr/share/gettext/po/$file; \
  done; \
  for file in Makevars; do \
    rm -f /builddir/build/BUILDROOT/diffutils-3.8-1.fc35.x86_64/usr/share/gettext/po/$file; \
  done; \
else \
  : ; \
fi
make.orig[1]: Leaving directory '/builddir/build/BUILD/diffutils-3.8/po'
Making install in gnulib-tests
make.orig[1]: Entering directory '/builddir/build/BUILD/diffutils-3.8/gnulib-tests'
/usr/bin/make.orig  install-recursive
make.orig[2]: Entering directory '/builddir/build/BUILD/diffutils-3.8/gnulib-tests'
Making install in .
make.orig[3]: Entering directory '/builddir/build/BUILD/diffutils-3.8/gnulib-tests'
make.orig[4]: Entering directory '/builddir/build/BUILD/diffutils-3.8/gnulib-tests'
make.orig[4]: Nothing to be done for 'install-exec-am'.
make.orig[4]: Nothing to be done for 'install-data-am'.
make.orig[4]: Leaving directory '/builddir/build/BUILD/diffutils-3.8/gnulib-tests'
make.orig[3]: Leaving directory '/builddir/build/BUILD/diffutils-3.8/gnulib-tests'
make.orig[2]: Leaving directory '/builddir/build/BUILD/diffutils-3.8/gnulib-tests'
make.orig[1]: Leaving directory '/builddir/build/BUILD/diffutils-3.8/gnulib-tests'
make.orig[1]: Entering directory '/builddir/build/BUILD/diffutils-3.8'
make.orig[2]: Entering directory '/builddir/build/BUILD/diffutils-3.8'
make.orig[2]: Nothing to be done for 'install-exec-am'.
make.orig[2]: Nothing to be done for 'install-data-am'.
make.orig[2]: Leaving directory '/builddir/build/BUILD/diffutils-3.8'
make.orig[1]: Leaving directory '/builddir/build/BUILD/diffutils-3.8'
+ rm -f /builddir/build/BUILDROOT/diffutils-3.8-1.fc35.x86_64/usr/share/info/dir
+ /usr/lib/rpm/find-lang.sh /builddir/build/BUILDROOT/diffutils-3.8-1.fc35.x86_64 diffutils
No translations found for diffutils in /builddir/build/BUILDROOT/diffutils-3.8-1.fc35.x86_64
error: Bad exit status from /var/tmp/rpm-tmp.5SLJer (%install)


RPM build errors:
    Bad exit status from /var/tmp/rpm-tmp.5SLJer (%install)
Finish: chroot ['/bin/su mockbuild -l -c "PATH=/usr/lib64/cswrap:\\$PATH CSWRAP_CAP_FILE=\\$\'/builddir/cswrap-capture.err\' CSWRAP_TIMEOUT=\\$\'30\' CSWRAP_TIMEOUT_FOR=\\$\':\' CC=\\$\'dioscc\' CXX=\\$\'diosc++\' CSEXEC_WRAP_CMD=\\$\'--skip-ld-linux\\\\acsexec-divine\\\\a-l\\\\a/builddir/divine-capture\\\\a-d\\\\acheck --lart stubs -o ignore:exit --max-time 8 \' CSWRAP_ADD_CFLAGS=\\$\'-Wno-unknown-pragmas:-Wno-unknown-warning-option:-O0:-g:-Wl,--dynamic-linker,/usr/bin/csexec-loader:-Wno-unknown-pragmas:-Wl,--dynamic-linker,/usr/bin/csexec-loader\' CSWRAP_DEL_CFLAGS=\\$\'-Werror*:-fdiagnostics-color*:-no-canonical-prefixes:-Wno-error=deprecated-register:-O1:-O2:-O3:-Os:-Ofast:-Og:-Werror*:-fdiagnostics-color*:-no-canonical-prefixes:-Wno-error=deprecated-register\' CSWRAP_ADD_CXXFLAGS=\\$\'-Wno-unknown-warning-option:-O0:-g:-Wl,--dynamic-linker,/usr/bin/csexec-loader:-Wl,--dynamic-linker,/usr/bin/csexec-loader\' CSWRAP_DEL_CXXFLAGS=\\$\'-Werror*:-fdiagnostics-color*:-no-canonical-prefixes:-Wno-error=deprecated-register:-O1:-O2:-O3:-Os:-Ofast:-Og:-Werror*:-fdiagnostics-color*:-no-canonical-prefixes:-Wno-error=deprecated-register\' sh -c \\"rpmbuild -bi --nodeps --short-circuit /builddir/build/SPECS/diffutils.spec \'--define\' \'apidocs 0\' \'--define\' \'with_publican 0\' \'--without\' \'docs\' \'--without\' \'langpacks\' \'--define\' \'__cc dioscc\' \'--define\' \'__cxx diosc++\' \'--define\' \'__cpp dioscc -E\' \'--define\' \'toolchain clang\' \'--define\' \'optflags -O0\' \'--define\' \'build_ldflags -O0\'\\""']

!!! 2021-12-02 00:37:27	error: %install failed

>>> 2021-12-02 00:37:27	"'/usr/bin/mock-unbuffered' '-r' 'fedora-35-x86_64' '--plugin-option=tmpfs:keep_mounted=True' '--config-opts=print_main_output=True' '--quiet' '--shell' 'tar -c --remove-files '/builddir/cswrap-capture.err' '/builddir/divine-capture'' | tar -xC '/home/kdudka/aufover-benchmark/workdir-for-sync/rpm-pkgs/diffutils-3.8-1.fc35/divine/output/debug/raw-results'"
tar: Removing leading `/' from member names
tar: Removing leading `/' from hard link targets

>>> 2021-12-02 00:37:29	"csgrep --mode=json --remove-duplicates '/home/kdudka/aufover-benchmark/workdir-for-sync/rpm-pkgs/diffutils-3.8-1.fc35/divine/output/debug/raw-results/builddir/divine-capture'/pid-*.conv > '/home/kdudka/aufover-benchmark/workdir-for-sync/rpm-pkgs/diffutils-3.8-1.fc35/divine/output/debug/uni-results/divine-capture.js'"

scan.ini: time-finished = 2021-12-02 00:37:29
scan.ini: exit-code = 1
>>> 2021-12-02 00:37:29	"cslinker --quiet --cwelist '/usr/share/csmock/cwe-map.csv' --inifile '/home/kdudka/aufover-benchmark/workdir-for-sync/rpm-pkgs/diffutils-3.8-1.fc35/divine/output/scan.ini' '/home/kdudka/aufover-benchmark/workdir-for-sync/rpm-pkgs/diffutils-3.8-1.fc35/divine/output/debug/uni-results'/* > '/home/kdudka/aufover-benchmark/workdir-for-sync/rpm-pkgs/diffutils-3.8-1.fc35/divine/output/debug/scan-results-all.js'"

>>> 2021-12-02 00:37:29	"'/usr/bin/mock-unbuffered' '-r' 'fedora-35-x86_64' '--plugin-option=tmpfs:keep_mounted=True' '--config-opts=print_main_output=True' '--quiet' '--shell' 'csgrep --mode=json --embed-context 3' < '/home/kdudka/aufover-benchmark/workdir-for-sync/rpm-pkgs/diffutils-3.8-1.fc35/divine/output/debug/scan-results-all.js' > '/home/kdudka/aufover-benchmark/workdir-for-sync/rpm-pkgs/diffutils-3.8-1.fc35/divine/output/debug/scan-results-all.js.tmp'"

>>> 2021-12-02 00:37:30	"/usr/bin/mock-unbuffered" "-r" "fedora-35-x86_64" "--plugin-option=tmpfs:keep_mounted=True" "--config-opts=print_main_output=True" "--quiet" "--clean"

>>> 2021-12-02 00:37:33	"cat '/home/kdudka/aufover-benchmark/workdir-for-sync/rpm-pkgs/diffutils-3.8-1.fc35/divine/output/debug/scan-results-all.js' | sed 's|/builddir/build/BUILDROOT/[^/]*/|/builddir/build/BUILD//|' | csgrep --mode=json --path '^/builddir/build/BUILD/' --strip-path-prefix /builddir/build/BUILD/ | csgrep --mode=json --invert-match --path '^ksh-.*[0-9]+\\.c\$' | csgrep --mode=json --invert-match --path 'CMakeFiles/CMakeTmp|conftest.c' | csdiff --json-output --show-internal \"/usr/share/csmock/known-false-positives.js\" - | cssort --key=path > '/home/kdudka/aufover-benchmark/workdir-for-sync/rpm-pkgs/diffutils-3.8-1.fc35/divine/output/scan-results.js'"

>>> 2021-12-02 00:37:34	"sed 's|/builddir/build/BUILDROOT/[^/]*/|/builddir/build/BUILD//|' '/home/kdudka/aufover-benchmark/workdir-for-sync/rpm-pkgs/diffutils-3.8-1.fc35/divine/output/debug/scan-results-all.js' | csgrep --mode=json --strip-path-prefix /builddir/build/BUILD/ | csdiff --show-internal '/home/kdudka/aufover-benchmark/workdir-for-sync/rpm-pkgs/diffutils-3.8-1.fc35/divine/output/scan-results.js' - | cssort > '/home/kdudka/aufover-benchmark/workdir-for-sync/rpm-pkgs/diffutils-3.8-1.fc35/divine/output/debug/suppressed-results.js'"

>>> 2021-12-02 00:37:34	"\"bash\" \"-c\" \"csgrep '/home/kdudka/aufover-benchmark/workdir-for-sync/rpm-pkgs/diffutils-3.8-1.fc35/divine/output/debug/suppressed-results.js' --mode=json --checker '^(COMPILER_WARNING)\\\$' | csdiff <(csgrep '/home/kdudka/aufover-benchmark/workdir-for-sync/rpm-pkgs/diffutils-3.8-1.fc35/divine/output/debug/suppressed-results.js' --mode=json --drop-scan-props --invert-regex --checker '^()\\\$' --event '-W(address|bool-compare|builtin-declaration-mismatch|format-overflow|implicit-function-declaration|implicit-int|int-in-bool-context|logical-not-parentheses|logical-op|memset-transposed-args|misleading-indentation|pointer-compare|stack-protector|stringop-overflow|switch-unreachable|tautological-compare)=?\\\\]\\\$') - > '/home/kdudka/aufover-benchmark/workdir-for-sync/rpm-pkgs/diffutils-3.8-1.fc35/divine/output/debug/suppressed-results-imp.js'\""

>>> 2021-12-02 00:37:34	"csgrep --mode=grep --invert-match --event \"internal warning\" --prune-events=1 '/home/kdudka/aufover-benchmark/workdir-for-sync/rpm-pkgs/diffutils-3.8-1.fc35/divine/output/debug/suppressed-results-imp.js' > '/home/kdudka/aufover-benchmark/workdir-for-sync/rpm-pkgs/diffutils-3.8-1.fc35/divine/output/debug/suppressed-results-imp.err'"

>>> 2021-12-02 00:37:34	"csgrep --mode=json --invert-match --event \"internal warning\" --prune-events=1 '/home/kdudka/aufover-benchmark/workdir-for-sync/rpm-pkgs/diffutils-3.8-1.fc35/divine/output/debug/suppressed-results-imp.js' | cshtml - > '/home/kdudka/aufover-benchmark/workdir-for-sync/rpm-pkgs/diffutils-3.8-1.fc35/divine/output/debug/suppressed-results-imp.html'"

>>> 2021-12-02 00:37:34	"csgrep --mode=evtstat --invert-match --event \"internal warning\" --prune-events=1 '/home/kdudka/aufover-benchmark/workdir-for-sync/rpm-pkgs/diffutils-3.8-1.fc35/divine/output/debug/suppressed-results-imp.js' | tee '/home/kdudka/aufover-benchmark/workdir-for-sync/rpm-pkgs/diffutils-3.8-1.fc35/divine/output/debug/suppressed-results-imp-summary.txt'"

>>> 2021-12-02 00:37:34	"cslinker --implist '/home/kdudka/aufover-benchmark/workdir-for-sync/rpm-pkgs/diffutils-3.8-1.fc35/divine/output/debug/suppressed-results-imp.js' '/home/kdudka/aufover-benchmark/workdir-for-sync/rpm-pkgs/diffutils-3.8-1.fc35/divine/output/debug/suppressed-results.js' > '/home/kdudka/aufover-benchmark/workdir-for-sync/rpm-pkgs/diffutils-3.8-1.fc35/divine/output/debug/suppressed-results-tmp.js' && mv -v '/home/kdudka/aufover-benchmark/workdir-for-sync/rpm-pkgs/diffutils-3.8-1.fc35/divine/output/debug/suppressed-results-tmp.js' '/home/kdudka/aufover-benchmark/workdir-for-sync/rpm-pkgs/diffutils-3.8-1.fc35/divine/output/debug/suppressed-results.js'"
'/home/kdudka/aufover-benchmark/workdir-for-sync/rpm-pkgs/diffutils-3.8-1.fc35/divine/output/debug/suppressed-results-tmp.js' -> '/home/kdudka/aufover-benchmark/workdir-for-sync/rpm-pkgs/diffutils-3.8-1.fc35/divine/output/debug/suppressed-results.js'

>>> 2021-12-02 00:37:34	"csgrep --mode=grep --invert-match --event \"internal warning\" --prune-events=1 '/home/kdudka/aufover-benchmark/workdir-for-sync/rpm-pkgs/diffutils-3.8-1.fc35/divine/output/debug/suppressed-results.js' > '/home/kdudka/aufover-benchmark/workdir-for-sync/rpm-pkgs/diffutils-3.8-1.fc35/divine/output/debug/suppressed-results.err'"

>>> 2021-12-02 00:37:34	"csgrep --mode=json --invert-match --event \"internal warning\" --prune-events=1 '/home/kdudka/aufover-benchmark/workdir-for-sync/rpm-pkgs/diffutils-3.8-1.fc35/divine/output/debug/suppressed-results.js' | cshtml - > '/home/kdudka/aufover-benchmark/workdir-for-sync/rpm-pkgs/diffutils-3.8-1.fc35/divine/output/debug/suppressed-results.html'"

>>> 2021-12-02 00:37:34	"csgrep --mode=evtstat --invert-match --event \"internal warning\" --prune-events=1 '/home/kdudka/aufover-benchmark/workdir-for-sync/rpm-pkgs/diffutils-3.8-1.fc35/divine/output/debug/suppressed-results.js' | tee '/home/kdudka/aufover-benchmark/workdir-for-sync/rpm-pkgs/diffutils-3.8-1.fc35/divine/output/debug/suppressed-results-summary.txt'"
      1	DIVINE_WARNING                                  	internal error

>>> 2021-12-02 00:37:34	"\"bash\" \"-c\" \"csgrep '/home/kdudka/aufover-benchmark/workdir-for-sync/rpm-pkgs/diffutils-3.8-1.fc35/divine/output/scan-results.js' --mode=json --checker '^(COMPILER_WARNING)\\\$' | csdiff <(csgrep '/home/kdudka/aufover-benchmark/workdir-for-sync/rpm-pkgs/diffutils-3.8-1.fc35/divine/output/scan-results.js' --mode=json --drop-scan-props --invert-regex --checker '^()\\\$' --event '-W(address|bool-compare|builtin-declaration-mismatch|format-overflow|implicit-function-declaration|implicit-int|int-in-bool-context|logical-not-parentheses|logical-op|memset-transposed-args|misleading-indentation|pointer-compare|stack-protector|stringop-overflow|switch-unreachable|tautological-compare)=?\\\\]\\\$') - > '/home/kdudka/aufover-benchmark/workdir-for-sync/rpm-pkgs/diffutils-3.8-1.fc35/divine/output/scan-results-imp.js'\""

>>> 2021-12-02 00:37:34	"csgrep --mode=grep --invert-match --event \"internal warning\" --prune-events=1 '/home/kdudka/aufover-benchmark/workdir-for-sync/rpm-pkgs/diffutils-3.8-1.fc35/divine/output/scan-results-imp.js' > '/home/kdudka/aufover-benchmark/workdir-for-sync/rpm-pkgs/diffutils-3.8-1.fc35/divine/output/scan-results-imp.err'"

>>> 2021-12-02 00:37:34	"csgrep --mode=json --invert-match --event \"internal warning\" --prune-events=1 '/home/kdudka/aufover-benchmark/workdir-for-sync/rpm-pkgs/diffutils-3.8-1.fc35/divine/output/scan-results-imp.js' | cshtml - > '/home/kdudka/aufover-benchmark/workdir-for-sync/rpm-pkgs/diffutils-3.8-1.fc35/divine/output/scan-results-imp.html'"

>>> 2021-12-02 00:37:34	"csgrep --mode=evtstat --invert-match --event \"internal warning\" --prune-events=1 '/home/kdudka/aufover-benchmark/workdir-for-sync/rpm-pkgs/diffutils-3.8-1.fc35/divine/output/scan-results-imp.js' | tee '/home/kdudka/aufover-benchmark/workdir-for-sync/rpm-pkgs/diffutils-3.8-1.fc35/divine/output/scan-results-imp-summary.txt'"

>>> 2021-12-02 00:37:34	"cslinker --implist '/home/kdudka/aufover-benchmark/workdir-for-sync/rpm-pkgs/diffutils-3.8-1.fc35/divine/output/scan-results-imp.js' '/home/kdudka/aufover-benchmark/workdir-for-sync/rpm-pkgs/diffutils-3.8-1.fc35/divine/output/scan-results.js' > '/home/kdudka/aufover-benchmark/workdir-for-sync/rpm-pkgs/diffutils-3.8-1.fc35/divine/output/scan-results-tmp.js' && mv -v '/home/kdudka/aufover-benchmark/workdir-for-sync/rpm-pkgs/diffutils-3.8-1.fc35/divine/output/scan-results-tmp.js' '/home/kdudka/aufover-benchmark/workdir-for-sync/rpm-pkgs/diffutils-3.8-1.fc35/divine/output/scan-results.js'"
'/home/kdudka/aufover-benchmark/workdir-for-sync/rpm-pkgs/diffutils-3.8-1.fc35/divine/output/scan-results-tmp.js' -> '/home/kdudka/aufover-benchmark/workdir-for-sync/rpm-pkgs/diffutils-3.8-1.fc35/divine/output/scan-results.js'

>>> 2021-12-02 00:37:34	"csgrep --mode=grep --invert-match --event \"internal warning\" --prune-events=1 '/home/kdudka/aufover-benchmark/workdir-for-sync/rpm-pkgs/diffutils-3.8-1.fc35/divine/output/scan-results.js' > '/home/kdudka/aufover-benchmark/workdir-for-sync/rpm-pkgs/diffutils-3.8-1.fc35/divine/output/scan-results.err'"

>>> 2021-12-02 00:37:34	"csgrep --mode=json --invert-match --event \"internal warning\" --prune-events=1 '/home/kdudka/aufover-benchmark/workdir-for-sync/rpm-pkgs/diffutils-3.8-1.fc35/divine/output/scan-results.js' | cshtml - > '/home/kdudka/aufover-benchmark/workdir-for-sync/rpm-pkgs/diffutils-3.8-1.fc35/divine/output/scan-results.html'"

>>> 2021-12-02 00:37:34	"csgrep --mode=evtstat --invert-match --event \"internal warning\" --prune-events=1 '/home/kdudka/aufover-benchmark/workdir-for-sync/rpm-pkgs/diffutils-3.8-1.fc35/divine/output/scan-results.js' | tee '/home/kdudka/aufover-benchmark/workdir-for-sync/rpm-pkgs/diffutils-3.8-1.fc35/divine/output/scan-results-summary.txt'"
     16	COMPILER_WARNING                                	warning

<<< 2021-12-02 00:37:34	csmock exit code: 1

